<?xml version="1.0" encoding="ISO-8859-1" ?>
<link_info>
   <banner>TI ARM Linker PC v20.2.6.LTS</banner>
   <copyright>Copyright (c) 1996-2018 Texas Instruments Incorporated</copyright>
   <link_time>0x62b090cc</link_time>
   <link_errors>0x0</link_errors>
   <output_file>Proyecto01.out</output_file>
   <entry_point>
      <name>_c_int00_noargs</name>
      <address>0x38d1</address>
   </entry_point>
   <input_file_list>
      <input_file id="fl-2">
         <path>.\</path>
         <kind>object</kind>
         <file>i2c_lcd.obj</file>
         <name>i2c_lcd.obj</name>
      </input_file>
      <input_file id="fl-3">
         <path>.\</path>
         <kind>object</kind>
         <file>main.obj</file>
         <name>main.obj</name>
      </input_file>
      <input_file id="fl-4">
         <path>.\</path>
         <kind>object</kind>
         <file>system_msp432p401r.obj</file>
         <name>system_msp432p401r.obj</name>
      </input_file>
      <input_file id="fl-5">
         <path>.\ccs\</path>
         <kind>object</kind>
         <file>startup_msp432p401r_ccs.obj</file>
         <name>startup_msp432p401r_ccs.obj</name>
      </input_file>
      <input_file id="fl-f">
         <kind>object</kind>
         <file>&lt;internal&gt;</file>
         <name>&lt;internal&gt;</name>
      </input_file>
      <input_file id="fl-10">
         <path>C:\ti\simplelink_msp432p4_sdk_3_40_01_02\source\ti\devices\msp432p4xx\driverlib\ccs\</path>
         <kind>archive</kind>
         <file>msp432p4xx_driverlib.lib</file>
         <name>adc14.o</name>
      </input_file>
      <input_file id="fl-11">
         <path>C:\ti\simplelink_msp432p4_sdk_3_40_01_02\source\ti\devices\msp432p4xx\driverlib\ccs\</path>
         <kind>archive</kind>
         <file>msp432p4xx_driverlib.lib</file>
         <name>cs.o</name>
      </input_file>
      <input_file id="fl-12">
         <path>C:\ti\simplelink_msp432p4_sdk_3_40_01_02\source\ti\devices\msp432p4xx\driverlib\ccs\</path>
         <kind>archive</kind>
         <file>msp432p4xx_driverlib.lib</file>
         <name>fpu.o</name>
      </input_file>
      <input_file id="fl-13">
         <path>C:\ti\simplelink_msp432p4_sdk_3_40_01_02\source\ti\devices\msp432p4xx\driverlib\ccs\</path>
         <kind>archive</kind>
         <file>msp432p4xx_driverlib.lib</file>
         <name>gpio.o</name>
      </input_file>
      <input_file id="fl-14">
         <path>C:\ti\simplelink_msp432p4_sdk_3_40_01_02\source\ti\devices\msp432p4xx\driverlib\ccs\</path>
         <kind>archive</kind>
         <file>msp432p4xx_driverlib.lib</file>
         <name>i2c.o</name>
      </input_file>
      <input_file id="fl-15">
         <path>C:\ti\simplelink_msp432p4_sdk_3_40_01_02\source\ti\devices\msp432p4xx\driverlib\ccs\</path>
         <kind>archive</kind>
         <file>msp432p4xx_driverlib.lib</file>
         <name>interrupt.o</name>
      </input_file>
      <input_file id="fl-16">
         <path>C:\ti\simplelink_msp432p4_sdk_3_40_01_02\source\ti\devices\msp432p4xx\driverlib\ccs\</path>
         <kind>archive</kind>
         <file>msp432p4xx_driverlib.lib</file>
         <name>pcm.o</name>
      </input_file>
      <input_file id="fl-17">
         <path>C:\ti\simplelink_msp432p4_sdk_3_40_01_02\source\ti\devices\msp432p4xx\driverlib\ccs\</path>
         <kind>archive</kind>
         <file>msp432p4xx_driverlib.lib</file>
         <name>rtc_c.o</name>
      </input_file>
      <input_file id="fl-18">
         <path>C:\ti\simplelink_msp432p4_sdk_3_40_01_02\source\ti\devices\msp432p4xx\driverlib\ccs\</path>
         <kind>archive</kind>
         <file>msp432p4xx_driverlib.lib</file>
         <name>sysctl_a.o</name>
      </input_file>
      <input_file id="fl-19">
         <path>C:\ti\simplelink_msp432p4_sdk_3_40_01_02\source\ti\devices\msp432p4xx\driverlib\ccs\</path>
         <kind>archive</kind>
         <file>msp432p4xx_driverlib.lib</file>
         <name>timer32.o</name>
      </input_file>
      <input_file id="fl-1a">
         <path>C:\ti\simplelink_msp432p4_sdk_3_40_01_02\source\ti\devices\msp432p4xx\driverlib\ccs\</path>
         <kind>archive</kind>
         <file>msp432p4xx_driverlib.lib</file>
         <name>timer_a.o</name>
      </input_file>
      <input_file id="fl-1b">
         <path>C:\ti\simplelink_msp432p4_sdk_3_40_01_02\source\ti\devices\msp432p4xx\driverlib\ccs\</path>
         <kind>archive</kind>
         <file>msp432p4xx_driverlib.lib</file>
         <name>uart.o</name>
      </input_file>
      <input_file id="fl-1c">
         <path>C:\ti\simplelink_msp432p4_sdk_3_40_01_02\source\ti\devices\msp432p4xx\driverlib\ccs\</path>
         <kind>archive</kind>
         <file>msp432p4xx_driverlib.lib</file>
         <name>wdt_a.o</name>
      </input_file>
      <input_file id="fl-1d">
         <path>C:\ti\simplelink_msp432p4_sdk_3_40_01_02\source\ti\devices\msp432p4xx\driverlib\ccs\</path>
         <kind>archive</kind>
         <file>msp432p4xx_driverlib.lib</file>
         <name>cpu.o</name>
      </input_file>
      <input_file id="fl-d3">
         <path>D:\ProgramFiles\ti\ccs1110\ccs\tools\compiler\ti-cgt-arm_20.2.6.LTS\lib\</path>
         <kind>archive</kind>
         <file>rtsv7M4_T_le_v4SPD16_eabi.lib</file>
         <name>sprintf.c.obj</name>
      </input_file>
      <input_file id="fl-d4">
         <path>D:\ProgramFiles\ti\ccs1110\ccs\tools\compiler\ti-cgt-arm_20.2.6.LTS\lib\</path>
         <kind>archive</kind>
         <file>rtsv7M4_T_le_v4SPD16_eabi.lib</file>
         <name>fd_add_t2.asm.obj</name>
      </input_file>
      <input_file id="fl-d5">
         <path>D:\ProgramFiles\ti\ccs1110\ccs\tools\compiler\ti-cgt-arm_20.2.6.LTS\lib\</path>
         <kind>archive</kind>
         <file>rtsv7M4_T_le_v4SPD16_eabi.lib</file>
         <name>fd_div_t2.asm.obj</name>
      </input_file>
      <input_file id="fl-d6">
         <path>D:\ProgramFiles\ti\ccs1110\ccs\tools\compiler\ti-cgt-arm_20.2.6.LTS\lib\</path>
         <kind>archive</kind>
         <file>rtsv7M4_T_le_v4SPD16_eabi.lib</file>
         <name>fd_mul_t2.asm.obj</name>
      </input_file>
      <input_file id="fl-d7">
         <path>D:\ProgramFiles\ti\ccs1110\ccs\tools\compiler\ti-cgt-arm_20.2.6.LTS\lib\</path>
         <kind>archive</kind>
         <file>rtsv7M4_T_le_v4SPD16_eabi.lib</file>
         <name>fd_tos_t2.asm.obj</name>
      </input_file>
      <input_file id="fl-d8">
         <path>D:\ProgramFiles\ti\ccs1110\ccs\tools\compiler\ti-cgt-arm_20.2.6.LTS\lib\</path>
         <kind>archive</kind>
         <file>rtsv7M4_T_le_v4SPD16_eabi.lib</file>
         <name>fs_tod_t2.asm.obj</name>
      </input_file>
      <input_file id="fl-d9">
         <path>D:\ProgramFiles\ti\ccs1110\ccs\tools\compiler\ti-cgt-arm_20.2.6.LTS\lib\</path>
         <kind>archive</kind>
         <file>rtsv7M4_T_le_v4SPD16_eabi.lib</file>
         <name>memcpy_t2.asm.obj</name>
      </input_file>
      <input_file id="fl-da">
         <path>D:\ProgramFiles\ti\ccs1110\ccs\tools\compiler\ti-cgt-arm_20.2.6.LTS\lib\</path>
         <kind>archive</kind>
         <file>rtsv7M4_T_le_v4SPD16_eabi.lib</file>
         <name>u_tofd_t2.asm.obj</name>
      </input_file>
      <input_file id="fl-db">
         <path>D:\ProgramFiles\ti\ccs1110\ccs\tools\compiler\ti-cgt-arm_20.2.6.LTS\lib\</path>
         <kind>archive</kind>
         <file>rtsv7M4_T_le_v4SPD16_eabi.lib</file>
         <name>copy_zero_init.c.obj</name>
      </input_file>
      <input_file id="fl-dc">
         <path>D:\ProgramFiles\ti\ccs1110\ccs\tools\compiler\ti-cgt-arm_20.2.6.LTS\lib\</path>
         <kind>archive</kind>
         <file>rtsv7M4_T_le_v4SPD16_eabi.lib</file>
         <name>copy_decompress_none.c.obj</name>
      </input_file>
      <input_file id="fl-dd">
         <path>D:\ProgramFiles\ti\ccs1110\ccs\tools\compiler\ti-cgt-arm_20.2.6.LTS\lib\</path>
         <kind>archive</kind>
         <file>rtsv7M4_T_le_v4SPD16_eabi.lib</file>
         <name>copy_decompress_lzss.c.obj</name>
      </input_file>
      <input_file id="fl-de">
         <path>D:\ProgramFiles\ti\ccs1110\ccs\tools\compiler\ti-cgt-arm_20.2.6.LTS\lib\</path>
         <kind>archive</kind>
         <file>rtsv7M4_T_le_v4SPD16_eabi.lib</file>
         <name>boot_cortex_m.c.obj</name>
      </input_file>
      <input_file id="fl-df">
         <path>D:\ProgramFiles\ti\ccs1110\ccs\tools\compiler\ti-cgt-arm_20.2.6.LTS\lib\</path>
         <kind>archive</kind>
         <file>rtsv7M4_T_le_v4SPD16_eabi.lib</file>
         <name>_printfi.c.obj</name>
      </input_file>
      <input_file id="fl-e0">
         <path>D:\ProgramFiles\ti\ccs1110\ccs\tools\compiler\ti-cgt-arm_20.2.6.LTS\lib\</path>
         <kind>archive</kind>
         <file>rtsv7M4_T_le_v4SPD16_eabi.lib</file>
         <name>fd_cmp_t2.asm.obj</name>
      </input_file>
      <input_file id="fl-e1">
         <path>D:\ProgramFiles\ti\ccs1110\ccs\tools\compiler\ti-cgt-arm_20.2.6.LTS\lib\</path>
         <kind>archive</kind>
         <file>rtsv7M4_T_le_v4SPD16_eabi.lib</file>
         <name>fd_toi_t2.asm.obj</name>
      </input_file>
      <input_file id="fl-e2">
         <path>D:\ProgramFiles\ti\ccs1110\ccs\tools\compiler\ti-cgt-arm_20.2.6.LTS\lib\</path>
         <kind>archive</kind>
         <file>rtsv7M4_T_le_v4SPD16_eabi.lib</file>
         <name>i_tofd_t2.asm.obj</name>
      </input_file>
      <input_file id="fl-e3">
         <path>D:\ProgramFiles\ti\ccs1110\ccs\tools\compiler\ti-cgt-arm_20.2.6.LTS\lib\</path>
         <kind>archive</kind>
         <file>rtsv7M4_T_le_v4SPD16_eabi.lib</file>
         <name>memset_t2.asm.obj</name>
      </input_file>
      <input_file id="fl-e4">
         <path>D:\ProgramFiles\ti\ccs1110\ccs\tools\compiler\ti-cgt-arm_20.2.6.LTS\lib\</path>
         <kind>archive</kind>
         <file>rtsv7M4_T_le_v4SPD16_eabi.lib</file>
         <name>ull_div_t2.asm.obj</name>
      </input_file>
      <input_file id="fl-e5">
         <path>D:\ProgramFiles\ti\ccs1110\ccs\tools\compiler\ti-cgt-arm_20.2.6.LTS\lib\</path>
         <kind>archive</kind>
         <file>rtsv7M4_T_le_v4SPD16_eabi.lib</file>
         <name>autoinit.c.obj</name>
      </input_file>
      <input_file id="fl-e6">
         <path>D:\ProgramFiles\ti\ccs1110\ccs\tools\compiler\ti-cgt-arm_20.2.6.LTS\lib\</path>
         <kind>archive</kind>
         <file>rtsv7M4_T_le_v4SPD16_eabi.lib</file>
         <name>pre_init.c.obj</name>
      </input_file>
      <input_file id="fl-e7">
         <path>D:\ProgramFiles\ti\ccs1110\ccs\tools\compiler\ti-cgt-arm_20.2.6.LTS\lib\</path>
         <kind>archive</kind>
         <file>rtsv7M4_T_le_v4SPD16_eabi.lib</file>
         <name>cpy_tbl.c.obj</name>
      </input_file>
      <input_file id="fl-e8">
         <path>D:\ProgramFiles\ti\ccs1110\ccs\tools\compiler\ti-cgt-arm_20.2.6.LTS\lib\</path>
         <kind>archive</kind>
         <file>rtsv7M4_T_le_v4SPD16_eabi.lib</file>
         <name>exit.c.obj</name>
      </input_file>
      <input_file id="fl-e9">
         <path>D:\ProgramFiles\ti\ccs1110\ccs\tools\compiler\ti-cgt-arm_20.2.6.LTS\lib\</path>
         <kind>archive</kind>
         <file>rtsv7M4_T_le_v4SPD16_eabi.lib</file>
         <name>_lock.c.obj</name>
      </input_file>
      <input_file id="fl-ea">
         <path>D:\ProgramFiles\ti\ccs1110\ccs\tools\compiler\ti-cgt-arm_20.2.6.LTS\lib\</path>
         <kind>archive</kind>
         <file>rtsv7M4_T_le_v4SPD16_eabi.lib</file>
         <name>_ltoa.c.obj</name>
      </input_file>
      <input_file id="fl-eb">
         <path>D:\ProgramFiles\ti\ccs1110\ccs\tools\compiler\ti-cgt-arm_20.2.6.LTS\lib\</path>
         <kind>archive</kind>
         <file>rtsv7M4_T_le_v4SPD16_eabi.lib</file>
         <name>args_main.c.obj</name>
      </input_file>
      <input_file id="fl-ec">
         <path>D:\ProgramFiles\ti\ccs1110\ccs\tools\compiler\ti-cgt-arm_20.2.6.LTS\lib\</path>
         <kind>archive</kind>
         <file>rtsv7M4_T_le_v4SPD16_eabi.lib</file>
         <name>atoi.c.obj</name>
      </input_file>
      <input_file id="fl-ed">
         <path>D:\ProgramFiles\ti\ccs1110\ccs\tools\compiler\ti-cgt-arm_20.2.6.LTS\lib\</path>
         <kind>archive</kind>
         <file>rtsv7M4_T_le_v4SPD16_eabi.lib</file>
         <name>ctype.c.obj</name>
      </input_file>
      <input_file id="fl-ee">
         <path>D:\ProgramFiles\ti\ccs1110\ccs\tools\compiler\ti-cgt-arm_20.2.6.LTS\lib\</path>
         <kind>archive</kind>
         <file>rtsv7M4_T_le_v4SPD16_eabi.lib</file>
         <name>memccpy.c.obj</name>
      </input_file>
      <input_file id="fl-ef">
         <path>D:\ProgramFiles\ti\ccs1110\ccs\tools\compiler\ti-cgt-arm_20.2.6.LTS\lib\</path>
         <kind>archive</kind>
         <file>rtsv7M4_T_le_v4SPD16_eabi.lib</file>
         <name>strchr.c.obj</name>
      </input_file>
      <input_file id="fl-f0">
         <path>D:\ProgramFiles\ti\ccs1110\ccs\tools\compiler\ti-cgt-arm_20.2.6.LTS\lib\</path>
         <kind>archive</kind>
         <file>rtsv7M4_T_le_v4SPD16_eabi.lib</file>
         <name>strlen.c.obj</name>
      </input_file>
      <input_file id="fl-f1">
         <path>D:\ProgramFiles\ti\ccs1110\ccs\tools\compiler\ti-cgt-arm_20.2.6.LTS\lib\</path>
         <kind>archive</kind>
         <file>rtsv7M4_T_le_v4SPD16_eabi.lib</file>
         <name>errno.c.obj</name>
      </input_file>
      <input_file id="fl-f2">
         <path>D:\ProgramFiles\ti\ccs1110\ccs\tools\compiler\ti-cgt-arm_20.2.6.LTS\lib\</path>
         <kind>archive</kind>
         <file>rtsv7M4_T_le_v4SPD16_eabi.lib</file>
         <name>s_frexp.c.obj</name>
      </input_file>
      <input_file id="fl-f3">
         <path>D:\ProgramFiles\ti\ccs1110\ccs\tools\compiler\ti-cgt-arm_20.2.6.LTS\lib\</path>
         <kind>archive</kind>
         <file>rtsv7M4_T_le_v4SPD16_eabi.lib</file>
         <name>s_scalbn.c.obj</name>
      </input_file>
      <input_file id="fl-f4">
         <path>D:\ProgramFiles\ti\ccs1110\ccs\tools\compiler\ti-cgt-arm_20.2.6.LTS\lib\</path>
         <kind>archive</kind>
         <file>rtsv7M4_T_le_v4SPD16_eabi.lib</file>
         <name>s_copysign.c.obj</name>
      </input_file>
      <input_file id="fl-f5">
         <path>D:\ProgramFiles\ti\ccs1110\ccs\tools\compiler\ti-cgt-arm_20.2.6.LTS\lib\</path>
         <kind>archive</kind>
         <file>rtsv7M4_T_le_v4SPD16_eabi.lib</file>
         <name>wcslen.c.obj</name>
      </input_file>
      <input_file id="fl-f6">
         <path>D:\ProgramFiles\ti\ccs1110\ccs\tools\compiler\ti-cgt-arm_20.2.6.LTS\lib\</path>
         <kind>archive</kind>
         <file>rtsv7M4_T_le_v4SPD16_eabi.lib</file>
         <name>div0.asm.obj</name>
      </input_file>
   </input_file_list>
   <object_component_list>
      <object_component id="oc-26">
         <name>.intvecs:retain</name>
         <load_address>0x0</load_address>
         <run_address>0x0</run_address>
         <size>0xe4</size>
         <input_file_ref idref="fl-5"/>
      </object_component>
      <object_component id="oc-2ed">
         <name>.text:__TI_printfi</name>
         <load_address>0xe4</load_address>
         <run_address>0xe4</run_address>
         <size>0xa4e</size>
         <input_file_ref idref="fl-df"/>
      </object_component>
      <object_component id="oc-2c7">
         <name>.text:__PCM_setPowerStateAdvanced</name>
         <load_address>0xb32</load_address>
         <run_address>0xb32</run_address>
         <size>0x28a</size>
         <input_file_ref idref="fl-16"/>
      </object_component>
      <object_component id="oc-41a">
         <name>.text:_pconv_a</name>
         <load_address>0xdbc</load_address>
         <run_address>0xdbc</run_address>
         <size>0x270</size>
         <input_file_ref idref="fl-df"/>
      </object_component>
      <object_component id="oc-b1">
         <name>.text:main</name>
         <load_address>0x102c</load_address>
         <run_address>0x102c</run_address>
         <size>0x260</size>
         <input_file_ref idref="fl-3"/>
      </object_component>
      <object_component id="oc-408">
         <name>.text:_pconv_g</name>
         <load_address>0x128c</load_address>
         <run_address>0x128c</run_address>
         <size>0x1d0</size>
         <input_file_ref idref="fl-df"/>
      </object_component>
      <object_component id="oc-134">
         <name>.text</name>
         <load_address>0x145c</load_address>
         <run_address>0x145c</run_address>
         <size>0x1b6</size>
         <input_file_ref idref="fl-d4"/>
      </object_component>
      <object_component id="oc-6d">
         <name>.text:Default_Handler</name>
         <load_address>0x1612</load_address>
         <run_address>0x1612</run_address>
         <size>0x2</size>
         <input_file_ref idref="fl-5"/>
      </object_component>
      <object_component id="oc-24b">
         <name>.text:_getIndexForMemRegister</name>
         <load_address>0x1614</load_address>
         <run_address>0x1614</run_address>
         <size>0x160</size>
         <input_file_ref idref="fl-10"/>
      </object_component>
      <object_component id="oc-3b8">
         <name>.text:__PCM_setPowerModeAdvanced</name>
         <load_address>0x1774</load_address>
         <run_address>0x1774</run_address>
         <size>0x15c</size>
         <input_file_ref idref="fl-16"/>
      </object_component>
      <object_component id="oc-85">
         <name>.text:PORT5_IRQHandler</name>
         <load_address>0x18d0</load_address>
         <run_address>0x18d0</run_address>
         <size>0x14c</size>
         <input_file_ref idref="fl-3"/>
      </object_component>
      <object_component id="oc-7f">
         <name>.text:PORT1_IRQHandler</name>
         <load_address>0x1a1c</load_address>
         <run_address>0x1a1c</run_address>
         <size>0x140</size>
         <input_file_ref idref="fl-3"/>
      </object_component>
      <object_component id="oc-414">
         <name>.text:_pconv_e</name>
         <load_address>0x1b5c</load_address>
         <run_address>0x1b5c</run_address>
         <size>0x13c</size>
         <input_file_ref idref="fl-df"/>
      </object_component>
      <object_component id="oc-eb">
         <name>.text</name>
         <load_address>0x1c98</load_address>
         <run_address>0x1c98</run_address>
         <size>0x136</size>
         <input_file_ref idref="fl-d5"/>
      </object_component>
      <object_component id="oc-55f">
         <name>.text</name>
         <load_address>0x1dce</load_address>
         <run_address>0x1dce</run_address>
         <size>0x2</size>
         <input_file_ref idref="fl-f6"/>
      </object_component>
      <object_component id="oc-4ea">
         <name>.text:fcvt</name>
         <load_address>0x1dd0</load_address>
         <run_address>0x1dd0</run_address>
         <size>0x124</size>
         <input_file_ref idref="fl-df"/>
      </object_component>
      <object_component id="oc-175">
         <name>.text:UART_initModule</name>
         <load_address>0x1ef4</load_address>
         <run_address>0x1ef4</run_address>
         <size>0x11c</size>
         <input_file_ref idref="fl-1b"/>
      </object_component>
      <object_component id="oc-4fe">
         <name>.text:scalbn</name>
         <load_address>0x2010</load_address>
         <run_address>0x2010</run_address>
         <size>0x110</size>
         <input_file_ref idref="fl-f3"/>
      </object_component>
      <object_component id="oc-3b2">
         <name>.text:__PCM_setCoreVoltageLevelAdvanced</name>
         <load_address>0x2120</load_address>
         <run_address>0x2120</run_address>
         <size>0x108</size>
         <input_file_ref idref="fl-16"/>
      </object_component>
      <object_component id="oc-371">
         <name>.text:_CSComputeCLKFrequency</name>
         <load_address>0x2228</load_address>
         <run_address>0x2228</run_address>
         <size>0x104</size>
         <input_file_ref idref="fl-11"/>
      </object_component>
      <object_component id="oc-e6">
         <name>.text</name>
         <load_address>0x232c</load_address>
         <run_address>0x232c</run_address>
         <size>0xfc</size>
         <input_file_ref idref="fl-d6"/>
      </object_component>
      <object_component id="oc-47b">
         <name>.text:CS_getDCOFrequency</name>
         <load_address>0x2428</load_address>
         <run_address>0x2428</run_address>
         <size>0xf8</size>
         <input_file_ref idref="fl-11"/>
      </object_component>
      <object_component id="oc-79">
         <name>.text:ADC14_IRQHandler</name>
         <load_address>0x2520</load_address>
         <run_address>0x2520</run_address>
         <size>0xc4</size>
         <input_file_ref idref="fl-3"/>
      </object_component>
      <object_component id="oc-19f">
         <name>.text:ADC14_configureConversionMemory</name>
         <load_address>0x25e4</load_address>
         <run_address>0x25e4</run_address>
         <size>0xb4</size>
         <input_file_ref idref="fl-10"/>
      </object_component>
      <object_component id="oc-3fd">
         <name>.text:_ltostr</name>
         <load_address>0x2698</load_address>
         <run_address>0x2698</run_address>
         <size>0xb1</size>
         <input_file_ref idref="fl-df"/>
      </object_component>
      <object_component id="oc-157">
         <name>.text:LCD_init</name>
         <load_address>0x274c</load_address>
         <run_address>0x274c</run_address>
         <size>0xac</size>
         <input_file_ref idref="fl-2"/>
      </object_component>
      <object_component id="oc-37">
         <name>.text</name>
         <load_address>0x27f8</load_address>
         <run_address>0x27f8</run_address>
         <size>0x9c</size>
         <input_file_ref idref="fl-d9"/>
      </object_component>
      <object_component id="oc-4c1">
         <name>.text</name>
         <load_address>0x2894</load_address>
         <run_address>0x2894</run_address>
         <size>0x96</size>
         <input_file_ref idref="fl-e4"/>
      </object_component>
      <object_component id="oc-53b">
         <name>.text:SysCtl_A_getTLVInfo</name>
         <load_address>0x292c</load_address>
         <run_address>0x292c</run_address>
         <size>0x94</size>
         <input_file_ref idref="fl-18"/>
      </object_component>
      <object_component id="oc-163">
         <name>.text:GPIO_setAsPeripheralModuleFunctionInputPin</name>
         <load_address>0x29c0</load_address>
         <run_address>0x29c0</run_address>
         <size>0x88</size>
         <input_file_ref idref="fl-13"/>
      </object_component>
      <object_component id="oc-403">
         <name>.text:__aeabi_cdcmple</name>
         <load_address>0x2a48</load_address>
         <run_address>0x2a48</run_address>
         <size>0x86</size>
         <input_file_ref idref="fl-e0"/>
      </object_component>
      <object_component id="oc-4c8">
         <name>.text:__aeabi_cdrcmple</name>
         <load_address>0x2ace</load_address>
         <run_address>0x2ace</run_address>
         <size>0x86</size>
         <input_file_ref idref="fl-e0"/>
      </object_component>
      <object_component id="oc-39b">
         <name>.text:I2C_masterSendSingleByte</name>
         <load_address>0x2b54</load_address>
         <run_address>0x2b54</run_address>
         <size>0x84</size>
         <input_file_ref idref="fl-14"/>
      </object_component>
      <object_component id="oc-3c4">
         <name>.text:PCM_gotoLPM3</name>
         <load_address>0x2bd8</load_address>
         <run_address>0x2bd8</run_address>
         <size>0x84</size>
         <input_file_ref idref="fl-16"/>
      </object_component>
      <object_component id="oc-f5">
         <name>.text:Interrupt_disableInterrupt</name>
         <load_address>0x2c5c</load_address>
         <run_address>0x2c5c</run_address>
         <size>0x80</size>
         <input_file_ref idref="fl-15"/>
      </object_component>
      <object_component id="oc-113">
         <name>.text:Interrupt_enableInterrupt</name>
         <load_address>0x2cdc</load_address>
         <run_address>0x2cdc</run_address>
         <size>0x80</size>
         <input_file_ref idref="fl-15"/>
      </object_component>
      <object_component id="oc-541">
         <name>.text:_CSGetDOCFrequency</name>
         <load_address>0x2d5c</load_address>
         <run_address>0x2d5c</run_address>
         <size>0x7c</size>
         <input_file_ref idref="fl-11"/>
      </object_component>
      <object_component id="oc-a5">
         <name>.text</name>
         <load_address>0x2dd8</load_address>
         <run_address>0x2dd8</run_address>
         <size>0x7a</size>
         <input_file_ref idref="fl-e3"/>
      </object_component>
      <object_component id="oc-c3">
         <name>.text:SystemInit</name>
         <load_address>0x2e54</load_address>
         <run_address>0x2e54</run_address>
         <size>0x78</size>
         <input_file_ref idref="fl-4"/>
      </object_component>
      <object_component id="oc-4e3">
         <name>.text:_mcpy</name>
         <load_address>0x2ecc</load_address>
         <run_address>0x2ecc</run_address>
         <size>0x6e</size>
         <input_file_ref idref="fl-df"/>
      </object_component>
      <object_component id="oc-f0">
         <name>.text</name>
         <load_address>0x2f3a</load_address>
         <run_address>0x2f3a</run_address>
         <size>0x6e</size>
         <input_file_ref idref="fl-d7"/>
      </object_component>
      <object_component id="oc-394">
         <name>.text:Timer32_initModule</name>
         <load_address>0x2fa8</load_address>
         <run_address>0x2fa8</run_address>
         <size>0x68</size>
         <input_file_ref idref="fl-19"/>
      </object_component>
      <object_component id="oc-17">
         <name>.text:decompress:lzss:__TI_decompress_lzss</name>
         <load_address>0x3010</load_address>
         <run_address>0x3010</run_address>
         <size>0x68</size>
         <input_file_ref idref="fl-dd"/>
      </object_component>
      <object_component id="oc-4f8">
         <name>.text:frexp</name>
         <load_address>0x3078</load_address>
         <run_address>0x3078</run_address>
         <size>0x64</size>
         <input_file_ref idref="fl-f2"/>
      </object_component>
      <object_component id="oc-378">
         <name>.text:I2C_initMaster</name>
         <load_address>0x30dc</load_address>
         <run_address>0x30dc</run_address>
         <size>0x62</size>
         <input_file_ref idref="fl-14"/>
      </object_component>
      <object_component id="oc-46f">
         <name>.text:_CSGetDividerValue</name>
         <load_address>0x313e</load_address>
         <run_address>0x313e</run_address>
         <size>0x62</size>
         <input_file_ref idref="fl-11"/>
      </object_component>
      <object_component id="oc-496">
         <name>.text:PCM_getCoreVoltageLevel</name>
         <load_address>0x31a0</load_address>
         <run_address>0x31a0</run_address>
         <size>0x5e</size>
         <input_file_ref idref="fl-16"/>
      </object_component>
      <object_component id="oc-490">
         <name>.text:PCM_getPowerMode</name>
         <load_address>0x31fe</load_address>
         <run_address>0x31fe</run_address>
         <size>0x5a</size>
         <input_file_ref idref="fl-16"/>
      </object_component>
      <object_component id="oc-199">
         <name>.text:ADC14_configureSingleSampleMode</name>
         <load_address>0x3258</load_address>
         <run_address>0x3258</run_address>
         <size>0x58</size>
         <input_file_ref idref="fl-10"/>
      </object_component>
      <object_component id="oc-1b7">
         <name>.text:GPIO_setAsInputPinWithPullUpResistor</name>
         <load_address>0x32b0</load_address>
         <run_address>0x32b0</run_address>
         <size>0x58</size>
         <input_file_ref idref="fl-13"/>
      </object_component>
      <object_component id="oc-40e">
         <name>.text:_pconv_f</name>
         <load_address>0x3308</load_address>
         <run_address>0x3308</run_address>
         <size>0x56</size>
         <input_file_ref idref="fl-df"/>
      </object_component>
      <object_component id="oc-193">
         <name>.text:ADC14_initModule</name>
         <load_address>0x3360</load_address>
         <run_address>0x3360</run_address>
         <size>0x54</size>
         <input_file_ref idref="fl-10"/>
      </object_component>
      <object_component id="oc-3d0">
         <name>.text:PCM_shutdownDevice</name>
         <load_address>0x33b4</load_address>
         <run_address>0x33b4</run_address>
         <size>0x54</size>
         <input_file_ref idref="fl-16"/>
      </object_component>
      <object_component id="oc-4d2">
         <name>.text:__TI_ltoa</name>
         <load_address>0x3408</load_address>
         <run_address>0x3408</run_address>
         <size>0x54</size>
         <input_file_ref idref="fl-ea"/>
      </object_component>
      <object_component id="oc-4dd">
         <name>.text:_ecpy</name>
         <load_address>0x345c</load_address>
         <run_address>0x345c</run_address>
         <size>0x52</size>
         <input_file_ref idref="fl-df"/>
      </object_component>
      <object_component id="oc-129">
         <name>.text:Timer_A_getCounterValue</name>
         <load_address>0x34ae</load_address>
         <run_address>0x34ae</run_address>
         <size>0x4c</size>
         <input_file_ref idref="fl-1a"/>
      </object_component>
      <object_component id="oc-3f7">
         <name>.text:atoi</name>
         <load_address>0x34fc</load_address>
         <run_address>0x34fc</run_address>
         <size>0x4c</size>
         <input_file_ref idref="fl-ec"/>
      </object_component>
      <object_component id="oc-1e7">
         <name>.text:LCD_setCursorPosition</name>
         <load_address>0x3548</load_address>
         <run_address>0x3548</run_address>
         <size>0x48</size>
         <input_file_ref idref="fl-2"/>
      </object_component>
      <object_component id="oc-4cd">
         <name>.text</name>
         <load_address>0x3590</load_address>
         <run_address>0x3590</run_address>
         <size>0x48</size>
         <input_file_ref idref="fl-e1"/>
      </object_component>
      <object_component id="oc-204">
         <name>.text:__TI_auto_init_nobinit_nopinit:__TI_auto_init_nobinit_nopinit</name>
         <load_address>0x35d8</load_address>
         <run_address>0x35d8</run_address>
         <size>0x44</size>
         <input_file_ref idref="fl-e5"/>
      </object_component>
      <object_component id="oc-345">
         <name>.text:_send</name>
         <load_address>0x361c</load_address>
         <run_address>0x361c</run_address>
         <size>0x42</size>
         <input_file_ref idref="fl-2"/>
      </object_component>
      <object_component id="oc-1d5">
         <name>.text:sprintf</name>
         <load_address>0x3660</load_address>
         <run_address>0x3660</run_address>
         <size>0x40</size>
         <input_file_ref idref="fl-d3"/>
      </object_component>
      <object_component id="oc-4f0">
         <name>.text:_fcpy</name>
         <load_address>0x36a0</load_address>
         <run_address>0x36a0</run_address>
         <size>0x3e</size>
         <input_file_ref idref="fl-df"/>
      </object_component>
      <object_component id="oc-1c3">
         <name>.text:GPIO_interruptEdgeSelect</name>
         <load_address>0x36e0</load_address>
         <run_address>0x36e0</run_address>
         <size>0x3c</size>
         <input_file_ref idref="fl-13"/>
      </object_component>
      <object_component id="oc-2a3">
         <name>.text:_i2cInit</name>
         <load_address>0x371c</load_address>
         <run_address>0x371c</run_address>
         <size>0x3c</size>
         <input_file_ref idref="fl-2"/>
      </object_component>
      <object_component id="oc-cf">
         <name>.text:ADC14_getEnabledInterruptStatus</name>
         <load_address>0x3758</load_address>
         <run_address>0x3758</run_address>
         <size>0x38</size>
         <input_file_ref idref="fl-10"/>
      </object_component>
      <object_component id="oc-352">
         <name>.text:Timer32_startTimer</name>
         <load_address>0x3790</load_address>
         <run_address>0x3790</run_address>
         <size>0x38</size>
         <input_file_ref idref="fl-19"/>
      </object_component>
      <object_component id="oc-12f">
         <name>.text</name>
         <load_address>0x37c8</load_address>
         <run_address>0x37c8</run_address>
         <size>0x38</size>
         <input_file_ref idref="fl-d8"/>
      </object_component>
      <object_component id="oc-1a5">
         <name>.text:ADC14_enableSampleTimer</name>
         <load_address>0x3800</load_address>
         <run_address>0x3800</run_address>
         <size>0x34</size>
         <input_file_ref idref="fl-10"/>
      </object_component>
      <object_component id="oc-16f">
         <name>.text:CS_setDCOCenteredFrequency</name>
         <load_address>0x3834</load_address>
         <run_address>0x3834</run_address>
         <size>0x34</size>
         <input_file_ref idref="fl-11"/>
      </object_component>
      <object_component id="oc-34c">
         <name>.text:Timer32_setCount</name>
         <load_address>0x3868</load_address>
         <run_address>0x3868</run_address>
         <size>0x34</size>
         <input_file_ref idref="fl-19"/>
      </object_component>
      <object_component id="oc-1db">
         <name>.text:UART_transmitData</name>
         <load_address>0x389c</load_address>
         <run_address>0x389c</run_address>
         <size>0x34</size>
         <input_file_ref idref="fl-1b"/>
      </object_component>
      <object_component id="oc-55">
         <name>.text:_c_int00_noargs:_c_int00_noargs</name>
         <load_address>0x38d0</load_address>
         <run_address>0x38d0</run_address>
         <size>0x34</size>
         <input_file_ref idref="fl-de"/>
      </object_component>
      <object_component id="oc-276">
         <name>.text:_delayMicroseconds</name>
         <load_address>0x3904</load_address>
         <run_address>0x3904</run_address>
         <size>0x34</size>
         <input_file_ref idref="fl-2"/>
      </object_component>
      <object_component id="oc-1e1">
         <name>.text:LCD_writeString</name>
         <load_address>0x3938</load_address>
         <run_address>0x3938</run_address>
         <size>0x32</size>
         <input_file_ref idref="fl-2"/>
      </object_component>
      <object_component id="oc-d5">
         <name>.text:ADC14_clearInterruptFlag</name>
         <load_address>0x396c</load_address>
         <run_address>0x396c</run_address>
         <size>0x30</size>
         <input_file_ref idref="fl-10"/>
      </object_component>
      <object_component id="oc-fb">
         <name>.text:ADC14_disableInterrupt</name>
         <load_address>0x399c</load_address>
         <run_address>0x399c</run_address>
         <size>0x30</size>
         <input_file_ref idref="fl-10"/>
      </object_component>
      <object_component id="oc-119">
         <name>.text:ADC14_enableInterrupt</name>
         <load_address>0x39cc</load_address>
         <run_address>0x39cc</run_address>
         <size>0x30</size>
         <input_file_ref idref="fl-10"/>
      </object_component>
      <object_component id="oc-475">
         <name>.text:CS_clearInterruptFlag</name>
         <load_address>0x39fc</load_address>
         <run_address>0x39fc</run_address>
         <size>0x30</size>
         <input_file_ref idref="fl-11"/>
      </object_component>
      <object_component id="oc-1c9">
         <name>.text:UART_enableInterrupt</name>
         <load_address>0x3a2c</load_address>
         <run_address>0x3a2c</run_address>
         <size>0x30</size>
         <input_file_ref idref="fl-1b"/>
      </object_component>
      <object_component id="oc-4d8">
         <name>.text</name>
         <load_address>0x3a5c</load_address>
         <run_address>0x3a5c</run_address>
         <size>0x2e</size>
         <input_file_ref idref="fl-e2"/>
      </object_component>
      <object_component id="oc-239">
         <name>.text:ADC14_getInterruptStatus</name>
         <load_address>0x3a8c</load_address>
         <run_address>0x3a8c</run_address>
         <size>0x2c</size>
         <input_file_ref idref="fl-10"/>
      </object_component>
      <object_component id="oc-1b1">
         <name>.text:ADC14_toggleConversionTrigger</name>
         <load_address>0x3ab8</load_address>
         <run_address>0x3ab8</run_address>
         <size>0x2c</size>
         <input_file_ref idref="fl-10"/>
      </object_component>
      <object_component id="oc-4b2">
         <name>.text:RTC_C_holdClock</name>
         <load_address>0x3ae4</load_address>
         <run_address>0x3ae4</run_address>
         <size>0x2c</size>
         <input_file_ref idref="fl-17"/>
      </object_component>
      <object_component id="oc-3a2">
         <name>.text:_pulseEnable</name>
         <load_address>0x3b10</load_address>
         <run_address>0x3b10</run_address>
         <size>0x2c</size>
         <input_file_ref idref="fl-2"/>
      </object_component>
      <object_component id="oc-1ab">
         <name>.text:ADC14_enableConversion</name>
         <load_address>0x3b3c</load_address>
         <run_address>0x3b3c</run_address>
         <size>0x28</size>
         <input_file_ref idref="fl-10"/>
      </object_component>
      <object_component id="oc-db">
         <name>.text:ADC14_getResult</name>
         <load_address>0x3b64</load_address>
         <run_address>0x3b64</run_address>
         <size>0x28</size>
         <input_file_ref idref="fl-10"/>
      </object_component>
      <object_component id="oc-29d">
         <name>.text:CS_getSMCLK</name>
         <load_address>0x3b8c</load_address>
         <run_address>0x3b8c</run_address>
         <size>0x28</size>
         <input_file_ref idref="fl-11"/>
      </object_component>
      <object_component id="oc-10d">
         <name>.text:GPIO_clearInterruptFlag</name>
         <load_address>0x3bb4</load_address>
         <run_address>0x3bb4</run_address>
         <size>0x28</size>
         <input_file_ref idref="fl-13"/>
      </object_component>
      <object_component id="oc-1bd">
         <name>.text:GPIO_enableInterrupt</name>
         <load_address>0x3bdc</load_address>
         <run_address>0x3bdc</run_address>
         <size>0x28</size>
         <input_file_ref idref="fl-13"/>
      </object_component>
      <object_component id="oc-3be">
         <name>.text:PCM_gotoLPM0</name>
         <load_address>0x3c04</load_address>
         <run_address>0x3c04</run_address>
         <size>0x28</size>
         <input_file_ref idref="fl-16"/>
      </object_component>
      <object_component id="oc-73">
         <name>.text:TA0_0_IRQHandler</name>
         <load_address>0x3c2c</load_address>
         <run_address>0x3c2c</run_address>
         <size>0x28</size>
         <input_file_ref idref="fl-3"/>
      </object_component>
      <object_component id="oc-4ac">
         <name>.text:WDT_A_holdTimer</name>
         <load_address>0x3c54</load_address>
         <run_address>0x3c54</run_address>
         <size>0x24</size>
         <input_file_ref idref="fl-1c"/>
      </object_component>
      <object_component id="oc-2bb">
         <name>.text:LCD_displayOn</name>
         <load_address>0x3c78</load_address>
         <run_address>0x3c78</run_address>
         <size>0x20</size>
         <input_file_ref idref="fl-2"/>
      </object_component>
      <object_component id="oc-2af">
         <name>.text:_expanderWrite</name>
         <load_address>0x3c98</load_address>
         <run_address>0x3c98</run_address>
         <size>0x20</size>
         <input_file_ref idref="fl-2"/>
      </object_component>
      <object_component id="oc-e1">
         <name>.text</name>
         <load_address>0x3cb8</load_address>
         <run_address>0x3cb8</run_address>
         <size>0x20</size>
         <input_file_ref idref="fl-da"/>
      </object_component>
      <object_component id="oc-384">
         <name>.text:I2C_setMode</name>
         <load_address>0x3cd8</load_address>
         <run_address>0x3cd8</run_address>
         <size>0x1c</size>
         <input_file_ref idref="fl-14"/>
      </object_component>
      <object_component id="oc-43">
         <name>.text:decompress:ZI:__TI_zero_init_nomemset:__TI_zero_init_nomemset</name>
         <load_address>0x3cf4</load_address>
         <run_address>0x3cf4</run_address>
         <size>0x1c</size>
         <input_file_ref idref="fl-db"/>
      </object_component>
      <object_component id="oc-420">
         <name>.text:memccpy</name>
         <load_address>0x3d10</load_address>
         <run_address>0x3d10</run_address>
         <size>0x1c</size>
         <input_file_ref idref="fl-ee"/>
      </object_component>
      <object_component id="oc-575">
         <name>.text:copysign</name>
         <load_address>0x3d2c</load_address>
         <run_address>0x3d2c</run_address>
         <size>0x1a</size>
         <input_file_ref idref="fl-f4"/>
      </object_component>
      <object_component id="oc-181">
         <name>.text:FPU_enableModule</name>
         <load_address>0x3d48</load_address>
         <run_address>0x3d48</run_address>
         <size>0x18</size>
         <input_file_ref idref="fl-12"/>
      </object_component>
      <object_component id="oc-139">
         <name>.text:Timer_A_clearTimer</name>
         <load_address>0x3d60</load_address>
         <run_address>0x3d60</run_address>
         <size>0x18</size>
         <input_file_ref idref="fl-1a"/>
      </object_component>
      <object_component id="oc-2f3">
         <name>.text:_outs</name>
         <load_address>0x3d78</load_address>
         <run_address>0x3d78</run_address>
         <size>0x18</size>
         <input_file_ref idref="fl-d3"/>
      </object_component>
      <object_component id="oc-2b5">
         <name>.text:_write4bits</name>
         <load_address>0x3d90</load_address>
         <run_address>0x3d90</run_address>
         <size>0x18</size>
         <input_file_ref idref="fl-2"/>
      </object_component>
      <object_component id="oc-38a">
         <name>.text:I2C_enableModule</name>
         <load_address>0x3da8</load_address>
         <run_address>0x3da8</run_address>
         <size>0x16</size>
         <input_file_ref idref="fl-14"/>
      </object_component>
      <object_component id="oc-17b">
         <name>.text:UART_enableModule</name>
         <load_address>0x3dbe</load_address>
         <run_address>0x3dbe</run_address>
         <size>0x16</size>
         <input_file_ref idref="fl-1b"/>
      </object_component>
      <object_component id="oc-504">
         <name>.text:strchr</name>
         <load_address>0x3dd4</load_address>
         <run_address>0x3dd4</run_address>
         <size>0x16</size>
         <input_file_ref idref="fl-ef"/>
      </object_component>
      <object_component id="oc-37e">
         <name>.text:I2C_setSlaveAddress</name>
         <load_address>0x3dea</load_address>
         <run_address>0x3dea</run_address>
         <size>0x14</size>
         <input_file_ref idref="fl-14"/>
      </object_component>
      <object_component id="oc-3ac">
         <name>.text:PCM_getPowerState</name>
         <load_address>0x3e00</load_address>
         <run_address>0x3e00</run_address>
         <size>0x14</size>
         <input_file_ref idref="fl-16"/>
      </object_component>
      <object_component id="oc-35e">
         <name>.text:Timer32_haltTimer</name>
         <load_address>0x3e14</load_address>
         <run_address>0x3e14</run_address>
         <size>0x14</size>
         <input_file_ref idref="fl-19"/>
      </object_component>
      <object_component id="oc-2a9">
         <name>.text:_delayInit</name>
         <load_address>0x3e28</load_address>
         <run_address>0x3e28</run_address>
         <size>0x14</size>
         <input_file_ref idref="fl-2"/>
      </object_component>
      <object_component id="oc-3f1">
         <name>.text:strlen</name>
         <load_address>0x3e3c</load_address>
         <run_address>0x3e3c</run_address>
         <size>0x14</size>
         <input_file_ref idref="fl-f0"/>
      </object_component>
      <object_component id="oc-11f">
         <name>.text:LCD_clear</name>
         <load_address>0x3e50</load_address>
         <run_address>0x3e50</run_address>
         <size>0x12</size>
         <input_file_ref idref="fl-2"/>
      </object_component>
      <object_component id="oc-15d">
         <name>.text:LCD_home</name>
         <load_address>0x3e62</load_address>
         <run_address>0x3e62</run_address>
         <size>0x12</size>
         <input_file_ref idref="fl-2"/>
      </object_component>
      <object_component id="oc-307">
         <name>.text:LCD_writeChar</name>
         <load_address>0x3e74</load_address>
         <run_address>0x3e74</run_address>
         <size>0x12</size>
         <input_file_ref idref="fl-2"/>
      </object_component>
      <object_component id="oc-270">
         <name>.text:_command</name>
         <load_address>0x3e86</load_address>
         <run_address>0x3e86</run_address>
         <size>0x12</size>
         <input_file_ref idref="fl-2"/>
      </object_component>
      <object_component id="oc-426">
         <name>.text:wcslen</name>
         <load_address>0x3e98</load_address>
         <run_address>0x3e98</run_address>
         <size>0x12</size>
         <input_file_ref idref="fl-f5"/>
      </object_component>
      <object_component id="oc-2d5">
         <name>.text:ADCIsConversionRunning</name>
         <load_address>0x3eac</load_address>
         <run_address>0x3eac</run_address>
         <size>0x10</size>
         <input_file_ref idref="fl-10"/>
      </object_component>
      <object_component id="oc-187">
         <name>.text:FPU_enableLazyStacking</name>
         <load_address>0x3ebc</load_address>
         <run_address>0x3ebc</run_address>
         <size>0x10</size>
         <input_file_ref idref="fl-12"/>
      </object_component>
      <object_component id="oc-1cf">
         <name>.text:Interrupt_enableMaster</name>
         <load_address>0x3ecc</load_address>
         <run_address>0x3ecc</run_address>
         <size>0x10</size>
         <input_file_ref idref="fl-15"/>
      </object_component>
      <object_component id="oc-3ca">
         <name>.text:PCM_gotoLPM4</name>
         <load_address>0x3edc</load_address>
         <run_address>0x3edc</run_address>
         <size>0x10</size>
         <input_file_ref idref="fl-16"/>
      </object_component>
      <object_component id="oc-49c">
         <name>.text:PCM_setPowerMode</name>
         <load_address>0x3eec</load_address>
         <run_address>0x3eec</run_address>
         <size>0x10</size>
         <input_file_ref idref="fl-16"/>
      </object_component>
      <object_component id="oc-169">
         <name>.text:PCM_setPowerState</name>
         <load_address>0x3efc</load_address>
         <run_address>0x3efc</run_address>
         <size>0x10</size>
         <input_file_ref idref="fl-16"/>
      </object_component>
      <object_component id="oc-358">
         <name>.text:Timer32_getValue</name>
         <load_address>0x3f0c</load_address>
         <run_address>0x3f0c</run_address>
         <size>0xe</size>
         <input_file_ref idref="fl-19"/>
      </object_component>
      <object_component id="oc-1d">
         <name>.text:decompress:none:__TI_decompress_none</name>
         <load_address>0x3f1a</load_address>
         <run_address>0x3f1a</run_address>
         <size>0xe</size>
         <input_file_ref idref="fl-dc"/>
      </object_component>
      <object_component id="oc-18d">
         <name>.text:ADC14_enableModule</name>
         <load_address>0x3f28</load_address>
         <run_address>0x3f28</run_address>
         <size>0xc</size>
         <input_file_ref idref="fl-10"/>
      </object_component>
      <object_component id="oc-2e6">
         <name>.text:CPU_cpsie</name>
         <load_address>0x3f34</load_address>
         <run_address>0x3f34</run_address>
         <size>0xc</size>
         <input_file_ref idref="fl-1d"/>
      </object_component>
      <object_component id="oc-67">
         <name>.text:Reset_Handler</name>
         <load_address>0x3f40</load_address>
         <run_address>0x3f40</run_address>
         <size>0xc</size>
         <input_file_ref idref="fl-5"/>
      </object_component>
      <object_component id="oc-2f9">
         <name>.text:_outc</name>
         <load_address>0x3f4c</load_address>
         <run_address>0x3f4c</run_address>
         <size>0xa</size>
         <input_file_ref idref="fl-d3"/>
      </object_component>
      <object_component id="oc-42c">
         <name>.text:__aeabi_errno_addr</name>
         <load_address>0x3f58</load_address>
         <run_address>0x3f58</run_address>
         <size>0x8</size>
         <input_file_ref idref="fl-f1"/>
      </object_component>
      <object_component id="oc-4a4">
         <name>.text:CPU_wfi</name>
         <load_address>0x3f60</load_address>
         <run_address>0x3f60</run_address>
         <size>0x4</size>
         <input_file_ref idref="fl-1d"/>
      </object_component>
      <object_component id="oc-ab">
         <name>.text:_system_pre_init</name>
         <load_address>0x3f64</load_address>
         <run_address>0x3f64</run_address>
         <size>0x4</size>
         <input_file_ref idref="fl-e6"/>
      </object_component>
      <object_component id="oc-1f8">
         <name>.text:abort:abort</name>
         <load_address>0x3f68</load_address>
         <run_address>0x3f68</run_address>
         <size>0x4</size>
         <input_file_ref idref="fl-e8"/>
      </object_component>
      <object_component id="oc-4bc">
         <name>.const:.string:_ctypes_</name>
         <load_address>0x3f6c</load_address>
         <run_address>0x3f6c</run_address>
         <size>0x101</size>
         <input_file_ref idref="fl-ed"/>
      </object_component>
      <object_component id="oc-251">
         <name>.const:_ctlRegs</name>
         <load_address>0x4070</load_address>
         <run_address>0x4070</run_address>
         <size>0x80</size>
         <input_file_ref idref="fl-10"/>
      </object_component>
      <object_component id="oc-267">
         <name>.const:GPIO_PORT_TO_BASE</name>
         <load_address>0x40f0</load_address>
         <run_address>0x40f0</run_address>
         <size>0x30</size>
         <input_file_ref idref="fl-13"/>
      </object_component>
      <object_component id="oc-1ed">
         <name>.const:uartConfig</name>
         <load_address>0x4120</load_address>
         <run_address>0x4120</run_address>
         <size>0x28</size>
         <input_file_ref idref="fl-3"/>
      </object_component>
      <object_component id="oc-390">
         <name>.const:i2cConfig</name>
         <load_address>0x4148</load_address>
         <run_address>0x4148</run_address>
         <size>0x14</size>
         <input_file_ref idref="fl-2"/>
      </object_component>
      <object_component id="oc-30e">
         <name>.const:$P$T0$1</name>
         <load_address>0x415c</load_address>
         <run_address>0x415c</run_address>
         <size>0x8</size>
         <input_file_ref idref="fl-2"/>
      </object_component>
      <object_component id="oc-259">
         <name>.const:g_pulDisRegs</name>
         <load_address>0x4164</load_address>
         <run_address>0x4164</run_address>
         <size>0x8</size>
         <input_file_ref idref="fl-15"/>
      </object_component>
      <object_component id="oc-26b">
         <name>.const:g_pulEnRegs</name>
         <load_address>0x416c</load_address>
         <run_address>0x416c</run_address>
         <size>0x8</size>
         <input_file_ref idref="fl-15"/>
      </object_component>
      <object_component id="oc-5dd">
         <name>__TI_handler_table</name>
         <load_address>0x4178</load_address>
         <run_address>0x4178</run_address>
         <size>0xc</size>
      </object_component>
      <object_component id="oc-5df">
         <name>.cinit..data.load</name>
         <load_address>0x4184</load_address>
         <run_address>0x4184</run_address>
         <size>0xb</size>
      </object_component>
      <object_component id="oc-5e0">
         <name>.cinit..bss.load</name>
         <load_address>0x4190</load_address>
         <run_address>0x4190</run_address>
         <size>0x8</size>
      </object_component>
      <object_component id="oc-5de">
         <name>__TI_cinit_table</name>
         <load_address>0x4198</load_address>
         <run_address>0x4198</run_address>
         <size>0x10</size>
      </object_component>
      <object_component id="oc-5b1">
         <name>.binit</name>
         <load_address>0x0</load_address>
         <run_address>0x0</run_address>
         <size>0x0</size>
      </object_component>
      <object_component id="oc-101">
         <name>.data</name>
         <load_address>0x200001f0</load_address>
         <run_address>0x200001f0</run_address>
         <size>0x4</size>
         <input_file_ref idref="fl-3"/>
      </object_component>
      <object_component id="oc-514">
         <name>.data</name>
         <load_address>0x200001f4</load_address>
         <run_address>0x200001f4</run_address>
         <size>0x4</size>
         <input_file_ref idref="fl-f1"/>
      </object_component>
      <object_component id="oc-2c1">
         <name>.bss</name>
         <uninitialized>true</uninitialized>
         <run_address>0x200001ec</run_address>
         <size>0x3</size>
         <input_file_ref idref="fl-2"/>
      </object_component>
      <object_component id="oc-cb">
         <name>.bss</name>
         <uninitialized>true</uninitialized>
         <run_address>0x20000190</run_address>
         <size>0x24</size>
         <input_file_ref idref="fl-3"/>
      </object_component>
      <object_component id="oc-104">
         <name>.bss:buffer</name>
         <uninitialized>true</uninitialized>
         <run_address>0x20000000</run_address>
         <size>0x190</size>
         <input_file_ref idref="fl-3"/>
      </object_component>
      <object_component id="oc-481">
         <name>.bss</name>
         <uninitialized>true</uninitialized>
         <run_address>0x200001e4</run_address>
         <size>0x8</size>
         <input_file_ref idref="fl-11"/>
      </object_component>
      <object_component id="oc-1f0">
         <name>.common:msg</name>
         <uninitialized>true</uninitialized>
         <run_address>0x200001b4</run_address>
         <size>0x20</size>
      </object_component>
      <object_component id="oc-1f1">
         <name>.common:msg2</name>
         <uninitialized>true</uninitialized>
         <run_address>0x200001d4</run_address>
         <size>0x10</size>
      </object_component>
      <object_component id="oc-125">
         <name>.common:t</name>
         <uninitialized>true</uninitialized>
         <run_address>0x200001ef</run_address>
         <size>0x1</size>
      </object_component>
      <object_component id="oc-29">
         <name>.stack</name>
         <uninitialized>true</uninitialized>
         <run_address>0x2000fe00</run_address>
         <size>0x4</size>
         <input_file_ref idref="fl-de"/>
      </object_component>
      <object_component id="oc-5e2">
         <name>.stack</name>
         <uninitialized>true</uninitialized>
         <run_address>0x2000fe00</run_address>
         <size>0x0</size>
      </object_component>
      <object_component id="oc-29c">
         <name>.debug_info</name>
         <load_address>0x0</load_address>
         <run_address>0x0</run_address>
         <size>0x841</size>
         <input_file_ref idref="fl-2"/>
      </object_component>
      <object_component id="oc-2c2">
         <name>.debug_info</name>
         <load_address>0x841</load_address>
         <run_address>0x841</run_address>
         <size>0x13e</size>
         <input_file_ref idref="fl-2"/>
      </object_component>
      <object_component id="oc-391">
         <name>.debug_info</name>
         <load_address>0x97f</load_address>
         <run_address>0x97f</run_address>
         <size>0xe1</size>
         <input_file_ref idref="fl-2"/>
      </object_component>
      <object_component id="oc-30f">
         <name>.debug_info</name>
         <load_address>0xa60</load_address>
         <run_address>0xa60</run_address>
         <size>0xdc</size>
         <input_file_ref idref="fl-2"/>
      </object_component>
      <object_component id="oc-2aa">
         <name>.debug_info</name>
         <load_address>0xb3c</load_address>
         <run_address>0xb3c</run_address>
         <size>0x12b</size>
         <input_file_ref idref="fl-2"/>
      </object_component>
      <object_component id="oc-277">
         <name>.debug_info</name>
         <load_address>0xc67</load_address>
         <run_address>0xc67</run_address>
         <size>0x1bc</size>
         <input_file_ref idref="fl-2"/>
      </object_component>
      <object_component id="oc-2a4">
         <name>.debug_info</name>
         <load_address>0xe23</load_address>
         <run_address>0xe23</run_address>
         <size>0x1da</size>
         <input_file_ref idref="fl-2"/>
      </object_component>
      <object_component id="oc-158">
         <name>.debug_info</name>
         <load_address>0xffd</load_address>
         <run_address>0xffd</run_address>
         <size>0x2c5</size>
         <input_file_ref idref="fl-2"/>
      </object_component>
      <object_component id="oc-120">
         <name>.debug_info</name>
         <load_address>0x12c2</load_address>
         <run_address>0x12c2</run_address>
         <size>0x139</size>
         <input_file_ref idref="fl-2"/>
      </object_component>
      <object_component id="oc-15e">
         <name>.debug_info</name>
         <load_address>0x13fb</load_address>
         <run_address>0x13fb</run_address>
         <size>0x137</size>
         <input_file_ref idref="fl-2"/>
      </object_component>
      <object_component id="oc-2bc">
         <name>.debug_info</name>
         <load_address>0x1532</load_address>
         <run_address>0x1532</run_address>
         <size>0x128</size>
         <input_file_ref idref="fl-2"/>
      </object_component>
      <object_component id="oc-1e8">
         <name>.debug_info</name>
         <load_address>0x165a</load_address>
         <run_address>0x165a</run_address>
         <size>0x19a</size>
         <input_file_ref idref="fl-2"/>
      </object_component>
      <object_component id="oc-308">
         <name>.debug_info</name>
         <load_address>0x17f4</load_address>
         <run_address>0x17f4</run_address>
         <size>0x14f</size>
         <input_file_ref idref="fl-2"/>
      </object_component>
      <object_component id="oc-1e2">
         <name>.debug_info</name>
         <load_address>0x1943</load_address>
         <run_address>0x1943</run_address>
         <size>0x1ae</size>
         <input_file_ref idref="fl-2"/>
      </object_component>
      <object_component id="oc-271">
         <name>.debug_info</name>
         <load_address>0x1af1</load_address>
         <run_address>0x1af1</run_address>
         <size>0x144</size>
         <input_file_ref idref="fl-2"/>
      </object_component>
      <object_component id="oc-346">
         <name>.debug_info</name>
         <load_address>0x1c35</load_address>
         <run_address>0x1c35</run_address>
         <size>0x1a7</size>
         <input_file_ref idref="fl-2"/>
      </object_component>
      <object_component id="oc-2b6">
         <name>.debug_info</name>
         <load_address>0x1ddc</load_address>
         <run_address>0x1ddc</run_address>
         <size>0x166</size>
         <input_file_ref idref="fl-2"/>
      </object_component>
      <object_component id="oc-2b0">
         <name>.debug_info</name>
         <load_address>0x1f42</load_address>
         <run_address>0x1f42</run_address>
         <size>0x15f</size>
         <input_file_ref idref="fl-2"/>
      </object_component>
      <object_component id="oc-3a3">
         <name>.debug_info</name>
         <load_address>0x20a1</load_address>
         <run_address>0x20a1</run_address>
         <size>0x198</size>
         <input_file_ref idref="fl-2"/>
      </object_component>
      <object_component id="oc-367">
         <name>.debug_info</name>
         <load_address>0x2239</load_address>
         <run_address>0x2239</run_address>
         <size>0x9a</size>
         <input_file_ref idref="fl-2"/>
      </object_component>
      <object_component id="oc-142">
         <name>.debug_info</name>
         <load_address>0x22d3</load_address>
         <run_address>0x22d3</run_address>
         <size>0x26b</size>
         <input_file_ref idref="fl-2"/>
      </object_component>
      <object_component id="oc-284">
         <name>.debug_info</name>
         <load_address>0x253e</load_address>
         <run_address>0x253e</run_address>
         <size>0x1028</size>
         <input_file_ref idref="fl-2"/>
      </object_component>
      <object_component id="oc-36c">
         <name>.debug_info</name>
         <load_address>0x3566</load_address>
         <run_address>0x3566</run_address>
         <size>0x37e2</size>
         <input_file_ref idref="fl-2"/>
      </object_component>
      <object_component id="oc-1f3">
         <name>.debug_info</name>
         <load_address>0x6d48</load_address>
         <run_address>0x6d48</run_address>
         <size>0x8b</size>
         <input_file_ref idref="fl-2"/>
      </object_component>
      <object_component id="oc-262">
         <name>.debug_info</name>
         <load_address>0x6dd3</load_address>
         <run_address>0x6dd3</run_address>
         <size>0x2a4</size>
         <input_file_ref idref="fl-2"/>
      </object_component>
      <object_component id="oc-293">
         <name>.debug_info</name>
         <load_address>0x7077</load_address>
         <run_address>0x7077</run_address>
         <size>0xef</size>
         <input_file_ref idref="fl-2"/>
      </object_component>
      <object_component id="oc-108">
         <name>.debug_info</name>
         <load_address>0x7166</load_address>
         <run_address>0x7166</run_address>
         <size>0xbb</size>
         <input_file_ref idref="fl-2"/>
      </object_component>
      <object_component id="oc-289">
         <name>.debug_info</name>
         <load_address>0x7221</load_address>
         <run_address>0x7221</run_address>
         <size>0x102</size>
         <input_file_ref idref="fl-2"/>
      </object_component>
      <object_component id="oc-126">
         <name>.debug_info</name>
         <load_address>0x7323</load_address>
         <run_address>0x7323</run_address>
         <size>0xec1</size>
         <input_file_ref idref="fl-3"/>
      </object_component>
      <object_component id="oc-cc">
         <name>.debug_info</name>
         <load_address>0x81e4</load_address>
         <run_address>0x81e4</run_address>
         <size>0x20e</size>
         <input_file_ref idref="fl-3"/>
      </object_component>
      <object_component id="oc-102">
         <name>.debug_info</name>
         <load_address>0x83f2</load_address>
         <run_address>0x83f2</run_address>
         <size>0x141</size>
         <input_file_ref idref="fl-3"/>
      </object_component>
      <object_component id="oc-105">
         <name>.debug_info</name>
         <load_address>0x8533</load_address>
         <run_address>0x8533</run_address>
         <size>0xd7</size>
         <input_file_ref idref="fl-3"/>
      </object_component>
      <object_component id="oc-1ee">
         <name>.debug_info</name>
         <load_address>0x860a</load_address>
         <run_address>0x860a</run_address>
         <size>0xe0</size>
         <input_file_ref idref="fl-3"/>
      </object_component>
      <object_component id="oc-b4">
         <name>.debug_info</name>
         <load_address>0x86ea</load_address>
         <run_address>0x86ea</run_address>
         <size>0x5b2</size>
         <input_file_ref idref="fl-3"/>
      </object_component>
      <object_component id="oc-76">
         <name>.debug_info</name>
         <load_address>0x8c9c</load_address>
         <run_address>0x8c9c</run_address>
         <size>0x116</size>
         <input_file_ref idref="fl-3"/>
      </object_component>
      <object_component id="oc-88">
         <name>.debug_info</name>
         <load_address>0x8db2</load_address>
         <run_address>0x8db2</run_address>
         <size>0x202</size>
         <input_file_ref idref="fl-3"/>
      </object_component>
      <object_component id="oc-82">
         <name>.debug_info</name>
         <load_address>0x8fb4</load_address>
         <run_address>0x8fb4</run_address>
         <size>0x1b9</size>
         <input_file_ref idref="fl-3"/>
      </object_component>
      <object_component id="oc-7c">
         <name>.debug_info</name>
         <load_address>0x916d</load_address>
         <run_address>0x916d</run_address>
         <size>0x212</size>
         <input_file_ref idref="fl-3"/>
      </object_component>
      <object_component id="oc-27f">
         <name>.debug_info</name>
         <load_address>0x937f</load_address>
         <run_address>0x937f</run_address>
         <size>0x37e2</size>
         <input_file_ref idref="fl-3"/>
      </object_component>
      <object_component id="oc-14e">
         <name>.debug_info</name>
         <load_address>0xcb61</load_address>
         <run_address>0xcb61</run_address>
         <size>0x2c</size>
         <input_file_ref idref="fl-3"/>
      </object_component>
      <object_component id="oc-301">
         <name>.debug_info</name>
         <load_address>0xcb8d</load_address>
         <run_address>0xcb8d</run_address>
         <size>0x2c</size>
         <input_file_ref idref="fl-3"/>
      </object_component>
      <object_component id="oc-28e">
         <name>.debug_info</name>
         <load_address>0xcbb9</load_address>
         <run_address>0xcbb9</run_address>
         <size>0x35</size>
         <input_file_ref idref="fl-3"/>
      </object_component>
      <object_component id="oc-c5">
         <name>.debug_info</name>
         <load_address>0xcbee</load_address>
         <run_address>0xcbee</run_address>
         <size>0x137</size>
         <input_file_ref idref="fl-4"/>
      </object_component>
      <object_component id="oc-32">
         <name>.debug_info</name>
         <load_address>0xcd25</load_address>
         <run_address>0xcd25</run_address>
         <size>0x84</size>
         <input_file_ref idref="fl-4"/>
      </object_component>
      <object_component id="oc-8d">
         <name>.debug_info</name>
         <load_address>0xcda9</load_address>
         <run_address>0xcda9</run_address>
         <size>0x2d7</size>
         <input_file_ref idref="fl-5"/>
      </object_component>
      <object_component id="oc-27">
         <name>.debug_info</name>
         <load_address>0xd080</load_address>
         <run_address>0xd080</run_address>
         <size>0x103</size>
         <input_file_ref idref="fl-5"/>
      </object_component>
      <object_component id="oc-69">
         <name>.debug_info</name>
         <load_address>0xd183</load_address>
         <run_address>0xd183</run_address>
         <size>0x166</size>
         <input_file_ref idref="fl-5"/>
      </object_component>
      <object_component id="oc-6f">
         <name>.debug_info</name>
         <load_address>0xd2e9</load_address>
         <run_address>0xd2e9</run_address>
         <size>0x14e</size>
         <input_file_ref idref="fl-5"/>
      </object_component>
      <object_component id="oc-2de">
         <name>.debug_info</name>
         <load_address>0xd437</load_address>
         <run_address>0xd437</run_address>
         <size>0x706</size>
         <input_file_ref idref="fl-10"/>
      </object_component>
      <object_component id="oc-252">
         <name>.debug_info</name>
         <load_address>0xdb3d</load_address>
         <run_address>0xdb3d</run_address>
         <size>0x124</size>
         <input_file_ref idref="fl-10"/>
      </object_component>
      <object_component id="oc-24d">
         <name>.debug_info</name>
         <load_address>0xdc61</load_address>
         <run_address>0xdc61</run_address>
         <size>0x1d9</size>
         <input_file_ref idref="fl-10"/>
      </object_component>
      <object_component id="oc-2d7">
         <name>.debug_info</name>
         <load_address>0xde3a</load_address>
         <run_address>0xde3a</run_address>
         <size>0x1b8</size>
         <input_file_ref idref="fl-10"/>
      </object_component>
      <object_component id="oc-18f">
         <name>.debug_info</name>
         <load_address>0xdff2</load_address>
         <run_address>0xdff2</run_address>
         <size>0x1ad</size>
         <input_file_ref idref="fl-10"/>
      </object_component>
      <object_component id="oc-1a7">
         <name>.debug_info</name>
         <load_address>0xe19f</load_address>
         <run_address>0xe19f</run_address>
         <size>0x233</size>
         <input_file_ref idref="fl-10"/>
      </object_component>
      <object_component id="oc-195">
         <name>.debug_info</name>
         <load_address>0xe3d2</load_address>
         <run_address>0xe3d2</run_address>
         <size>0x2fa</size>
         <input_file_ref idref="fl-10"/>
      </object_component>
      <object_component id="oc-19c">
         <name>.debug_info</name>
         <load_address>0xe6cc</load_address>
         <run_address>0xe6cc</run_address>
         <size>0x29b</size>
         <input_file_ref idref="fl-10"/>
      </object_component>
      <object_component id="oc-1ae">
         <name>.debug_info</name>
         <load_address>0xe967</load_address>
         <run_address>0xe967</run_address>
         <size>0x1d9</size>
         <input_file_ref idref="fl-10"/>
      </object_component>
      <object_component id="oc-1b4">
         <name>.debug_info</name>
         <load_address>0xeb40</load_address>
         <run_address>0xeb40</run_address>
         <size>0x1ca</size>
         <input_file_ref idref="fl-10"/>
      </object_component>
      <object_component id="oc-1a1">
         <name>.debug_info</name>
         <load_address>0xed0a</load_address>
         <run_address>0xed0a</run_address>
         <size>0x38b</size>
         <input_file_ref idref="fl-10"/>
      </object_component>
      <object_component id="oc-dd">
         <name>.debug_info</name>
         <load_address>0xf095</load_address>
         <run_address>0xf095</run_address>
         <size>0x22f</size>
         <input_file_ref idref="fl-10"/>
      </object_component>
      <object_component id="oc-11b">
         <name>.debug_info</name>
         <load_address>0xf2c4</load_address>
         <run_address>0xf2c4</run_address>
         <size>0x1eb</size>
         <input_file_ref idref="fl-10"/>
      </object_component>
      <object_component id="oc-fd">
         <name>.debug_info</name>
         <load_address>0xf4af</load_address>
         <run_address>0xf4af</run_address>
         <size>0x1ed</size>
         <input_file_ref idref="fl-10"/>
      </object_component>
      <object_component id="oc-23b">
         <name>.debug_info</name>
         <load_address>0xf69c</load_address>
         <run_address>0xf69c</run_address>
         <size>0x1d6</size>
         <input_file_ref idref="fl-10"/>
      </object_component>
      <object_component id="oc-d1">
         <name>.debug_info</name>
         <load_address>0xf872</load_address>
         <run_address>0xf872</run_address>
         <size>0x1ff</size>
         <input_file_ref idref="fl-10"/>
      </object_component>
      <object_component id="oc-d7">
         <name>.debug_info</name>
         <load_address>0xfa71</load_address>
         <run_address>0xfa71</run_address>
         <size>0x1f1</size>
         <input_file_ref idref="fl-10"/>
      </object_component>
      <object_component id="oc-3d9">
         <name>.debug_info</name>
         <load_address>0xfc62</load_address>
         <run_address>0xfc62</run_address>
         <size>0x431a</size>
         <input_file_ref idref="fl-10"/>
      </object_component>
      <object_component id="oc-3e3">
         <name>.debug_info</name>
         <load_address>0x13f7c</load_address>
         <run_address>0x13f7c</run_address>
         <size>0x26b</size>
         <input_file_ref idref="fl-10"/>
      </object_component>
      <object_component id="oc-3de">
         <name>.debug_info</name>
         <load_address>0x141e7</load_address>
         <run_address>0x141e7</run_address>
         <size>0x1028</size>
         <input_file_ref idref="fl-10"/>
      </object_component>
      <object_component id="oc-335">
         <name>.debug_info</name>
         <load_address>0x1520f</load_address>
         <run_address>0x1520f</run_address>
         <size>0x297</size>
         <input_file_ref idref="fl-10"/>
      </object_component>
      <object_component id="oc-240">
         <name>.debug_info</name>
         <load_address>0x154a6</load_address>
         <run_address>0x154a6</run_address>
         <size>0xef</size>
         <input_file_ref idref="fl-10"/>
      </object_component>
      <object_component id="oc-246">
         <name>.debug_info</name>
         <load_address>0x15595</load_address>
         <run_address>0x15595</run_address>
         <size>0xbb</size>
         <input_file_ref idref="fl-10"/>
      </object_component>
      <object_component id="oc-548">
         <name>.debug_info</name>
         <load_address>0x15650</load_address>
         <run_address>0x15650</run_address>
         <size>0x807</size>
         <input_file_ref idref="fl-11"/>
      </object_component>
      <object_component id="oc-482">
         <name>.debug_info</name>
         <load_address>0x15e57</load_address>
         <run_address>0x15e57</run_address>
         <size>0x140</size>
         <input_file_ref idref="fl-11"/>
      </object_component>
      <object_component id="oc-470">
         <name>.debug_info</name>
         <load_address>0x15f97</load_address>
         <run_address>0x15f97</run_address>
         <size>0x1d9</size>
         <input_file_ref idref="fl-11"/>
      </object_component>
      <object_component id="oc-372">
         <name>.debug_info</name>
         <load_address>0x16170</load_address>
         <run_address>0x16170</run_address>
         <size>0x2a8</size>
         <input_file_ref idref="fl-11"/>
      </object_component>
      <object_component id="oc-542">
         <name>.debug_info</name>
         <load_address>0x16418</load_address>
         <run_address>0x16418</run_address>
         <size>0x1be</size>
         <input_file_ref idref="fl-11"/>
      </object_component>
      <object_component id="oc-171">
         <name>.debug_info</name>
         <load_address>0x165d6</load_address>
         <run_address>0x165d6</run_address>
         <size>0x1e5</size>
         <input_file_ref idref="fl-11"/>
      </object_component>
      <object_component id="oc-47d">
         <name>.debug_info</name>
         <load_address>0x167bb</load_address>
         <run_address>0x167bb</run_address>
         <size>0x28f</size>
         <input_file_ref idref="fl-11"/>
      </object_component>
      <object_component id="oc-29f">
         <name>.debug_info</name>
         <load_address>0x16a4a</load_address>
         <run_address>0x16a4a</run_address>
         <size>0x1eb</size>
         <input_file_ref idref="fl-11"/>
      </object_component>
      <object_component id="oc-477">
         <name>.debug_info</name>
         <load_address>0x16c35</load_address>
         <run_address>0x16c35</run_address>
         <size>0x1d3</size>
         <input_file_ref idref="fl-11"/>
      </object_component>
      <object_component id="oc-596">
         <name>.debug_info</name>
         <load_address>0x16e08</load_address>
         <run_address>0x16e08</run_address>
         <size>0x1b5</size>
         <input_file_ref idref="fl-11"/>
      </object_component>
      <object_component id="oc-183">
         <name>.debug_info</name>
         <load_address>0x16fbd</load_address>
         <run_address>0x16fbd</run_address>
         <size>0x1a3</size>
         <input_file_ref idref="fl-12"/>
      </object_component>
      <object_component id="oc-18a">
         <name>.debug_info</name>
         <load_address>0x17160</load_address>
         <run_address>0x17160</run_address>
         <size>0x1af</size>
         <input_file_ref idref="fl-12"/>
      </object_component>
      <object_component id="oc-342">
         <name>.debug_info</name>
         <load_address>0x1730f</load_address>
         <run_address>0x1730f</run_address>
         <size>0x701</size>
         <input_file_ref idref="fl-13"/>
      </object_component>
      <object_component id="oc-268">
         <name>.debug_info</name>
         <load_address>0x17a10</load_address>
         <run_address>0x17a10</run_address>
         <size>0x135</size>
         <input_file_ref idref="fl-13"/>
      </object_component>
      <object_component id="oc-166">
         <name>.debug_info</name>
         <load_address>0x17b45</load_address>
         <run_address>0x17b45</run_address>
         <size>0x2a3</size>
         <input_file_ref idref="fl-13"/>
      </object_component>
      <object_component id="oc-1ba">
         <name>.debug_info</name>
         <load_address>0x17de8</load_address>
         <run_address>0x17de8</run_address>
         <size>0x274</size>
         <input_file_ref idref="fl-13"/>
      </object_component>
      <object_component id="oc-1c0">
         <name>.debug_info</name>
         <load_address>0x1805c</load_address>
         <run_address>0x1805c</run_address>
         <size>0x254</size>
         <input_file_ref idref="fl-13"/>
      </object_component>
      <object_component id="oc-110">
         <name>.debug_info</name>
         <load_address>0x182b0</load_address>
         <run_address>0x182b0</run_address>
         <size>0x25a</size>
         <input_file_ref idref="fl-13"/>
      </object_component>
      <object_component id="oc-1c6">
[...]
      <symbol id="sm-45a">
         <name>I2C_setSlaveAddress</name>
         <value>0x3deb</value>
         <object_component_ref idref="oc-37e"/>
      </symbol>
      <symbol id="sm-45b">
         <name>I2C_initMaster</name>
         <value>0x30dd</value>
         <object_component_ref idref="oc-378"/>
      </symbol>
      <symbol id="sm-499">
         <name>Interrupt_disableInterrupt</name>
         <value>0x2c5d</value>
         <object_component_ref idref="oc-f5"/>
      </symbol>
      <symbol id="sm-49a">
         <name>Interrupt_enableMaster</name>
         <value>0x3ecd</value>
         <object_component_ref idref="oc-1cf"/>
      </symbol>
      <symbol id="sm-49b">
         <name>Interrupt_enableInterrupt</name>
         <value>0x2cdd</value>
         <object_component_ref idref="oc-113"/>
      </symbol>
      <symbol id="sm-57b">
         <name>PCM_getCoreVoltageLevel</name>
         <value>0x31a1</value>
         <object_component_ref idref="oc-496"/>
      </symbol>
      <symbol id="sm-57c">
         <name>PCM_shutdownDevice</name>
         <value>0x33b5</value>
         <object_component_ref idref="oc-3d0"/>
      </symbol>
      <symbol id="sm-57d">
         <name>PCM_setPowerState</name>
         <value>0x3efd</value>
         <object_component_ref idref="oc-169"/>
      </symbol>
      <symbol id="sm-57e">
         <name>PCM_getPowerMode</name>
         <value>0x31ff</value>
         <object_component_ref idref="oc-490"/>
      </symbol>
      <symbol id="sm-57f">
         <name>PCM_getPowerState</name>
         <value>0x3e01</value>
         <object_component_ref idref="oc-3ac"/>
      </symbol>
      <symbol id="sm-580">
         <name>PCM_gotoLPM4</name>
         <value>0x3edd</value>
         <object_component_ref idref="oc-3ca"/>
      </symbol>
      <symbol id="sm-581">
         <name>PCM_gotoLPM3</name>
         <value>0x2bd9</value>
         <object_component_ref idref="oc-3c4"/>
      </symbol>
      <symbol id="sm-582">
         <name>PCM_gotoLPM0</name>
         <value>0x3c05</value>
         <object_component_ref idref="oc-3be"/>
      </symbol>
      <symbol id="sm-583">
         <name>PCM_setPowerMode</name>
         <value>0x3eed</value>
         <object_component_ref idref="oc-49c"/>
      </symbol>
      <symbol id="sm-591">
         <name>RTC_C_holdClock</name>
         <value>0x3ae5</value>
         <object_component_ref idref="oc-4b2"/>
      </symbol>
      <symbol id="sm-5a7">
         <name>SysCtl_A_getTLVInfo</name>
         <value>0x292d</value>
         <object_component_ref idref="oc-53b"/>
      </symbol>
      <symbol id="sm-5e0">
         <name>Timer32_startTimer</name>
         <value>0x3791</value>
         <object_component_ref idref="oc-352"/>
      </symbol>
      <symbol id="sm-5e1">
         <name>Timer32_setCount</name>
         <value>0x3869</value>
         <object_component_ref idref="oc-34c"/>
      </symbol>
      <symbol id="sm-5e2">
         <name>Timer32_getValue</name>
         <value>0x3f0d</value>
         <object_component_ref idref="oc-358"/>
      </symbol>
      <symbol id="sm-5e3">
         <name>Timer32_haltTimer</name>
         <value>0x3e15</value>
         <object_component_ref idref="oc-35e"/>
      </symbol>
      <symbol id="sm-5e4">
         <name>Timer32_initModule</name>
         <value>0x2fa9</value>
         <object_component_ref idref="oc-394"/>
      </symbol>
      <symbol id="sm-5fc">
         <name>Timer_A_getCounterValue</name>
         <value>0x34af</value>
         <object_component_ref idref="oc-129"/>
      </symbol>
      <symbol id="sm-5fd">
         <name>Timer_A_clearTimer</name>
         <value>0x3d61</value>
         <object_component_ref idref="oc-139"/>
      </symbol>
      <symbol id="sm-63d">
         <name>UART_enableInterrupt</name>
         <value>0x3a2d</value>
         <object_component_ref idref="oc-1c9"/>
      </symbol>
      <symbol id="sm-63e">
         <name>UART_enableModule</name>
         <value>0x3dbf</value>
         <object_component_ref idref="oc-17b"/>
      </symbol>
      <symbol id="sm-63f">
         <name>UART_transmitData</name>
         <value>0x389d</value>
         <object_component_ref idref="oc-1db"/>
      </symbol>
      <symbol id="sm-640">
         <name>UART_initModule</name>
         <value>0x1ef5</value>
         <object_component_ref idref="oc-175"/>
      </symbol>
      <symbol id="sm-64c">
         <name>WDT_A_holdTimer</name>
         <value>0x3c55</value>
         <object_component_ref idref="oc-4ac"/>
      </symbol>
      <symbol id="sm-65e">
         <name>CPU_wfi</name>
         <value>0x3f61</value>
         <object_component_ref idref="oc-4a4"/>
      </symbol>
      <symbol id="sm-65f">
         <name>CPU_cpsie</name>
         <value>0x3f35</value>
         <object_component_ref idref="oc-2e6"/>
      </symbol>
      <symbol id="sm-686">
         <name>sprintf</name>
         <value>0x3661</value>
         <object_component_ref idref="oc-1d5"/>
      </symbol>
      <symbol id="sm-69d">
         <name>__aeabi_dsub</name>
         <value>0x145d</value>
         <object_component_ref idref="oc-134"/>
      </symbol>
      <symbol id="sm-69e">
         <name>__aeabi_dadd</name>
         <value>0x1467</value>
         <object_component_ref idref="oc-134"/>
      </symbol>
      <symbol id="sm-6b2">
         <name>__aeabi_ddiv</name>
         <value>0x1c99</value>
         <object_component_ref idref="oc-eb"/>
      </symbol>
      <symbol id="sm-6bd">
         <name>__aeabi_dmul</name>
         <value>0x232d</value>
         <object_component_ref idref="oc-e6"/>
      </symbol>
      <symbol id="sm-6c9">
         <name>__aeabi_d2f</name>
         <value>0x2f3b</value>
         <object_component_ref idref="oc-f0"/>
      </symbol>
      <symbol id="sm-6d4">
         <name>__aeabi_f2d</name>
         <value>0x37c9</value>
         <object_component_ref idref="oc-12f"/>
      </symbol>
      <symbol id="sm-6ef">
         <name>memcpy</name>
         <value>0x27f9</value>
         <object_component_ref idref="oc-37"/>
      </symbol>
      <symbol id="sm-6f0">
         <name>__aeabi_memcpy</name>
         <value>0x27f9</value>
         <object_component_ref idref="oc-37"/>
      </symbol>
      <symbol id="sm-6f1">
         <name>__aeabi_memcpy8</name>
         <value>0x27f9</value>
         <object_component_ref idref="oc-37"/>
      </symbol>
      <symbol id="sm-6f2">
         <name>__aeabi_memcpy4</name>
         <value>0x27f9</value>
         <object_component_ref idref="oc-37"/>
      </symbol>
      <symbol id="sm-6fc">
         <name>__aeabi_ui2d</name>
         <value>0x3cb9</value>
         <object_component_ref idref="oc-e1"/>
      </symbol>
      <symbol id="sm-710">
         <name>__TI_zero_init_nomemset</name>
         <value>0x3cf5</value>
         <object_component_ref idref="oc-43"/>
      </symbol>
      <symbol id="sm-727">
         <name>__TI_decompress_none</name>
         <value>0x3f1b</value>
         <object_component_ref idref="oc-1d"/>
      </symbol>
      <symbol id="sm-74a">
         <name>__TI_decompress_lzss</name>
         <value>0x3011</value>
         <object_component_ref idref="oc-17"/>
      </symbol>
      <symbol id="sm-75d">
         <name>__stack</name>
         <value>0x2000fe00</value>
         <object_component_ref idref="oc-29"/>
      </symbol>
      <symbol id="sm-75e">
         <name>_c_int00_noargs</name>
         <value>0x38d1</value>
         <object_component_ref idref="oc-55"/>
      </symbol>
      <symbol id="sm-8c3">
         <name>__TI_printfi</name>
         <value>0xe5</value>
         <object_component_ref idref="oc-2ed"/>
      </symbol>
      <symbol id="sm-8e5">
         <name>__aeabi_cdcmpeq</name>
         <value>0x2a49</value>
         <object_component_ref idref="oc-403"/>
      </symbol>
      <symbol id="sm-8e6">
         <name>__aeabi_cdcmple</name>
         <value>0x2a49</value>
         <object_component_ref idref="oc-403"/>
      </symbol>
      <symbol id="sm-8e7">
         <name>__aeabi_cdrcmple</name>
         <value>0x2acf</value>
         <object_component_ref idref="oc-4c8"/>
      </symbol>
      <symbol id="sm-8f1">
         <name>__aeabi_d2iz</name>
         <value>0x3591</value>
         <object_component_ref idref="oc-4cd"/>
      </symbol>
      <symbol id="sm-8fb">
         <name>__aeabi_i2d</name>
         <value>0x3a5d</value>
         <object_component_ref idref="oc-4d8"/>
      </symbol>
      <symbol id="sm-90a">
         <name>__aeabi_memset</name>
         <value>0x2ddb</value>
         <object_component_ref idref="oc-a5"/>
      </symbol>
      <symbol id="sm-90b">
         <name>memset</name>
         <value>0x2de1</value>
         <object_component_ref idref="oc-a5"/>
      </symbol>
      <symbol id="sm-90c">
         <name>__aeabi_memset8</name>
         <value>0x2ddb</value>
         <object_component_ref idref="oc-a5"/>
      </symbol>
      <symbol id="sm-90d">
         <name>__aeabi_memset4</name>
         <value>0x2ddb</value>
         <object_component_ref idref="oc-a5"/>
      </symbol>
      <symbol id="sm-90e">
         <name>__aeabi_memclr8</name>
         <value>0x2dd9</value>
         <object_component_ref idref="oc-a5"/>
      </symbol>
      <symbol id="sm-90f">
         <name>__aeabi_memclr4</name>
         <value>0x2dd9</value>
         <object_component_ref idref="oc-a5"/>
      </symbol>
      <symbol id="sm-910">
         <name>__aeabi_memclr</name>
         <value>0x2dd9</value>
         <object_component_ref idref="oc-a5"/>
      </symbol>
      <symbol id="sm-91d">
         <name>__aeabi_uldivmod</name>
         <value>0x2895</value>
         <object_component_ref idref="oc-4c1"/>
      </symbol>
      <symbol id="sm-945">
         <name>__TI_auto_init_nobinit_nopinit</name>
         <value>0x35d9</value>
         <object_component_ref idref="oc-204"/>
      </symbol>
      <symbol id="sm-94f">
         <name>_system_pre_init</name>
         <value>0x3f65</value>
         <object_component_ref idref="oc-ab"/>
      </symbol>
      <symbol id="sm-95b">
         <name>C$$EXIT</name>
         <value>0x3f69</value>
         <object_component_ref idref="oc-1f8"/>
      </symbol>
      <symbol id="sm-95c">
         <name>abort</name>
         <value>0x3f69</value>
         <object_component_ref idref="oc-1f8"/>
      </symbol>
      <symbol id="sm-96c">
         <name>__TI_ltoa</name>
         <value>0x3409</value>
         <object_component_ref idref="oc-4d2"/>
      </symbol>
      <symbol id="sm-983">
         <name>atoi</name>
         <value>0x34fd</value>
         <object_component_ref idref="oc-3f7"/>
      </symbol>
      <symbol id="sm-98e">
         <name>_ctypes_</name>
         <value>0x3f6c</value>
         <object_component_ref idref="oc-4bc"/>
      </symbol>
      <symbol id="sm-99e">
         <name>memccpy</name>
         <value>0x3d11</value>
         <object_component_ref idref="oc-420"/>
      </symbol>
      <symbol id="sm-9ae">
         <name>strchr</name>
         <value>0x3dd5</value>
         <object_component_ref idref="oc-504"/>
      </symbol>
      <symbol id="sm-9bc">
         <name>strlen</name>
         <value>0x3e3d</value>
         <object_component_ref idref="oc-3f1"/>
      </symbol>
      <symbol id="sm-9d2">
         <name>__aeabi_errno_addr</name>
         <value>0x3f59</value>
         <object_component_ref idref="oc-42c"/>
      </symbol>
      <symbol id="sm-9d3">
         <name>errno</name>
         <value>0x200001f4</value>
         <object_component_ref idref="oc-514"/>
      </symbol>
      <symbol id="sm-9f3">
         <name>frexpl</name>
         <value>0x3079</value>
         <object_component_ref idref="oc-4f8"/>
      </symbol>
      <symbol id="sm-9f4">
         <name>frexp</name>
         <value>0x3079</value>
         <object_component_ref idref="oc-4f8"/>
      </symbol>
      <symbol id="sm-a11">
         <name>scalbn</name>
         <value>0x2011</value>
         <object_component_ref idref="oc-4fe"/>
      </symbol>
      <symbol id="sm-a12">
         <name>scalbnl</name>
         <value>0x2011</value>
         <object_component_ref idref="oc-4fe"/>
      </symbol>
      <symbol id="sm-a13">
         <name>ldexpl</name>
         <value>0x2011</value>
         <object_component_ref idref="oc-4fe"/>
      </symbol>
      <symbol id="sm-a14">
         <name>ldexp</name>
         <value>0x2011</value>
         <object_component_ref idref="oc-4fe"/>
      </symbol>
      <symbol id="sm-a1e">
         <name>copysign</name>
         <value>0x3d2d</value>
         <object_component_ref idref="oc-575"/>
      </symbol>
      <symbol id="sm-a1f">
         <name>copysignl</name>
         <value>0x3d2d</value>
         <object_component_ref idref="oc-575"/>
      </symbol>
      <symbol id="sm-a38">
         <name>wcslen</name>
         <value>0x3e99</value>
         <object_component_ref idref="oc-426"/>
      </symbol>
      <symbol id="sm-a42">
         <name>__aeabi_idiv0</name>
         <value>0x1dcf</value>
         <object_component_ref idref="oc-55f"/>
      </symbol>
      <symbol id="sm-a43">
         <name>__aeabi_ldiv0</name>
         <value>0x1dcf</value>
         <object_component_ref idref="oc-55f"/>
      </symbol>
      <symbol id="sm-a44">
         <name>__TI_static_base__</name>
         <value>0x0</value>
      </symbol>
      <symbol id="sm-a47">
         <name>__mpu_init</name>
         <value>0x0</value>
      </symbol>
      <symbol id="sm-a48">
         <name>_system_post_cinit</name>
         <value>0x0</value>
      </symbol>
      <symbol id="sm-a49">
         <name>NMI_Handler</name>
         <value>0x1613</value>
      </symbol>
      <symbol id="sm-a4a">
         <name>HardFault_Handler</name>
         <value>0x1613</value>
      </symbol>
      <symbol id="sm-a4b">
         <name>MemManage_Handler</name>
         <value>0x1613</value>
      </symbol>
      <symbol id="sm-a4c">
         <name>BusFault_Handler</name>
         <value>0x1613</value>
      </symbol>
      <symbol id="sm-a4d">
         <name>UsageFault_Handler</name>
         <value>0x1613</value>
      </symbol>
      <symbol id="sm-a4e">
         <name>SVC_Handler</name>
         <value>0x1613</value>
      </symbol>
      <symbol id="sm-a4f">
         <name>DebugMon_Handler</name>
         <value>0x1613</value>
      </symbol>
      <symbol id="sm-a50">
         <name>PendSV_Handler</name>
         <value>0x1613</value>
      </symbol>
      <symbol id="sm-a51">
         <name>SysTick_Handler</name>
         <value>0x1613</value>
      </symbol>
      <symbol id="sm-a52">
         <name>PSS_IRQHandler</name>
         <value>0x1613</value>
      </symbol>
      <symbol id="sm-a53">
         <name>CS_IRQHandler</name>
         <value>0x1613</value>
      </symbol>
      <symbol id="sm-a54">
         <name>PCM_IRQHandler</name>
         <value>0x1613</value>
      </symbol>
      <symbol id="sm-a55">
         <name>WDT_A_IRQHandler</name>
         <value>0x1613</value>
      </symbol>
      <symbol id="sm-a56">
         <name>FPU_IRQHandler</name>
         <value>0x1613</value>
      </symbol>
      <symbol id="sm-a57">
         <name>FLCTL_IRQHandler</name>
         <value>0x1613</value>
      </symbol>
      <symbol id="sm-a58">
         <name>COMP_E0_IRQHandler</name>
         <value>0x1613</value>
      </symbol>
      <symbol id="sm-a59">
         <name>COMP_E1_IRQHandler</name>
         <value>0x1613</value>
      </symbol>
      <symbol id="sm-a5a">
         <name>TA0_0_IRQHandler</name>
         <value>0x3c2d</value>
      </symbol>
      <symbol id="sm-a5b">
         <name>TA0_N_IRQHandler</name>
         <value>0x1613</value>
      </symbol>
      <symbol id="sm-a5c">
         <name>TA1_0_IRQHandler</name>
         <value>0x1613</value>
      </symbol>
      <symbol id="sm-a5d">
         <name>TA1_N_IRQHandler</name>
         <value>0x1613</value>
      </symbol>
      <symbol id="sm-a5e">
         <name>TA2_0_IRQHandler</name>
         <value>0x1613</value>
      </symbol>
      <symbol id="sm-a5f">
         <name>TA2_N_IRQHandler</name>
         <value>0x1613</value>
      </symbol>
      <symbol id="sm-a60">
         <name>TA3_0_IRQHandler</name>
         <value>0x1613</value>
      </symbol>
      <symbol id="sm-a61">
         <name>TA3_N_IRQHandler</name>
         <value>0x1613</value>
      </symbol>
      <symbol id="sm-a62">
         <name>EUSCIA0_IRQHandler</name>
         <value>0x1613</value>
      </symbol>
      <symbol id="sm-a63">
         <name>EUSCIA1_IRQHandler</name>
         <value>0x1613</value>
      </symbol>
      <symbol id="sm-a64">
         <name>EUSCIA2_IRQHandler</name>
         <value>0x1613</value>
      </symbol>
      <symbol id="sm-a65">
         <name>EUSCIA3_IRQHandler</name>
         <value>0x1613</value>
      </symbol>
      <symbol id="sm-a66">
         <name>EUSCIB0_IRQHandler</name>
         <value>0x1613</value>
      </symbol>
      <symbol id="sm-a67">
         <name>EUSCIB1_IRQHandler</name>
         <value>0x1613</value>
      </symbol>
      <symbol id="sm-a68">
         <name>EUSCIB2_IRQHandler</name>
         <value>0x1613</value>
      </symbol>
      <symbol id="sm-a69">
         <name>EUSCIB3_IRQHandler</name>
         <value>0x1613</value>
      </symbol>
      <symbol id="sm-a6a">
         <name>ADC14_IRQHandler</name>
         <value>0x2521</value>
      </symbol>
      <symbol id="sm-a6b">
         <name>T32_INT1_IRQHandler</name>
         <value>0x1613</value>
      </symbol>
      <symbol id="sm-a6c">
         <name>T32_INT2_IRQHandler</name>
         <value>0x1613</value>
      </symbol>
      <symbol id="sm-a6d">
         <name>T32_INTC_IRQHandler</name>
         <value>0x1613</value>
      </symbol>
      <symbol id="sm-a6e">
         <name>AES256_IRQHandler</name>
         <value>0x1613</value>
      </symbol>
      <symbol id="sm-a6f">
         <name>RTC_C_IRQHandler</name>
         <value>0x1613</value>
      </symbol>
      <symbol id="sm-a70">
         <name>DMA_ERR_IRQHandler</name>
         <value>0x1613</value>
      </symbol>
      <symbol id="sm-a71">
         <name>DMA_INT3_IRQHandler</name>
         <value>0x1613</value>
      </symbol>
      <symbol id="sm-a72">
         <name>DMA_INT2_IRQHandler</name>
         <value>0x1613</value>
      </symbol>
      <symbol id="sm-a73">
         <name>DMA_INT1_IRQHandler</name>
         <value>0x1613</value>
      </symbol>
      <symbol id="sm-a74">
         <name>DMA_INT0_IRQHandler</name>
         <value>0x1613</value>
      </symbol>
      <symbol id="sm-a75">
         <name>PORT1_IRQHandler</name>
         <value>0x1a1d</value>
      </symbol>
      <symbol id="sm-a76">
         <name>PORT2_IRQHandler</name>
         <value>0x1613</value>
      </symbol>
      <symbol id="sm-a77">
         <name>PORT3_IRQHandler</name>
         <value>0x1613</value>
      </symbol>
      <symbol id="sm-a78">
         <name>PORT4_IRQHandler</name>
         <value>0x1613</value>
      </symbol>
      <symbol id="sm-a79">
         <name>PORT5_IRQHandler</name>
         <value>0x18d1</value>
      </symbol>
      <symbol id="sm-a7a">
         <name>PORT6_IRQHandler</name>
         <value>0x1613</value>
      </symbol>
   </symbol_table>
   <title>Link successful</title>
</link_info>
