******************************************************************************
                  TI ARM Linker PC v20.2.6                     
******************************************************************************
>> Linked Mon Jun 20 10:22:52 2022

OUTPUT FILE NAME:   <Proyecto01.out>
ENTRY POINT SYMBOL: "_c_int00_noargs"  address: 000038d1


MEMORY CONFIGURATION

         name            origin    length      used     unused   attr    fill
----------------------  --------  ---------  --------  --------  ----  --------
  MAIN                  00000000   00040000  000041a4  0003be5c  R  X
  INFO                  00200000   00004000  00000000  00004000  R  X
  SRAM_CODE             01000000   00010000  000003f8  0000fc08  RW X
  SRAM_DATA             20000000   00010000  000003f8  0000fc08  RW  


SEGMENT ALLOCATION MAP

run origin  load origin   length   init length attrs members
----------  ----------- ---------- ----------- ----- -------
00000000    00000000    000041a8   000041a8    r-x
  00000000    00000000    000000e4   000000e4    r-- .intvecs
  000000e4    000000e4    00003e88   00003e88    r-x .text
  00003f6c    00003f6c    00000208   00000208    r-- .const
  00004178    00004178    00000030   00000030    r-- .cinit
20000000    20000000    000001f8   00000000    rw-
  20000000    20000000    000001f0   00000000    rw- .bss
  200001f0    200001f0    00000008   00000000    rw- .data
2000fe00    2000fe00    00000200   00000000    rw-
  2000fe00    2000fe00    00000200   00000000    rw- .stack


SECTION ALLOCATION MAP

 output                                  attributes/
section   page    origin      length       input sections
--------  ----  ----------  ----------   ----------------
.intvecs   0    00000000    000000e4     
                  00000000    000000e4     startup_msp432p401r_ccs.obj (.intvecs:retain)

.text      0    000000e4    00003e88     
                  000000e4    00000a4e     rtsv7M4_T_le_v4SPD16_eabi.lib : _printfi.c.obj (.text:__TI_printfi)
                  00000b32    0000028a     msp432p4xx_driverlib.lib : pcm.o (.text:__PCM_setPowerStateAdvanced)
                  00000dbc    00000270     rtsv7M4_T_le_v4SPD16_eabi.lib : _printfi.c.obj (.text:_pconv_a)
                  0000102c    00000260     main.obj (.text:main)
                  0000128c    000001d0     rtsv7M4_T_le_v4SPD16_eabi.lib : _printfi.c.obj (.text:_pconv_g)
                  0000145c    000001b6                                   : fd_add_t2.asm.obj (.text)
                  00001612    00000002     startup_msp432p401r_ccs.obj (.text:Default_Handler)
                  00001614    00000160     msp432p4xx_driverlib.lib : adc14.o (.text:_getIndexForMemRegister)
                  00001774    0000015c                              : pcm.o (.text:__PCM_setPowerModeAdvanced)
                  000018d0    0000014c     main.obj (.text:PORT5_IRQHandler)
                  00001a1c    00000140     main.obj (.text:PORT1_IRQHandler)
                  00001b5c    0000013c     rtsv7M4_T_le_v4SPD16_eabi.lib : _printfi.c.obj (.text:_pconv_e)
                  00001c98    00000136                                   : fd_div_t2.asm.obj (.text)
                  00001dce    00000002                                   : div0.asm.obj (.text)
                  00001dd0    00000124                                   : _printfi.c.obj (.text:fcvt)
                  00001ef4    0000011c     msp432p4xx_driverlib.lib : uart.o (.text:UART_initModule)
                  00002010    00000110     rtsv7M4_T_le_v4SPD16_eabi.lib : s_scalbn.c.obj (.text:scalbn)
                  00002120    00000108     msp432p4xx_driverlib.lib : pcm.o (.text:__PCM_setCoreVoltageLevelAdvanced)
                  00002228    00000104                              : cs.o (.text:_CSComputeCLKFrequency)
                  0000232c    000000fc     rtsv7M4_T_le_v4SPD16_eabi.lib : fd_mul_t2.asm.obj (.text)
                  00002428    000000f8     msp432p4xx_driverlib.lib : cs.o (.text:CS_getDCOFrequency)
                  00002520    000000c4     main.obj (.text:ADC14_IRQHandler)
                  000025e4    000000b4     msp432p4xx_driverlib.lib : adc14.o (.text:ADC14_configureConversionMemory)
                  00002698    000000b1     rtsv7M4_T_le_v4SPD16_eabi.lib : _printfi.c.obj (.text:_ltostr)
                  00002749    00000003     --HOLE-- [fill = 0]
                  0000274c    000000ac     i2c_lcd.obj (.text:LCD_init)
                  000027f8    0000009c     rtsv7M4_T_le_v4SPD16_eabi.lib : memcpy_t2.asm.obj (.text)
                  00002894    00000096                                   : ull_div_t2.asm.obj (.text)
                  0000292a    00000002     --HOLE-- [fill = 0]
                  0000292c    00000094     msp432p4xx_driverlib.lib : sysctl_a.o (.text:SysCtl_A_getTLVInfo)
                  000029c0    00000088                              : gpio.o (.text:GPIO_setAsPeripheralModuleFunctionInputPin)
                  00002a48    00000086     rtsv7M4_T_le_v4SPD16_eabi.lib : fd_cmp_t2.asm.obj (.text:__aeabi_cdcmple)
                  00002ace    00000086                                   : fd_cmp_t2.asm.obj (.text:__aeabi_cdrcmple)
                  00002b54    00000084     msp432p4xx_driverlib.lib : i2c.o (.text:I2C_masterSendSingleByte)
                  00002bd8    00000084                              : pcm.o (.text:PCM_gotoLPM3)
                  00002c5c    00000080                              : interrupt.o (.text:Interrupt_disableInterrupt)
                  00002cdc    00000080                              : interrupt.o (.text:Interrupt_enableInterrupt)
                  00002d5c    0000007c                              : cs.o (.text:_CSGetDOCFrequency)
                  00002dd8    0000007a     rtsv7M4_T_le_v4SPD16_eabi.lib : memset_t2.asm.obj (.text)
                  00002e52    00000002     --HOLE-- [fill = 0]
                  00002e54    00000078     system_msp432p401r.obj (.text:SystemInit)
                  00002ecc    0000006e     rtsv7M4_T_le_v4SPD16_eabi.lib : _printfi.c.obj (.text:_mcpy)
                  00002f3a    0000006e                                   : fd_tos_t2.asm.obj (.text)
                  00002fa8    00000068     msp432p4xx_driverlib.lib : timer32.o (.text:Timer32_initModule)
                  00003010    00000068     rtsv7M4_T_le_v4SPD16_eabi.lib : copy_decompress_lzss.c.obj (.text:decompress:lzss:__TI_decompress_lzss)
                  00003078    00000064                                   : s_frexp.c.obj (.text:frexp)
                  000030dc    00000062     msp432p4xx_driverlib.lib : i2c.o (.text:I2C_initMaster)
                  0000313e    00000062                              : cs.o (.text:_CSGetDividerValue)
                  000031a0    0000005e                              : pcm.o (.text:PCM_getCoreVoltageLevel)
                  000031fe    0000005a                              : pcm.o (.text:PCM_getPowerMode)
                  00003258    00000058                              : adc14.o (.text:ADC14_configureSingleSampleMode)
                  000032b0    00000058                              : gpio.o (.text:GPIO_setAsInputPinWithPullUpResistor)
                  00003308    00000056     rtsv7M4_T_le_v4SPD16_eabi.lib : _printfi.c.obj (.text:_pconv_f)
                  0000335e    00000002     --HOLE-- [fill = 0]
                  00003360    00000054     msp432p4xx_driverlib.lib : adc14.o (.text:ADC14_initModule)
                  000033b4    00000054                              : pcm.o (.text:PCM_shutdownDevice)
                  00003408    00000054     rtsv7M4_T_le_v4SPD16_eabi.lib : _ltoa.c.obj (.text:__TI_ltoa)
                  0000345c    00000052                                   : _printfi.c.obj (.text:_ecpy)
                  000034ae    0000004c     msp432p4xx_driverlib.lib : timer_a.o (.text:Timer_A_getCounterValue)
                  000034fa    00000002     --HOLE-- [fill = 0]
                  000034fc    0000004c     rtsv7M4_T_le_v4SPD16_eabi.lib : atoi.c.obj (.text:atoi)
                  00003548    00000048     i2c_lcd.obj (.text:LCD_setCursorPosition)
                  00003590    00000048     rtsv7M4_T_le_v4SPD16_eabi.lib : fd_toi_t2.asm.obj (.text)
                  000035d8    00000044                                   : autoinit.c.obj (.text:__TI_auto_init_nobinit_nopinit:__TI_auto_init_nobinit_nopinit)
                  0000361c    00000042     i2c_lcd.obj (.text:_send)
                  0000365e    00000002     --HOLE-- [fill = 0]
                  00003660    00000040     rtsv7M4_T_le_v4SPD16_eabi.lib : sprintf.c.obj (.text:sprintf)
                  000036a0    0000003e                                   : _printfi.c.obj (.text:_fcpy)
                  000036de    00000002     --HOLE-- [fill = 0]
                  000036e0    0000003c     msp432p4xx_driverlib.lib : gpio.o (.text:GPIO_interruptEdgeSelect)
                  0000371c    0000003c     i2c_lcd.obj (.text:_i2cInit)
                  00003758    00000038     msp432p4xx_driverlib.lib : adc14.o (.text:ADC14_getEnabledInterruptStatus)
                  00003790    00000038                              : timer32.o (.text:Timer32_startTimer)
                  000037c8    00000038     rtsv7M4_T_le_v4SPD16_eabi.lib : fs_tod_t2.asm.obj (.text)
                  00003800    00000034     msp432p4xx_driverlib.lib : adc14.o (.text:ADC14_enableSampleTimer)
                  00003834    00000034                              : cs.o (.text:CS_setDCOCenteredFrequency)
                  00003868    00000034                              : timer32.o (.text:Timer32_setCount)
                  0000389c    00000034                              : uart.o (.text:UART_transmitData)
                  000038d0    00000034     rtsv7M4_T_le_v4SPD16_eabi.lib : boot_cortex_m.c.obj (.text:_c_int00_noargs:_c_int00_noargs)
                  00003904    00000034     i2c_lcd.obj (.text:_delayMicroseconds)
                  00003938    00000032     i2c_lcd.obj (.text:LCD_writeString)
                  0000396a    00000002     --HOLE-- [fill = 0]
                  0000396c    00000030     msp432p4xx_driverlib.lib : adc14.o (.text:ADC14_clearInterruptFlag)
                  0000399c    00000030                              : adc14.o (.text:ADC14_disableInterrupt)
                  000039cc    00000030                              : adc14.o (.text:ADC14_enableInterrupt)
                  000039fc    00000030                              : cs.o (.text:CS_clearInterruptFlag)
                  00003a2c    00000030                              : uart.o (.text:UART_enableInterrupt)
                  00003a5c    0000002e     rtsv7M4_T_le_v4SPD16_eabi.lib : i_tofd_t2.asm.obj (.text)
                  00003a8a    00000002     --HOLE-- [fill = 0]
                  00003a8c    0000002c     msp432p4xx_driverlib.lib : adc14.o (.text:ADC14_getInterruptStatus)
                  00003ab8    0000002c                              : adc14.o (.text:ADC14_toggleConversionTrigger)
                  00003ae4    0000002c                              : rtc_c.o (.text:RTC_C_holdClock)
                  00003b10    0000002c     i2c_lcd.obj (.text:_pulseEnable)
                  00003b3c    00000028     msp432p4xx_driverlib.lib : adc14.o (.text:ADC14_enableConversion)
                  00003b64    00000028                              : adc14.o (.text:ADC14_getResult)
                  00003b8c    00000028                              : cs.o (.text:CS_getSMCLK)
                  00003bb4    00000028                              : gpio.o (.text:GPIO_clearInterruptFlag)
                  00003bdc    00000028                              : gpio.o (.text:GPIO_enableInterrupt)
                  00003c04    00000028                              : pcm.o (.text:PCM_gotoLPM0)
                  00003c2c    00000028     main.obj (.text:TA0_0_IRQHandler)
                  00003c54    00000024     msp432p4xx_driverlib.lib : wdt_a.o (.text:WDT_A_holdTimer)
                  00003c78    00000020     i2c_lcd.obj (.text:LCD_displayOn)
                  00003c98    00000020     i2c_lcd.obj (.text:_expanderWrite)
                  00003cb8    00000020     rtsv7M4_T_le_v4SPD16_eabi.lib : u_tofd_t2.asm.obj (.text)
                  00003cd8    0000001c     msp432p4xx_driverlib.lib : i2c.o (.text:I2C_setMode)
                  00003cf4    0000001c     rtsv7M4_T_le_v4SPD16_eabi.lib : copy_zero_init.c.obj (.text:decompress:ZI:__TI_zero_init_nomemset:__TI_zero_init_nomemset)
                  00003d10    0000001c                                   : memccpy.c.obj (.text:memccpy)
                  00003d2c    0000001a                                   : s_copysign.c.obj (.text:copysign)
                  00003d46    00000002     --HOLE-- [fill = 0]
                  00003d48    00000018     msp432p4xx_driverlib.lib : fpu.o (.text:FPU_enableModule)
                  00003d60    00000018                              : timer_a.o (.text:Timer_A_clearTimer)
                  00003d78    00000018     rtsv7M4_T_le_v4SPD16_eabi.lib : sprintf.c.obj (.text:_outs)
                  00003d90    00000018     i2c_lcd.obj (.text:_write4bits)
                  00003da8    00000016     msp432p4xx_driverlib.lib : i2c.o (.text:I2C_enableModule)
                  00003dbe    00000016                              : uart.o (.text:UART_enableModule)
                  00003dd4    00000016     rtsv7M4_T_le_v4SPD16_eabi.lib : strchr.c.obj (.text:strchr)
                  00003dea    00000014     msp432p4xx_driverlib.lib : i2c.o (.text:I2C_setSlaveAddress)
                  00003dfe    00000002     --HOLE-- [fill = 0]
                  00003e00    00000014                              : pcm.o (.text:PCM_getPowerState)
                  00003e14    00000014                              : timer32.o (.text:Timer32_haltTimer)
                  00003e28    00000014     i2c_lcd.obj (.text:_delayInit)
                  00003e3c    00000014     rtsv7M4_T_le_v4SPD16_eabi.lib : strlen.c.obj (.text:strlen)
                  00003e50    00000012     i2c_lcd.obj (.text:LCD_clear)
                  00003e62    00000012     i2c_lcd.obj (.text:LCD_home)
                  00003e74    00000012     i2c_lcd.obj (.text:LCD_writeChar)
                  00003e86    00000012     i2c_lcd.obj (.text:_command)
                  00003e98    00000012     rtsv7M4_T_le_v4SPD16_eabi.lib : wcslen.c.obj (.text:wcslen)
                  00003eaa    00000002     --HOLE-- [fill = 0]
                  00003eac    00000010     msp432p4xx_driverlib.lib : adc14.o (.text:ADCIsConversionRunning)
                  00003ebc    00000010                              : fpu.o (.text:FPU_enableLazyStacking)
                  00003ecc    00000010                              : interrupt.o (.text:Interrupt_enableMaster)
                  00003edc    00000010                              : pcm.o (.text:PCM_gotoLPM4)
                  00003eec    00000010                              : pcm.o (.text:PCM_setPowerMode)
                  00003efc    00000010                              : pcm.o (.text:PCM_setPowerState)
                  00003f0c    0000000e                              : timer32.o (.text:Timer32_getValue)
                  00003f1a    0000000e     rtsv7M4_T_le_v4SPD16_eabi.lib : copy_decompress_none.c.obj (.text:decompress:none:__TI_decompress_none)
                  00003f28    0000000c     msp432p4xx_driverlib.lib : adc14.o (.text:ADC14_enableModule)
                  00003f34    0000000c                              : cpu.o (.text:CPU_cpsie)
                  00003f40    0000000c     startup_msp432p401r_ccs.obj (.text:Reset_Handler)
                  00003f4c    0000000a     rtsv7M4_T_le_v4SPD16_eabi.lib : sprintf.c.obj (.text:_outc)
                  00003f56    00000002     --HOLE-- [fill = 0]
                  00003f58    00000008                                   : errno.c.obj (.text:__aeabi_errno_addr)
                  00003f60    00000004     msp432p4xx_driverlib.lib : cpu.o (.text:CPU_wfi)
                  00003f64    00000004     rtsv7M4_T_le_v4SPD16_eabi.lib : pre_init.c.obj (.text:_system_pre_init)
                  00003f68    00000004                                   : exit.c.obj (.text:abort:abort)

.const     0    00003f6c    00000208     
                  00003f6c    00000101     rtsv7M4_T_le_v4SPD16_eabi.lib : ctype.c.obj (.const:.string:_ctypes_)
                  0000406d    00000003     --HOLE-- [fill = 0]
                  00004070    00000080     msp432p4xx_driverlib.lib : adc14.o (.const:_ctlRegs)
                  000040f0    00000030                              : gpio.o (.const:GPIO_PORT_TO_BASE)
                  00004120    00000028     main.obj (.const:uartConfig)
                  00004148    00000014     i2c_lcd.obj (.const:i2cConfig)
                  0000415c    00000008     i2c_lcd.obj (.const:$P$T0$1)
                  00004164    00000008     msp432p4xx_driverlib.lib : interrupt.o (.const:g_pulDisRegs)
                  0000416c    00000008                              : interrupt.o (.const:g_pulEnRegs)

.cinit     0    00004178    00000030     
                  00004178    0000000c     (__TI_handler_table)
                  00004184    0000000b     (.cinit..data.load) [load image, compression = lzss]
                  0000418f    00000001     --HOLE-- [fill = 0]
                  00004190    00000008     (.cinit..bss.load) [load image, compression = zero_init]
                  00004198    00000010     (__TI_cinit_table)

.init_array 
*          0    00000000    00000000     UNINITIALIZED

.binit     0    00000000    00000000     

.bss       0    20000000    000001f0     UNINITIALIZED
                  20000000    00000190     main.obj (.bss:buffer)
                  20000190    00000024     main.obj (.bss)
                  200001b4    00000020     (.common:msg)
                  200001d4    00000010     (.common:msg2)
                  200001e4    00000008     msp432p4xx_driverlib.lib : cs.o (.bss)
                  200001ec    00000003     i2c_lcd.obj (.bss)
                  200001ef    00000001     (.common:t)

.data      0    200001f0    00000008     UNINITIALIZED
                  200001f0    00000004     main.obj (.data)
                  200001f4    00000004     rtsv7M4_T_le_v4SPD16_eabi.lib : errno.c.obj (.data)

.stack     0    2000fe00    00000200     UNINITIALIZED
                  2000fe00    00000004     rtsv7M4_T_le_v4SPD16_eabi.lib : boot_cortex_m.c.obj (.stack)
                  2000fe04    000001fc     --HOLE--

__llvm_prf_cnts 
*          0    20000000    00000000     UNINITIALIZED

MODULE SUMMARY

       Module                        code    ro data   rw data
       ------                        ----    -------   -------
    .\
       main.obj                      1496    40        978    
       i2c_lcd.obj                   696     28        6      
       system_msp432p401r.obj        120     0         0      
    +--+-----------------------------+-------+---------+---------+
       Total:                        2312    68        984    
                                                              
    .\ccs\
       startup_msp432p401r_ccs.obj   14      228       0      
    +--+-----------------------------+-------+---------+---------+
       Total:                        14      228       0      
                                                              
    C:/ti/simplelink_msp432p4_sdk_3_40_01_02/source/ti/devices/msp432p4xx/driverlib/ccs/msp432p4xx_driverlib.lib
       pcm.o                         1770    0         0      
       adc14.o                       1152    128       0      
       cs.o                          870     0         16     
       gpio.o                        364     48        0      
       uart.o                        406     0         0      
       i2c.o                         300     0         0      
       interrupt.o                   272     16        0      
       timer32.o                     246     0         0      
       sysctl_a.o                    148     0         0      
       timer_a.o                     100     0         0      
       rtc_c.o                       44      0         0      
       fpu.o                         40      0         0      
       wdt_a.o                       36      0         0      
       cpu.o                         16      0         0      
    +--+-----------------------------+-------+---------+---------+
       Total:                        5764    192       16     
                                                              
    D:\ProgramFiles\ti\ccs1110\ccs\tools\compiler\ti-cgt-arm_20.2.6.LTS\lib\rtsv7M4_T_le_v4SPD16_eabi.lib
       _printfi.c.obj                4851    0         0      
       fd_add_t2.asm.obj             438     0         0      
       fd_div_t2.asm.obj             310     0         0      
       s_scalbn.c.obj                272     0         0      
       fd_cmp_t2.asm.obj             268     0         0      
       ctype.c.obj                   0       257       0      
       fd_mul_t2.asm.obj             252     0         0      
       memcpy_t2.asm.obj             156     0         0      
       ull_div_t2.asm.obj            150     0         0      
       memset_t2.asm.obj             122     0         0      
       fd_tos_t2.asm.obj             110     0         0      
       copy_decompress_lzss.c.obj    104     0         0      
       s_frexp.c.obj                 100     0         0      
       sprintf.c.obj                 98      0         0      
       _ltoa.c.obj                   84      0         0      
       atoi.c.obj                    76      0         0      
       fd_toi_t2.asm.obj             72      0         0      
       autoinit.c.obj                68      0         0      
       fs_tod_t2.asm.obj             56      0         0      
       boot_cortex_m.c.obj           52      0         0      
       i_tofd_t2.asm.obj             46      0         0      
       u_tofd_t2.asm.obj             32      0         0      
       copy_zero_init.c.obj          28      0         0      
       memccpy.c.obj                 28      0         0      
       s_copysign.c.obj              26      0         0      
       strchr.c.obj                  22      0         0      
       strlen.c.obj                  20      0         0      
       wcslen.c.obj                  18      0         0      
       errno.c.obj                   8       0         8      
       copy_decompress_none.c.obj    14      0         0      
       exit.c.obj                    4       0         0      
       pre_init.c.obj                4       0         0      
       div0.asm.obj                  2       0         0      
    +--+-----------------------------+-------+---------+---------+
       Total:                        7891    257       8      
                                                              
       Stack:                        0       0         1024   
       Linker Generated:             0       47        0      
    +--+-----------------------------+-------+---------+---------+
       Grand Total:                  15981   792       2032   


LINKER GENERATED COPY TABLES

__TI_cinit_table @ 00004198 records: 2, size/record: 8, table size: 16
	.data: load addr=00004184, load size=0000000b bytes, run addr=200001f0, run size=00000008 bytes, compression=lzss
	.bss: load addr=00004190, load size=00000008 bytes, run addr=20000000, run size=000001f0 bytes, compression=zero_init


LINKER GENERATED HANDLER TABLE

__TI_handler_table @ 00004178 records: 3, size/record: 4, table size: 12
	index: 0, handler: __TI_decompress_lzss
	index: 1, handler: __TI_decompress_none
	index: 2, handler: __TI_zero_init


GLOBAL SYMBOLS: SORTED ALPHABETICALLY BY Name 

address   name                                      
-------   ----                                      
00002521  ADC14_IRQHandler                          
00002521  ADC14_IRQHandler                          
0000396d  ADC14_clearInterruptFlag                  
000025e5  ADC14_configureConversionMemory           
00003259  ADC14_configureSingleSampleMode           
0000399d  ADC14_disableInterrupt                    
00003b3d  ADC14_enableConversion                    
000039cd  ADC14_enableInterrupt                     
00003f29  ADC14_enableModule                        
00003801  ADC14_enableSampleTimer                   
00003759  ADC14_getEnabledInterruptStatus           
00003a8d  ADC14_getInterruptStatus                  
00003b65  ADC14_getResult                           
00003361  ADC14_initModule                          
00003ab9  ADC14_toggleConversionTrigger             
00001613  AES256_IRQHandler                         
00001613  BusFault_Handler                          
00003f69  C$$EXIT                                   
00001613  COMP_E0_IRQHandler                        
00001613  COMP_E1_IRQHandler                        
00003f35  CPU_cpsie                                 
00003f61  CPU_wfi                                   
00001613  CS_IRQHandler                             
000039fd  CS_clearInterruptFlag                     
00002429  CS_getDCOFrequency                        
00003b8d  CS_getSMCLK                               
00003835  CS_setDCOCenteredFrequency                
00001613  DMA_ERR_IRQHandler                        
00001613  DMA_INT0_IRQHandler                       
00001613  DMA_INT1_IRQHandler                       
00001613  DMA_INT2_IRQHandler                       
00001613  DMA_INT3_IRQHandler                       
200001f1  DatosUART                                 
00001613  DebugMon_Handler                          
00001613  Default_Handler                           
00001613  EUSCIA0_IRQHandler                        
00001613  EUSCIA1_IRQHandler                        
00001613  EUSCIA2_IRQHandler                        
00001613  EUSCIA3_IRQHandler                        
00001613  EUSCIB0_IRQHandler                        
00001613  EUSCIB1_IRQHandler                        
00001613  EUSCIB2_IRQHandler                        
00001613  EUSCIB3_IRQHandler                        
00001613  FLCTL_IRQHandler                          
00001613  FPU_IRQHandler                            
00003ebd  FPU_enableLazyStacking                    
00003d49  FPU_enableModule                          
00003bb5  GPIO_clearInterruptFlag                   
00003bdd  GPIO_enableInterrupt                      
000036e1  GPIO_interruptEdgeSelect                  
000032b1  GPIO_setAsInputPinWithPullUpResistor      
000029c1  GPIO_setAsPeripheralModuleFunctionInputPin
00001613  HardFault_Handler                         
00003da9  I2C_enableModule                          
000030dd  I2C_initMaster                            
00002b55  I2C_masterSendSingleByte                  
00003cd9  I2C_setMode                               
00003deb  I2C_setSlaveAddress                       
200001f2  ImpFrecuencia                             
00002c5d  Interrupt_disableInterrupt                
00002cdd  Interrupt_enableInterrupt                 
00003ecd  Interrupt_enableMaster                    
00003e51  LCD_clear                                 
00003c79  LCD_displayOn                             
00003e63  LCD_home                                  
0000274d  LCD_init                                  
00003549  LCD_setCursorPosition                     
00003e75  LCD_writeChar                             
00003939  LCD_writeString                           
200001f0  LecturaADC                                
00001613  MemManage_Handler                         
00001613  NMI_Handler                               
00001613  PCM_IRQHandler                            
000031a1  PCM_getCoreVoltageLevel                   
000031ff  PCM_getPowerMode                          
00003e01  PCM_getPowerState                         
00003c05  PCM_gotoLPM0                              
00002bd9  PCM_gotoLPM3                              
00003edd  PCM_gotoLPM4                              
00003eed  PCM_setPowerMode                          
00003efd  PCM_setPowerState                         
000033b5  PCM_shutdownDevice                        
00001a1d  PORT1_IRQHandler                          
00001a1d  PORT1_IRQHandler                          
00001613  PORT2_IRQHandler                          
00001613  PORT3_IRQHandler                          
00001613  PORT4_IRQHandler                          
000018d1  PORT5_IRQHandler                          
000018d1  PORT5_IRQHandler                          
00001613  PORT6_IRQHandler                          
00001613  PSS_IRQHandler                            
00001613  PendSV_Handler                            
00001613  RTC_C_IRQHandler                          
00003ae5  RTC_C_holdClock                           
00003f41  Reset_Handler                             
00001613  SVC_Handler                               
0000292d  SysCtl_A_getTLVInfo                       
00001613  SysTick_Handler                           
00002e55  SystemInit                                
00001613  T32_INT1_IRQHandler                       
00001613  T32_INT2_IRQHandler                       
00001613  T32_INTC_IRQHandler                       
00003c2d  TA0_0_IRQHandler                          
00003c2d  TA0_0_IRQHandler                          
00001613  TA0_N_IRQHandler                          
00001613  TA1_0_IRQHandler                          
00001613  TA1_N_IRQHandler                          
00001613  TA2_0_IRQHandler                          
00001613  TA2_N_IRQHandler                          
00001613  TA3_0_IRQHandler                          
00001613  TA3_N_IRQHandler                          
00003f0d  Timer32_getValue                          
00003e15  Timer32_haltTimer                         
00002fa9  Timer32_initModule                        
00003869  Timer32_setCount                          
00003791  Timer32_startTimer                        
00003d61  Timer_A_clearTimer                        
000034af  Timer_A_getCounterValue                   
00003a2d  UART_enableInterrupt                      
00003dbf  UART_enableModule                         
00001ef5  UART_initModule                           
0000389d  UART_transmitData                         
00001613  UsageFault_Handler                        
4000480c  WDTCTL_SYM                                
00001613  WDT_A_IRQHandler                          
00003c55  WDT_A_holdTimer                           
20010000  __STACK_END                               
00000200  __STACK_SIZE                              
00004198  __TI_CINIT_Base                           
000041a8  __TI_CINIT_Limit                          
00004178  __TI_Handler_Table_Base                   
00004184  __TI_Handler_Table_Limit                  
000035d9  __TI_auto_init_nobinit_nopinit            
00003011  __TI_decompress_lzss                      
00003f1b  __TI_decompress_none                      
00003409  __TI_ltoa                                 
ffffffff  __TI_pprof_out_hndl                       
000000e5  __TI_printfi                              
ffffffff  __TI_prof_data_size                       
ffffffff  __TI_prof_data_start                      
00000000  __TI_static_base__                        
00003cf5  __TI_zero_init_nomemset                   
00002a49  __aeabi_cdcmpeq                           
00002a49  __aeabi_cdcmple                           
00002acf  __aeabi_cdrcmple                          
00002f3b  __aeabi_d2f                               
00003591  __aeabi_d2iz                              
00001467  __aeabi_dadd                              
00001c99  __aeabi_ddiv                              
0000232d  __aeabi_dmul                              
0000145d  __aeabi_dsub                              
00003f59  __aeabi_errno_addr                        
000037c9  __aeabi_f2d                               
00003a5d  __aeabi_i2d                               
00001dcf  __aeabi_idiv0                             
00001dcf  __aeabi_ldiv0                             
00002dd9  __aeabi_memclr                            
00002dd9  __aeabi_memclr4                           
00002dd9  __aeabi_memclr8                           
000027f9  __aeabi_memcpy                            
000027f9  __aeabi_memcpy4                           
000027f9  __aeabi_memcpy8                           
00002ddb  __aeabi_memset                            
00002ddb  __aeabi_memset4                           
00002ddb  __aeabi_memset8                           
00003cb9  __aeabi_ui2d                              
00002895  __aeabi_uldivmod                          
ffffffff  __binit__                                 
ffffffff  __c_args__                                
UNDEFED   __mpu_init                                
2000fe00  __stack                                   
20000000  __start___llvm_prf_cnts                   
20000000  __stop___llvm_prf_cnts                    
000038d1  _c_int00_noargs                           
00003f6c  _ctypes_                                  
UNDEFED   _system_post_cinit                        
00003f65  _system_pre_init                          
00003f69  abort                                     
000034fd  atoi                                      
ffffffff  binit                                     
00003d2d  copysign                                  
00003d2d  copysignl                                 
200001f4  errno                                     
00003079  frexp                                     
00003079  frexpl                                    
00004148  i2cConfig                                 
00000000  interruptVectors                          
200001f3  l                                         
00002011  ldexp                                     
00002011  ldexpl                                    
0000102d  main                                      
00003d11  memccpy                                   
000027f9  memcpy                                    
00002de1  memset                                    
200001b4  msg                                       
200001d4  msg2                                      
00002011  scalbn                                    
00002011  scalbnl                                   
00003661  sprintf                                   
00003dd5  strchr                                    
00003e3d  strlen                                    
200001ef  t                                         
00004120  uartConfig                                
00003e99  wcslen                                    


GLOBAL SYMBOLS: SORTED BY Symbol Address 

address   name                                      
-------   ----                                      
00000000  __TI_static_base__                        
00000000  interruptVectors                          
000000e5  __TI_printfi                              
00000200  __STACK_SIZE                              
0000102d  main                                      
0000145d  __aeabi_dsub                              
00001467  __aeabi_dadd                              
00001613  AES256_IRQHandler                         
00001613  BusFault_Handler                          
00001613  COMP_E0_IRQHandler                        
00001613  COMP_E1_IRQHandler                        
00001613  CS_IRQHandler                             
00001613  DMA_ERR_IRQHandler                        
00001613  DMA_INT0_IRQHandler                       
00001613  DMA_INT1_IRQHandler                       
00001613  DMA_INT2_IRQHandler                       
00001613  DMA_INT3_IRQHandler                       
00001613  DebugMon_Handler                          
00001613  Default_Handler                           
00001613  EUSCIA0_IRQHandler                        
00001613  EUSCIA1_IRQHandler                        
00001613  EUSCIA2_IRQHandler                        
00001613  EUSCIA3_IRQHandler                        
00001613  EUSCIB0_IRQHandler                        
00001613  EUSCIB1_IRQHandler                        
00001613  EUSCIB2_IRQHandler                        
00001613  EUSCIB3_IRQHandler                        
00001613  FLCTL_IRQHandler                          
00001613  FPU_IRQHandler                            
00001613  HardFault_Handler                         
00001613  MemManage_Handler                         
00001613  NMI_Handler                               
00001613  PCM_IRQHandler                            
00001613  PORT2_IRQHandler                          
00001613  PORT3_IRQHandler                          
00001613  PORT4_IRQHandler                          
00001613  PORT6_IRQHandler                          
00001613  PSS_IRQHandler                            
00001613  PendSV_Handler                            
00001613  RTC_C_IRQHandler                          
00001613  SVC_Handler                               
00001613  SysTick_Handler                           
00001613  T32_INT1_IRQHandler                       
00001613  T32_INT2_IRQHandler                       
00001613  T32_INTC_IRQHandler                       
00001613  TA0_N_IRQHandler                          
00001613  TA1_0_IRQHandler                          
00001613  TA1_N_IRQHandler                          
00001613  TA2_0_IRQHandler                          
00001613  TA2_N_IRQHandler                          
00001613  TA3_0_IRQHandler                          
00001613  TA3_N_IRQHandler                          
00001613  UsageFault_Handler                        
00001613  WDT_A_IRQHandler                          
000018d1  PORT5_IRQHandler                          
000018d1  PORT5_IRQHandler                          
00001a1d  PORT1_IRQHandler                          
00001a1d  PORT1_IRQHandler                          
00001c99  __aeabi_ddiv                              
00001dcf  __aeabi_idiv0                             
00001dcf  __aeabi_ldiv0                             
00001ef5  UART_initModule                           
00002011  ldexp                                     
00002011  ldexpl                                    
00002011  scalbn                                    
00002011  scalbnl                                   
0000232d  __aeabi_dmul                              
00002429  CS_getDCOFrequency                        
00002521  ADC14_IRQHandler                          
00002521  ADC14_IRQHandler                          
000025e5  ADC14_configureConversionMemory           
0000274d  LCD_init                                  
000027f9  __aeabi_memcpy                            
000027f9  __aeabi_memcpy4                           
000027f9  __aeabi_memcpy8                           
000027f9  memcpy                                    
00002895  __aeabi_uldivmod                          
0000292d  SysCtl_A_getTLVInfo                       
000029c1  GPIO_setAsPeripheralModuleFunctionInputPin
00002a49  __aeabi_cdcmpeq                           
00002a49  __aeabi_cdcmple                           
00002acf  __aeabi_cdrcmple                          
00002b55  I2C_masterSendSingleByte                  
00002bd9  PCM_gotoLPM3                              
00002c5d  Interrupt_disableInterrupt                
00002cdd  Interrupt_enableInterrupt                 
00002dd9  __aeabi_memclr                            
00002dd9  __aeabi_memclr4                           
00002dd9  __aeabi_memclr8                           
00002ddb  __aeabi_memset                            
00002ddb  __aeabi_memset4                           
00002ddb  __aeabi_memset8                           
00002de1  memset                                    
00002e55  SystemInit                                
00002f3b  __aeabi_d2f                               
00002fa9  Timer32_initModule                        
00003011  __TI_decompress_lzss                      
00003079  frexp                                     
00003079  frexpl                                    
000030dd  I2C_initMaster                            
000031a1  PCM_getCoreVoltageLevel                   
000031ff  PCM_getPowerMode                          
00003259  ADC14_configureSingleSampleMode           
000032b1  GPIO_setAsInputPinWithPullUpResistor      
00003361  ADC14_initModule                          
000033b5  PCM_shutdownDevice                        
00003409  __TI_ltoa                                 
000034af  Timer_A_getCounterValue                   
000034fd  atoi                                      
00003549  LCD_setCursorPosition                     
00003591  __aeabi_d2iz                              
000035d9  __TI_auto_init_nobinit_nopinit            
00003661  sprintf                                   
000036e1  GPIO_interruptEdgeSelect                  
00003759  ADC14_getEnabledInterruptStatus           
00003791  Timer32_startTimer                        
000037c9  __aeabi_f2d                               
00003801  ADC14_enableSampleTimer                   
00003835  CS_setDCOCenteredFrequency                
00003869  Timer32_setCount                          
0000389d  UART_transmitData                         
000038d1  _c_int00_noargs                           
00003939  LCD_writeString                           
0000396d  ADC14_clearInterruptFlag                  
0000399d  ADC14_disableInterrupt                    
000039cd  ADC14_enableInterrupt                     
000039fd  CS_clearInterruptFlag                     
00003a2d  UART_enableInterrupt                      
00003a5d  __aeabi_i2d                               
00003a8d  ADC14_getInterruptStatus                  
00003ab9  ADC14_toggleConversionTrigger             
00003ae5  RTC_C_holdClock                           
00003b3d  ADC14_enableConversion                    
00003b65  ADC14_getResult                           
00003b8d  CS_getSMCLK                               
00003bb5  GPIO_clearInterruptFlag                   
00003bdd  GPIO_enableInterrupt                      
00003c05  PCM_gotoLPM0                              
00003c2d  TA0_0_IRQHandler                          
00003c2d  TA0_0_IRQHandler                          
00003c55  WDT_A_holdTimer                           
00003c79  LCD_displayOn                             
00003cb9  __aeabi_ui2d                              
00003cd9  I2C_setMode                               
00003cf5  __TI_zero_init_nomemset                   
00003d11  memccpy                                   
00003d2d  copysign                                  
00003d2d  copysignl                                 
00003d49  FPU_enableModule                          
00003d61  Timer_A_clearTimer                        
00003da9  I2C_enableModule                          
00003dbf  UART_enableModule                         
00003dd5  strchr                                    
00003deb  I2C_setSlaveAddress                       
00003e01  PCM_getPowerState                         
00003e15  Timer32_haltTimer                         
00003e3d  strlen                                    
00003e51  LCD_clear                                 
00003e63  LCD_home                                  
00003e75  LCD_writeChar                             
00003e99  wcslen                                    
00003ebd  FPU_enableLazyStacking                    
00003ecd  Interrupt_enableMaster                    
00003edd  PCM_gotoLPM4                              
00003eed  PCM_setPowerMode                          
00003efd  PCM_setPowerState                         
00003f0d  Timer32_getValue                          
00003f1b  __TI_decompress_none                      
00003f29  ADC14_enableModule                        
00003f35  CPU_cpsie                                 
00003f41  Reset_Handler                             
00003f59  __aeabi_errno_addr                        
00003f61  CPU_wfi                                   
00003f65  _system_pre_init                          
00003f69  C$$EXIT                                   
00003f69  abort                                     
00003f6c  _ctypes_                                  
00004120  uartConfig                                
00004148  i2cConfig                                 
00004178  __TI_Handler_Table_Base                   
00004184  __TI_Handler_Table_Limit                  
00004198  __TI_CINIT_Base                           
000041a8  __TI_CINIT_Limit                          
20000000  __start___llvm_prf_cnts                   
20000000  __stop___llvm_prf_cnts                    
200001b4  msg                                       
200001d4  msg2                                      
200001ef  t                                         
200001f0  LecturaADC                                
200001f1  DatosUART                                 
200001f2  ImpFrecuencia                             
200001f3  l                                         
200001f4  errno                                     
2000fe00  __stack                                   
20010000  __STACK_END                               
4000480c  WDTCTL_SYM                                
ffffffff  __TI_pprof_out_hndl                       
ffffffff  __TI_prof_data_size                       
ffffffff  __TI_prof_data_start                      
ffffffff  __binit__                                 
ffffffff  __c_args__                                
ffffffff  binit                                     
UNDEFED   __mpu_init                                
UNDEFED   _system_post_cinit                        

[204 symbols]
