******************************************************************************
                  TI ARM Linker PC v20.2.6                     
******************************************************************************
>> Linked Thu May  5 16:08:15 2022

OUTPUT FILE NAME:   <Encrypt_AES_Rx.out>
ENTRY POINT SYMBOL: "_c_int00_noargs"  address: 000008ad


MEMORY CONFIGURATION

         name            origin    length      used     unused   attr    fill
----------------------  --------  ---------  --------  --------  ----  --------
  MAIN                  00000000   00040000  00000a66  0003f59a  R  X
  INFO                  00200000   00004000  00000000  00004000  R  X
  SRAM_CODE             01000000   00010000  0000025a  0000fda6  RW X
  SRAM_DATA             20000000   00010000  0000025a  0000fda6  RW  


SEGMENT ALLOCATION MAP

run origin  load origin   length   init length attrs members
----------  ----------- ---------- ----------- ----- -------
00000000    00000000    00000a68   00000a68    r-x
  00000000    00000000    000000e4   000000e4    r-- .intvecs
  000000e4    000000e4    000008ca   000008ca    r-x .text
  000009b0    000009b0    00000060   00000060    r-- .const
  00000a10    00000a10    00000058   00000058    r-- .cinit
20000000    20000000    0000005c   00000000    rw-
  20000000    20000000    00000036   00000000    rw- .data
  20000038    20000038    00000024   00000000    rw- .bss
2000fe00    2000fe00    00000200   00000000    rw-
  2000fe00    2000fe00    00000200   00000000    rw- .stack


SECTION ALLOCATION MAP

 output                                  attributes/
section   page    origin      length       input sections
--------  ----  ----------  ----------   ----------------
.intvecs   0    00000000    000000e4     
                  00000000    000000e4     startup_msp432p401r_ccs.obj (.intvecs:retain)

.text      0    000000e4    000008ca     
                  000000e4    0000011c     msp432p4xx_driverlib.lib : uart.o (.text:UART_initModule)
                  00000200    0000011c     main.obj (.text:main)
                  0000031c    000000c0     msp432p4xx_driverlib.lib : aes256.o (.text:AES256_setDecipherKey)
                  000003dc    000000b4                              : aes256.o (.text:AES256_decryptData)
                  00000490    0000009c     rtsv7M4_T_le_v4SPD16_eabi.lib : memcpy_t2.asm.obj (.text)
                  0000052c    00000088     msp432p4xx_driverlib.lib : gpio.o (.text:GPIO_setAsPeripheralModuleFunctionInputPin)
                  000005b4    00000080                              : interrupt.o (.text:Interrupt_enableInterrupt)
                  00000634    00000078     system_msp432p401r.obj (.text:SystemInit)
                  000006ac    00000068     rtsv7M4_T_le_v4SPD16_eabi.lib : copy_decompress_lzss.c.obj (.text:decompress:lzss:__TI_decompress_lzss)
                  00000714    00000064     msp432p4xx_driverlib.lib : uart.o (.text:UART_getEnabledInterruptStatus)
                  00000778    0000004c     main.obj (.text:EUSCIA2_IRQHandler)
                  000007c4    00000044     rtsv7M4_T_le_v4SPD16_eabi.lib : autoinit.c.obj (.text:__TI_auto_init_nobinit_nopinit:__TI_auto_init_nobinit_nopinit)
                  00000808    0000003c     main.obj (.text:LED_init)
                  00000844    00000034     msp432p4xx_driverlib.lib : cs.o (.text:CS_setDCOCenteredFrequency)
                  00000878    00000034                              : uart.o (.text:UART_transmitData)
                  000008ac    00000034     rtsv7M4_T_le_v4SPD16_eabi.lib : boot_cortex_m.c.obj (.text:_c_int00_noargs:_c_int00_noargs)
                  000008e0    00000030     msp432p4xx_driverlib.lib : uart.o (.text:UART_enableInterrupt)
                  00000910    00000030                              : uart.o (.text:UART_receiveData)
                  00000940    0000001c     rtsv7M4_T_le_v4SPD16_eabi.lib : copy_zero_init.c.obj (.text:decompress:ZI:__TI_zero_init_nomemset:__TI_zero_init_nomemset)
                  0000095c    00000018     msp432p4xx_driverlib.lib : uart.o (.text:UART_getInterruptStatus)
                  00000974    00000016                              : uart.o (.text:UART_enableModule)
                  0000098a    0000000e     rtsv7M4_T_le_v4SPD16_eabi.lib : copy_decompress_none.c.obj (.text:decompress:none:__TI_decompress_none)
                  00000998    0000000c     startup_msp432p401r_ccs.obj (.text:Reset_Handler)
                  000009a4    00000004     rtsv7M4_T_le_v4SPD16_eabi.lib : pre_init.c.obj (.text:_system_pre_init)
                  000009a8    00000004                                   : exit.c.obj (.text:abort:abort)
                  000009ac    00000002     startup_msp432p401r_ccs.obj (.text:Default_Handler)

.const     0    000009b0    00000060     
                  000009b0    00000030     msp432p4xx_driverlib.lib : gpio.o (.const:GPIO_PORT_TO_BASE)
                  000009e0    00000028     main.obj (.const:uartConfig)
                  00000a08    00000008     msp432p4xx_driverlib.lib : interrupt.o (.const:g_pulEnRegs)

.cinit     0    00000a10    00000058     
                  00000a10    0000002e     (.cinit..data.load) [load image, compression = lzss]
                  00000a3e    00000002     --HOLE-- [fill = 0]
                  00000a40    0000000c     (__TI_handler_table)
                  00000a4c    00000004     --HOLE-- [fill = 0]
                  00000a50    00000008     (.cinit..bss.load) [load image, compression = zero_init]
                  00000a58    00000010     (__TI_cinit_table)

.init_array 
*          0    00000000    00000000     UNINITIALIZED

.binit     0    00000000    00000000     

.data      0    20000000    00000036     UNINITIALIZED
                  20000000    00000020     main.obj (.data:CipherKey)
                  20000020    00000010     main.obj (.data:Dato)
                  20000030    00000006     main.obj (.data)

.bss       0    20000038    00000024     UNINITIALIZED
                  20000038    00000010     main.obj (.bss:DatoAESdesencrip)
                  20000048    00000010     main.obj (.bss:DatoAESencrip)
                  20000058    00000004     (.common:j)

.stack     0    2000fe00    00000200     UNINITIALIZED
                  2000fe00    00000004     rtsv7M4_T_le_v4SPD16_eabi.lib : boot_cortex_m.c.obj (.stack)
                  2000fe04    000001fc     --HOLE--

__llvm_prf_cnts 
*          0    20000000    00000000     UNINITIALIZED

MODULE SUMMARY

       Module                        code   ro data   rw data
       ------                        ----   -------   -------
    .\
       main.obj                      420    40        180    
       system_msp432p401r.obj        120    0         0      
    +--+-----------------------------+------+---------+---------+
       Total:                        540    40        180    
                                                             
    .\ccs\
       startup_msp432p401r_ccs.obj   14     228       0      
    +--+-----------------------------+------+---------+---------+
       Total:                        14     228       0      
                                                             
    D:/ti/simplelink_msp432p4_sdk_3_40_01_02/source/ti/devices/msp432p4xx/driverlib/ccs/msp432p4xx_driverlib.lib
       uart.o                        578    0         0      
       aes256.o                      372    0         0      
       gpio.o                        136    48        0      
       interrupt.o                   128    8         0      
       cs.o                          52     0         0      
    +--+-----------------------------+------+---------+---------+
       Total:                        1266   56        0      
                                                             
    D:\ProgramFiles\ti\ccs1110\ccs\tools\compiler\ti-cgt-arm_20.2.6.LTS\lib\rtsv7M4_T_le_v4SPD16_eabi.lib
       memcpy_t2.asm.obj             156    0         0      
       copy_decompress_lzss.c.obj    104    0         0      
       autoinit.c.obj                68     0         0      
       boot_cortex_m.c.obj           52     0         0      
       copy_zero_init.c.obj          28     0         0      
       copy_decompress_none.c.obj    14     0         0      
       exit.c.obj                    4      0         0      
       pre_init.c.obj                4      0         0      
    +--+-----------------------------+------+---------+---------+
       Total:                        430    0         0      
                                                             
       Stack:                        0      0         1024   
       Linker Generated:             0      82        0      
    +--+-----------------------------+------+---------+---------+
       Grand Total:                  2250   406       1204   


LINKER GENERATED COPY TABLES

__TI_cinit_table @ 00000a58 records: 2, size/record: 8, table size: 16
	.data: load addr=00000a10, load size=0000002e bytes, run addr=20000000, run size=00000036 bytes, compression=lzss
	.bss: load addr=00000a50, load size=00000008 bytes, run addr=20000038, run size=00000024 bytes, compression=zero_init


LINKER GENERATED HANDLER TABLE

__TI_handler_table @ 00000a40 records: 3, size/record: 4, table size: 12
	index: 0, handler: __TI_decompress_lzss
	index: 1, handler: __TI_decompress_none
	index: 2, handler: __TI_zero_init


GLOBAL SYMBOLS: SORTED ALPHABETICALLY BY Name 

address   name                                      
-------   ----                                      
000009ad  ADC14_IRQHandler                          
000009ad  AES256_IRQHandler                         
000003dd  AES256_decryptData                        
0000031d  AES256_setDecipherKey                     
000009ad  BusFault_Handler                          
000009a9  C$$EXIT                                   
000009ad  COMP_E0_IRQHandler                        
000009ad  COMP_E1_IRQHandler                        
000009ad  CS_IRQHandler                             
00000845  CS_setDCOCenteredFrequency                
000009ad  DMA_ERR_IRQHandler                        
000009ad  DMA_INT0_IRQHandler                       
000009ad  DMA_INT1_IRQHandler                       
000009ad  DMA_INT2_IRQHandler                       
000009ad  DMA_INT3_IRQHandler                       
000009ad  DebugMon_Handler                          
000009ad  Default_Handler                           
000009ad  EUSCIA0_IRQHandler                        
000009ad  EUSCIA1_IRQHandler                        
00000779  EUSCIA2_IRQHandler                        
00000779  EUSCIA2_IRQHandler                        
000009ad  EUSCIA3_IRQHandler                        
000009ad  EUSCIB0_IRQHandler                        
000009ad  EUSCIB1_IRQHandler                        
000009ad  EUSCIB2_IRQHandler                        
000009ad  EUSCIB3_IRQHandler                        
000009ad  FLCTL_IRQHandler                          
000009ad  FPU_IRQHandler                            
0000052d  GPIO_setAsPeripheralModuleFunctionInputPin
000009ad  HardFault_Handler                         
000005b5  Interrupt_enableInterrupt                 
00000809  LED_init                                  
000009ad  MemManage_Handler                         
000009ad  NMI_Handler                               
000009ad  PCM_IRQHandler                            
000009ad  PORT1_IRQHandler                          
000009ad  PORT2_IRQHandler                          
000009ad  PORT3_IRQHandler                          
000009ad  PORT4_IRQHandler                          
000009ad  PORT5_IRQHandler                          
000009ad  PORT6_IRQHandler                          
000009ad  PSS_IRQHandler                            
000009ad  PendSV_Handler                            
000009ad  RTC_C_IRQHandler                          
00000999  Reset_Handler                             
000009ad  SVC_Handler                               
000009ad  SysTick_Handler                           
00000635  SystemInit                                
000009ad  T32_INT1_IRQHandler                       
000009ad  T32_INT2_IRQHandler                       
000009ad  T32_INTC_IRQHandler                       
000009ad  TA0_0_IRQHandler                          
000009ad  TA0_N_IRQHandler                          
000009ad  TA1_0_IRQHandler                          
000009ad  TA1_N_IRQHandler                          
000009ad  TA2_0_IRQHandler                          
000009ad  TA2_N_IRQHandler                          
000009ad  TA3_0_IRQHandler                          
000009ad  TA3_N_IRQHandler                          
000008e1  UART_enableInterrupt                      
00000975  UART_enableModule                         
00000715  UART_getEnabledInterruptStatus            
0000095d  UART_getInterruptStatus                   
000000e5  UART_initModule                           
00000911  UART_receiveData                          
00000879  UART_transmitData                         
000009ad  UsageFault_Handler                        
4000480c  WDTCTL_SYM                                
000009ad  WDT_A_IRQHandler                          
20010000  __STACK_END                               
00000200  __STACK_SIZE                              
00000a58  __TI_CINIT_Base                           
00000a68  __TI_CINIT_Limit                          
00000a40  __TI_Handler_Table_Base                   
00000a4c  __TI_Handler_Table_Limit                  
000007c5  __TI_auto_init_nobinit_nopinit            
000006ad  __TI_decompress_lzss                      
0000098b  __TI_decompress_none                      
ffffffff  __TI_pprof_out_hndl                       
ffffffff  __TI_prof_data_size                       
ffffffff  __TI_prof_data_start                      
00000000  __TI_static_base__                        
00000941  __TI_zero_init_nomemset                   
00000491  __aeabi_memcpy                            
00000491  __aeabi_memcpy4                           
00000491  __aeabi_memcpy8                           
ffffffff  __binit__                                 
ffffffff  __c_args__                                
UNDEFED   __mpu_init                                
2000fe00  __stack                                   
20000000  __start___llvm_prf_cnts                   
20000000  __stop___llvm_prf_cnts                    
000008ad  _c_int00_noargs                           
UNDEFED   _system_post_cinit                        
000009a5  _system_pre_init                          
000009a9  abort                                     
ffffffff  binit                                     
20000035  comp                                      
20000034  flg                                       
20000030  i                                         
00000000  interruptVectors                          
20000058  j                                         
00000201  main                                      
00000491  memcpy                                    
000009e0  uartConfig                                


GLOBAL SYMBOLS: SORTED BY Symbol Address 

address   name                                      
-------   ----                                      
00000000  __TI_static_base__                        
00000000  interruptVectors                          
000000e5  UART_initModule                           
00000200  __STACK_SIZE                              
00000201  main                                      
0000031d  AES256_setDecipherKey                     
000003dd  AES256_decryptData                        
00000491  __aeabi_memcpy                            
00000491  __aeabi_memcpy4                           
00000491  __aeabi_memcpy8                           
00000491  memcpy                                    
0000052d  GPIO_setAsPeripheralModuleFunctionInputPin
000005b5  Interrupt_enableInterrupt                 
00000635  SystemInit                                
000006ad  __TI_decompress_lzss                      
00000715  UART_getEnabledInterruptStatus            
00000779  EUSCIA2_IRQHandler                        
00000779  EUSCIA2_IRQHandler                        
000007c5  __TI_auto_init_nobinit_nopinit            
00000809  LED_init                                  
00000845  CS_setDCOCenteredFrequency                
00000879  UART_transmitData                         
000008ad  _c_int00_noargs                           
000008e1  UART_enableInterrupt                      
00000911  UART_receiveData                          
00000941  __TI_zero_init_nomemset                   
0000095d  UART_getInterruptStatus                   
00000975  UART_enableModule                         
0000098b  __TI_decompress_none                      
00000999  Reset_Handler                             
000009a5  _system_pre_init                          
000009a9  C$$EXIT                                   
000009a9  abort                                     
000009ad  ADC14_IRQHandler                          
000009ad  AES256_IRQHandler                         
000009ad  BusFault_Handler                          
000009ad  COMP_E0_IRQHandler                        
000009ad  COMP_E1_IRQHandler                        
000009ad  CS_IRQHandler                             
000009ad  DMA_ERR_IRQHandler                        
000009ad  DMA_INT0_IRQHandler                       
000009ad  DMA_INT1_IRQHandler                       
000009ad  DMA_INT2_IRQHandler                       
000009ad  DMA_INT3_IRQHandler                       
000009ad  DebugMon_Handler                          
000009ad  Default_Handler                           
000009ad  EUSCIA0_IRQHandler                        
000009ad  EUSCIA1_IRQHandler                        
000009ad  EUSCIA3_IRQHandler                        
000009ad  EUSCIB0_IRQHandler                        
000009ad  EUSCIB1_IRQHandler                        
000009ad  EUSCIB2_IRQHandler                        
000009ad  EUSCIB3_IRQHandler                        
000009ad  FLCTL_IRQHandler                          
000009ad  FPU_IRQHandler                            
000009ad  HardFault_Handler                         
000009ad  MemManage_Handler                         
000009ad  NMI_Handler                               
000009ad  PCM_IRQHandler                            
000009ad  PORT1_IRQHandler                          
000009ad  PORT2_IRQHandler                          
000009ad  PORT3_IRQHandler                          
000009ad  PORT4_IRQHandler                          
000009ad  PORT5_IRQHandler                          
000009ad  PORT6_IRQHandler                          
000009ad  PSS_IRQHandler                            
000009ad  PendSV_Handler                            
000009ad  RTC_C_IRQHandler                          
000009ad  SVC_Handler                               
000009ad  SysTick_Handler                           
000009ad  T32_INT1_IRQHandler                       
000009ad  T32_INT2_IRQHandler                       
000009ad  T32_INTC_IRQHandler                       
000009ad  TA0_0_IRQHandler                          
000009ad  TA0_N_IRQHandler                          
000009ad  TA1_0_IRQHandler                          
000009ad  TA1_N_IRQHandler                          
000009ad  TA2_0_IRQHandler                          
000009ad  TA2_N_IRQHandler                          
000009ad  TA3_0_IRQHandler                          
000009ad  TA3_N_IRQHandler                          
000009ad  UsageFault_Handler                        
000009ad  WDT_A_IRQHandler                          
000009e0  uartConfig                                
00000a40  __TI_Handler_Table_Base                   
00000a4c  __TI_Handler_Table_Limit                  
00000a58  __TI_CINIT_Base                           
00000a68  __TI_CINIT_Limit                          
20000000  __start___llvm_prf_cnts                   
20000000  __stop___llvm_prf_cnts                    
20000030  i                                         
20000034  flg                                       
20000035  comp                                      
20000058  j                                         
2000fe00  __stack                                   
20010000  __STACK_END                               
4000480c  WDTCTL_SYM                                
ffffffff  __TI_pprof_out_hndl                       
ffffffff  __TI_prof_data_size                       
ffffffff  __TI_prof_data_start                      
ffffffff  __binit__                                 
ffffffff  __c_args__                                
ffffffff  binit                                     
UNDEFED   __mpu_init                                
UNDEFED   _system_post_cinit                        

[105 symbols]
