******************************************************************************
                  TI ARM Linker PC v20.2.6                     
******************************************************************************
>> Linked Sat Jun 18 01:52:47 2022

OUTPUT FILE NAME:   <Practica03.out>
ENTRY POINT SYMBOL: "_c_int00_noargs"  address: 00000931


MEMORY CONFIGURATION

         name            origin    length      used     unused   attr    fill
----------------------  --------  ---------  --------  --------  ----  --------
  MAIN                  00000000   00040000  00000ae6  0003f51a  R  X
  INFO                  00200000   00004000  00000000  00004000  R  X
  SRAM_CODE             01000000   00010000  00000215  0000fdeb  RW X
  SRAM_DATA             20000000   00010000  00000215  0000fdeb  RW  


SEGMENT ALLOCATION MAP

run origin  load origin   length   init length attrs members
----------  ----------- ---------- ----------- ----- -------
00000000    00000000    00000ae8   00000ae8    r-x
  00000000    00000000    000000e4   000000e4    r-- .intvecs
  000000e4    000000e4    0000099a   0000099a    r-x .text
  00000a80    00000a80    00000038   00000038    r-- .const
  00000ab8    00000ab8    00000030   00000030    r-- .cinit
20000000    20000000    00000015   00000000    rw-
  20000000    20000000    00000014   00000000    rw- .bss
  20000014    20000014    00000001   00000000    rw- .data
2000fe00    2000fe00    00000200   00000000    rw-
  2000fe00    2000fe00    00000200   00000000    rw- .stack


SECTION ALLOCATION MAP

 output                                  attributes/
section   page    origin      length       input sections
--------  ----  ----------  ----------   ----------------
.intvecs   0    00000000    000000e4     
                  00000000    000000e4     startup_msp432p401r_ccs.obj (.intvecs:retain)

.text      0    000000e4    0000099a     
                  000000e4    00000124     main.obj (.text:displays7seg)
                  00000208    00000108     main.obj (.text:PORT5_IRQHandler)
                  00000310    00000104     main.obj (.text:main)
                  00000414    000000fc     rtsv7M4_T_le_v4SPD16_eabi.lib : fd_mul_t2.asm.obj (.text)
                  00000510    0000009c                                   : memcpy_t2.asm.obj (.text)
                  000005ac    00000080     msp432p4xx_driverlib.lib : interrupt.o (.text:Interrupt_enableInterrupt)
                  0000062c    00000078     system_msp432p401r.obj (.text:SystemInit)
                  000006a4    0000006e     rtsv7M4_T_le_v4SPD16_eabi.lib : fd_tos_t2.asm.obj (.text)
                  00000712    00000068                                   : copy_decompress_lzss.c.obj (.text:decompress:lzss:__TI_decompress_lzss)
                  0000077a    00000002     startup_msp432p401r_ccs.obj (.text:Default_Handler)
                  0000077c    00000058     main.obj (.text:Display_init)
                  000007d4    00000058     msp432p4xx_driverlib.lib : gpio.o (.text:GPIO_setAsInputPinWithPullUpResistor)
                  0000082c    0000004c                              : timer_a.o (.text:Timer_A_getCounterValue)
                  00000878    00000044     rtsv7M4_T_le_v4SPD16_eabi.lib : autoinit.c.obj (.text:__TI_auto_init_nobinit_nopinit:__TI_auto_init_nobinit_nopinit)
                  000008bc    0000003c     msp432p4xx_driverlib.lib : gpio.o (.text:GPIO_interruptEdgeSelect)
                  000008f8    00000038     rtsv7M4_T_le_v4SPD16_eabi.lib : fs_tod_t2.asm.obj (.text)
                  00000930    00000034                                   : boot_cortex_m.c.obj (.text:_c_int00_noargs:_c_int00_noargs)
                  00000964    00000030     msp432p4xx_driverlib.lib : uart.o (.text:UART_enableInterrupt)
                  00000994    00000028                              : gpio.o (.text:GPIO_clearInterruptFlag)
                  000009bc    00000028                              : gpio.o (.text:GPIO_enableInterrupt)
                  000009e4    00000028     main.obj (.text:TA0_0_IRQHandler)
                  00000a0c    0000001c     rtsv7M4_T_le_v4SPD16_eabi.lib : copy_zero_init.c.obj (.text:decompress:ZI:__TI_zero_init_nomemset:__TI_zero_init_nomemset)
                  00000a28    00000018     msp432p4xx_driverlib.lib : timer_a.o (.text:Timer_A_clearTimer)
                  00000a40    00000010                              : interrupt.o (.text:Interrupt_enableMaster)
                  00000a50    0000000e     rtsv7M4_T_le_v4SPD16_eabi.lib : copy_decompress_none.c.obj (.text:decompress:none:__TI_decompress_none)
                  00000a5e    0000000c     msp432p4xx_driverlib.lib : cpu.o (.text:CPU_cpsie)
                  00000a6a    0000000c     startup_msp432p401r_ccs.obj (.text:Reset_Handler)
                  00000a76    00000004     rtsv7M4_T_le_v4SPD16_eabi.lib : pre_init.c.obj (.text:_system_pre_init)
                  00000a7a    00000004                                   : exit.c.obj (.text:abort:abort)

.const     0    00000a80    00000038     
                  00000a80    00000030     msp432p4xx_driverlib.lib : gpio.o (.const:GPIO_PORT_TO_BASE)
                  00000ab0    00000008                              : interrupt.o (.const:g_pulEnRegs)

.cinit     0    00000ab8    00000030     
                  00000ab8    0000000c     (__TI_handler_table)
                  00000ac4    00000004     --HOLE-- [fill = 0]
                  00000ac8    00000008     (.cinit..bss.load) [load image, compression = zero_init]
                  00000ad0    00000005     (.cinit..data.load) [load image, compression = lzss]
                  00000ad5    00000003     --HOLE-- [fill = 0]
                  00000ad8    00000010     (__TI_cinit_table)

.init_array 
*          0    00000000    00000000     UNINITIALIZED

.binit     0    00000000    00000000     

.bss       0    20000000    00000014     UNINITIALIZED
                  20000000    00000014     main.obj (.bss)

.data      0    20000014    00000001     UNINITIALIZED
                  20000014    00000001     main.obj (.data)

.stack     0    2000fe00    00000200     UNINITIALIZED
                  2000fe00    00000004     rtsv7M4_T_le_v4SPD16_eabi.lib : boot_cortex_m.c.obj (.stack)
                  2000fe04    000001fc     --HOLE--

__llvm_prf_cnts 
*          0    20000000    00000000     UNINITIALIZED

MODULE SUMMARY

       Module                        code   ro data   rw data
       ------                        ----   -------   -------
    .\
       main.obj                      944    0         42     
       system_msp432p401r.obj        120    0         0      
    +--+-----------------------------+------+---------+---------+
       Total:                        1064   0         42     
                                                             
    .\ccs\
       startup_msp432p401r_ccs.obj   14     228       0      
    +--+-----------------------------+------+---------+---------+
       Total:                        14     228       0      
                                                             
    D:/ti/simplelink_msp432p4_sdk_3_40_01_02/source/ti/devices/msp432p4xx/driverlib/ccs/msp432p4xx_driverlib.lib
       gpio.o                        228    48        0      
       interrupt.o                   144    8         0      
       timer_a.o                     100    0         0      
       uart.o                        48     0         0      
       cpu.o                         12     0         0      
    +--+-----------------------------+------+---------+---------+
       Total:                        532    56        0      
                                                             
    D:\ProgramFiles\ti\ccs1110\ccs\tools\compiler\ti-cgt-arm_20.2.6.LTS\lib\rtsv7M4_T_le_v4SPD16_eabi.lib
       fd_mul_t2.asm.obj             252    0         0      
       memcpy_t2.asm.obj             156    0         0      
       fd_tos_t2.asm.obj             110    0         0      
       copy_decompress_lzss.c.obj    104    0         0      
       autoinit.c.obj                68     0         0      
       fs_tod_t2.asm.obj             56     0         0      
       boot_cortex_m.c.obj           52     0         0      
       copy_zero_init.c.obj          28     0         0      
       copy_decompress_none.c.obj    14     0         0      
       exit.c.obj                    4      0         0      
       pre_init.c.obj                4      0         0      
    +--+-----------------------------+------+---------+---------+
       Total:                        848    0         0      
                                                             
       Stack:                        0      0         1024   
       Linker Generated:             0      41        0      
    +--+-----------------------------+------+---------+---------+
       Grand Total:                  2458   325       1066   


LINKER GENERATED COPY TABLES

__TI_cinit_table @ 00000ad8 records: 2, size/record: 8, table size: 16
	.bss: load addr=00000ac8, load size=00000008 bytes, run addr=20000000, run size=00000014 bytes, compression=zero_init
	.data: load addr=00000ad0, load size=00000005 bytes, run addr=20000014, run size=00000001 bytes, compression=lzss


LINKER GENERATED HANDLER TABLE

__TI_handler_table @ 00000ab8 records: 3, size/record: 4, table size: 12
	index: 0, handler: __TI_decompress_lzss
	index: 1, handler: __TI_decompress_none
	index: 2, handler: __TI_zero_init


GLOBAL SYMBOLS: SORTED ALPHABETICALLY BY Name 

address   name                                
-------   ----                                
0000077b  ADC14_IRQHandler                    
0000077b  AES256_IRQHandler                   
0000077b  BusFault_Handler                    
00000a7b  C$$EXIT                             
0000077b  COMP_E0_IRQHandler                  
0000077b  COMP_E1_IRQHandler                  
00000a5f  CPU_cpsie                           
0000077b  CS_IRQHandler                       
0000077b  DMA_ERR_IRQHandler                  
0000077b  DMA_INT0_IRQHandler                 
0000077b  DMA_INT1_IRQHandler                 
0000077b  DMA_INT2_IRQHandler                 
0000077b  DMA_INT3_IRQHandler                 
0000077b  DebugMon_Handler                    
0000077b  Default_Handler                     
0000077d  Display_init                        
0000077b  EUSCIA0_IRQHandler                  
0000077b  EUSCIA1_IRQHandler                  
0000077b  EUSCIA2_IRQHandler                  
0000077b  EUSCIA3_IRQHandler                  
0000077b  EUSCIB0_IRQHandler                  
0000077b  EUSCIB1_IRQHandler                  
0000077b  EUSCIB2_IRQHandler                  
0000077b  EUSCIB3_IRQHandler                  
0000077b  FLCTL_IRQHandler                    
0000077b  FPU_IRQHandler                      
00000995  GPIO_clearInterruptFlag             
000009bd  GPIO_enableInterrupt                
000008bd  GPIO_interruptEdgeSelect            
000007d5  GPIO_setAsInputPinWithPullUpResistor
0000077b  HardFault_Handler                   
000005ad  Interrupt_enableInterrupt           
00000a41  Interrupt_enableMaster              
0000077b  MemManage_Handler                   
0000077b  NMI_Handler                         
0000077b  PCM_IRQHandler                      
0000077b  PORT1_IRQHandler                    
0000077b  PORT2_IRQHandler                    
0000077b  PORT3_IRQHandler                    
0000077b  PORT4_IRQHandler                    
00000209  PORT5_IRQHandler                    
00000209  PORT5_IRQHandler                    
0000077b  PORT6_IRQHandler                    
0000077b  PSS_IRQHandler                      
0000077b  PendSV_Handler                      
0000077b  RTC_C_IRQHandler                    
00000a6b  Reset_Handler                       
0000077b  SVC_Handler                         
0000077b  SysTick_Handler                     
0000062d  SystemInit                          
0000077b  T32_INT1_IRQHandler                 
0000077b  T32_INT2_IRQHandler                 
0000077b  T32_INTC_IRQHandler                 
000009e5  TA0_0_IRQHandler                    
000009e5  TA0_0_IRQHandler                    
0000077b  TA0_N_IRQHandler                    
0000077b  TA1_0_IRQHandler                    
0000077b  TA1_N_IRQHandler                    
0000077b  TA2_0_IRQHandler                    
0000077b  TA2_N_IRQHandler                    
0000077b  TA3_0_IRQHandler                    
0000077b  TA3_N_IRQHandler                    
00000a29  Timer_A_clearTimer                  
0000082d  Timer_A_getCounterValue             
00000965  UART_enableInterrupt                
0000077b  UsageFault_Handler                  
4000480c  WDTCTL_SYM                          
0000077b  WDT_A_IRQHandler                    
20010000  __STACK_END                         
00000200  __STACK_SIZE                        
00000ad8  __TI_CINIT_Base                     
00000ae8  __TI_CINIT_Limit                    
00000ab8  __TI_Handler_Table_Base             
00000ac4  __TI_Handler_Table_Limit            
00000879  __TI_auto_init_nobinit_nopinit      
00000713  __TI_decompress_lzss                
00000a51  __TI_decompress_none                
ffffffff  __TI_pprof_out_hndl                 
ffffffff  __TI_prof_data_size                 
ffffffff  __TI_prof_data_start                
00000000  __TI_static_base__                  
00000a0d  __TI_zero_init_nomemset             
000006a5  __aeabi_d2f                         
00000415  __aeabi_dmul                        
000008f9  __aeabi_f2d                         
00000511  __aeabi_memcpy                      
00000511  __aeabi_memcpy4                     
00000511  __aeabi_memcpy8                     
ffffffff  __binit__                           
ffffffff  __c_args__                          
UNDEFED   __mpu_init                          
2000fe00  __stack                             
20000000  __start___llvm_prf_cnts             
20000000  __stop___llvm_prf_cnts              
00000931  _c_int00_noargs                     
UNDEFED   _system_post_cinit                  
00000a77  _system_pre_init                    
00000a7b  abort                               
ffffffff  binit                               
000000e5  displays7seg                        
20000014  flg_mostrar                         
00000000  interruptVectors                    
00000311  main                                
00000511  memcpy                              


GLOBAL SYMBOLS: SORTED BY Symbol Address 

address   name                                
-------   ----                                
00000000  __TI_static_base__                  
00000000  interruptVectors                    
000000e5  displays7seg                        
00000200  __STACK_SIZE                        
00000209  PORT5_IRQHandler                    
00000209  PORT5_IRQHandler                    
00000311  main                                
00000415  __aeabi_dmul                        
00000511  __aeabi_memcpy                      
00000511  __aeabi_memcpy4                     
00000511  __aeabi_memcpy8                     
00000511  memcpy                              
000005ad  Interrupt_enableInterrupt           
0000062d  SystemInit                          
000006a5  __aeabi_d2f                         
00000713  __TI_decompress_lzss                
0000077b  ADC14_IRQHandler                    
0000077b  AES256_IRQHandler                   
0000077b  BusFault_Handler                    
0000077b  COMP_E0_IRQHandler                  
0000077b  COMP_E1_IRQHandler                  
0000077b  CS_IRQHandler                       
0000077b  DMA_ERR_IRQHandler                  
0000077b  DMA_INT0_IRQHandler                 
0000077b  DMA_INT1_IRQHandler                 
0000077b  DMA_INT2_IRQHandler                 
0000077b  DMA_INT3_IRQHandler                 
0000077b  DebugMon_Handler                    
0000077b  Default_Handler                     
0000077b  EUSCIA0_IRQHandler                  
0000077b  EUSCIA1_IRQHandler                  
0000077b  EUSCIA2_IRQHandler                  
0000077b  EUSCIA3_IRQHandler                  
0000077b  EUSCIB0_IRQHandler                  
0000077b  EUSCIB1_IRQHandler                  
0000077b  EUSCIB2_IRQHandler                  
0000077b  EUSCIB3_IRQHandler                  
0000077b  FLCTL_IRQHandler                    
0000077b  FPU_IRQHandler                      
0000077b  HardFault_Handler                   
0000077b  MemManage_Handler                   
0000077b  NMI_Handler                         
0000077b  PCM_IRQHandler                      
0000077b  PORT1_IRQHandler                    
0000077b  PORT2_IRQHandler                    
0000077b  PORT3_IRQHandler                    
0000077b  PORT4_IRQHandler                    
0000077b  PORT6_IRQHandler                    
0000077b  PSS_IRQHandler                      
0000077b  PendSV_Handler                      
0000077b  RTC_C_IRQHandler                    
0000077b  SVC_Handler                         
0000077b  SysTick_Handler                     
0000077b  T32_INT1_IRQHandler                 
0000077b  T32_INT2_IRQHandler                 
0000077b  T32_INTC_IRQHandler                 
0000077b  TA0_N_IRQHandler                    
0000077b  TA1_0_IRQHandler                    
0000077b  TA1_N_IRQHandler                    
0000077b  TA2_0_IRQHandler                    
0000077b  TA2_N_IRQHandler                    
0000077b  TA3_0_IRQHandler                    
0000077b  TA3_N_IRQHandler                    
0000077b  UsageFault_Handler                  
0000077b  WDT_A_IRQHandler                    
0000077d  Display_init                        
000007d5  GPIO_setAsInputPinWithPullUpResistor
0000082d  Timer_A_getCounterValue             
00000879  __TI_auto_init_nobinit_nopinit      
000008bd  GPIO_interruptEdgeSelect            
000008f9  __aeabi_f2d                         
00000931  _c_int00_noargs                     
00000965  UART_enableInterrupt                
00000995  GPIO_clearInterruptFlag             
000009bd  GPIO_enableInterrupt                
000009e5  TA0_0_IRQHandler                    
000009e5  TA0_0_IRQHandler                    
00000a0d  __TI_zero_init_nomemset             
00000a29  Timer_A_clearTimer                  
00000a41  Interrupt_enableMaster              
00000a51  __TI_decompress_none                
00000a5f  CPU_cpsie                           
00000a6b  Reset_Handler                       
00000a77  _system_pre_init                    
00000a7b  C$$EXIT                             
00000a7b  abort                               
00000ab8  __TI_Handler_Table_Base             
00000ac4  __TI_Handler_Table_Limit            
00000ad8  __TI_CINIT_Base                     
00000ae8  __TI_CINIT_Limit                    
20000000  __start___llvm_prf_cnts             
20000000  __stop___llvm_prf_cnts              
20000014  flg_mostrar                         
2000fe00  __stack                             
20010000  __STACK_END                         
4000480c  WDTCTL_SYM                          
ffffffff  __TI_pprof_out_hndl                 
ffffffff  __TI_prof_data_size                 
ffffffff  __TI_prof_data_start                
ffffffff  __binit__                           
ffffffff  __c_args__                          
ffffffff  binit                               
UNDEFED   __mpu_init                          
UNDEFED   _system_post_cinit                  

[104 symbols]
