******************************************************************************
                  TI ARM Linker PC v20.2.6                     
******************************************************************************
>> Linked Sat Jun 11 11:44:04 2022

OUTPUT FILE NAME:   <vacio.out>
ENTRY POINT SYMBOL: "_c_int00_noargs"  address: 00000459


MEMORY CONFIGURATION

         name            origin    length      used     unused   attr    fill
----------------------  --------  ---------  --------  --------  ----  --------
  MAIN                  00000000   00040000  0000051c  0003fae4  R  X
  INFO                  00200000   00004000  00000000  00004000  R  X
  SRAM_CODE             01000000   00010000  00000201  0000fdff  RW X
  SRAM_DATA             20000000   00010000  00000201  0000fdff  RW  


SEGMENT ALLOCATION MAP

run origin  load origin   length   init length attrs members
----------  ----------- ---------- ----------- ----- -------
00000000    00000000    00000520   00000520    r-x
  00000000    00000000    000000e4   000000e4    r-- .intvecs
  000000e4    000000e4    00000420   00000420    r-x .text
  00000508    00000508    00000018   00000018    r-- .cinit
20000000    20000000    00000001   00000000    rw-
  20000000    20000000    00000001   00000000    rw- .data
2000fe00    2000fe00    00000200   00000000    rw-
  2000fe00    2000fe00    00000200   00000000    rw- .stack


SECTION ALLOCATION MAP

 output                                  attributes/
section   page    origin      length       input sections
--------  ----  ----------  ----------   ----------------
.intvecs   0    00000000    000000e4     
                  00000000    000000e4     startup_msp432p401r_ccs.obj (.intvecs:retain)

.text      0    000000e4    00000420     
                  000000e4    00000144     main.obj (.text:main)
                  00000228    0000009c     rtsv7M4_T_le_v4SPD16_eabi.lib : memcpy_t2.asm.obj (.text)
                  000002c4    00000078     system_msp432p401r.obj (.text:SystemInit)
                  0000033c    00000070     main.obj (.text:TA0_N_IRQHandler)
                  000003ac    00000068     rtsv7M4_T_le_v4SPD16_eabi.lib : copy_decompress_lzss.c.obj (.text:decompress:lzss:__TI_decompress_lzss)
                  00000414    00000044                                   : autoinit.c.obj (.text:__TI_auto_init_nobinit_nopinit:__TI_auto_init_nobinit_nopinit)
                  00000458    00000034                                   : boot_cortex_m.c.obj (.text:_c_int00_noargs:_c_int00_noargs)
                  0000048c    0000002c     main.obj (.text:LED_init)
                  000004b8    00000028     main.obj (.text:TA0_0_IRQHandler)
                  000004e0    0000000e     rtsv7M4_T_le_v4SPD16_eabi.lib : copy_decompress_none.c.obj (.text:decompress:none:__TI_decompress_none)
                  000004ee    0000000c     startup_msp432p401r_ccs.obj (.text:Reset_Handler)
                  000004fa    00000004     rtsv7M4_T_le_v4SPD16_eabi.lib : pre_init.c.obj (.text:_system_pre_init)
                  000004fe    00000004                                   : exit.c.obj (.text:abort:abort)
                  00000502    00000002     startup_msp432p401r_ccs.obj (.text:Default_Handler)

.cinit     0    00000508    00000018     
                  00000508    00000008     (__TI_handler_table)
                  00000510    00000005     (.cinit..data.load) [load image, compression = lzss]
                  00000515    00000003     --HOLE-- [fill = 0]
                  00000518    00000008     (__TI_cinit_table)

.init_array 
*          0    00000000    00000000     UNINITIALIZED

.binit     0    00000000    00000000     

.data      0    20000000    00000001     UNINITIALIZED
                  20000000    00000001     main.obj (.data)

.stack     0    2000fe00    00000200     UNINITIALIZED
                  2000fe00    00000004     rtsv7M4_T_le_v4SPD16_eabi.lib : boot_cortex_m.c.obj (.stack)
                  2000fe04    000001fc     --HOLE--

__llvm_prf_cnts 
*          0    20000000    00000000     UNINITIALIZED

MODULE SUMMARY

       Module                        code   ro data   rw data
       ------                        ----   -------   -------
    .\
       main.obj                      520    0         2      
       system_msp432p401r.obj        120    0         0      
    +--+-----------------------------+------+---------+---------+
       Total:                        640    0         2      
                                                             
    .\ccs\
       startup_msp432p401r_ccs.obj   14     228       0      
    +--+-----------------------------+------+---------+---------+
       Total:                        14     228       0      
                                                             
    D:\ProgramFiles\ti\ccs1110\ccs\tools\compiler\ti-cgt-arm_20.2.6.LTS\lib\rtsv7M4_T_le_v4SPD16_eabi.lib
       memcpy_t2.asm.obj             156    0         0      
       copy_decompress_lzss.c.obj    104    0         0      
       autoinit.c.obj                68     0         0      
       boot_cortex_m.c.obj           52     0         0      
       copy_decompress_none.c.obj    14     0         0      
       exit.c.obj                    4      0         0      
       pre_init.c.obj                4      0         0      
    +--+-----------------------------+------+---------+---------+
       Total:                        402    0         0      
                                                             
       Stack:                        0      0         1024   
       Linker Generated:             0      21        0      
    +--+-----------------------------+------+---------+---------+
       Grand Total:                  1056   249       1026   


LINKER GENERATED COPY TABLES

__TI_cinit_table @ 00000518 records: 1, size/record: 8, table size: 8
	.data: load addr=00000510, load size=00000005 bytes, run addr=20000000, run size=00000001 bytes, compression=lzss


LINKER GENERATED HANDLER TABLE

__TI_handler_table @ 00000508 records: 2, size/record: 4, table size: 8
	index: 0, handler: __TI_decompress_lzss
	index: 1, handler: __TI_decompress_none


GLOBAL SYMBOLS: SORTED ALPHABETICALLY BY Name 

address   name                          
-------   ----                          
00000503  ADC14_IRQHandler              
00000503  AES256_IRQHandler             
00000503  BusFault_Handler              
000004ff  C$$EXIT                       
00000503  COMP_E0_IRQHandler            
00000503  COMP_E1_IRQHandler            
00000503  CS_IRQHandler                 
00000503  DMA_ERR_IRQHandler            
00000503  DMA_INT0_IRQHandler           
00000503  DMA_INT1_IRQHandler           
00000503  DMA_INT2_IRQHandler           
00000503  DMA_INT3_IRQHandler           
00000503  DebugMon_Handler              
00000503  Default_Handler               
00000503  EUSCIA0_IRQHandler            
00000503  EUSCIA1_IRQHandler            
00000503  EUSCIA2_IRQHandler            
00000503  EUSCIA3_IRQHandler            
00000503  EUSCIB0_IRQHandler            
00000503  EUSCIB1_IRQHandler            
00000503  EUSCIB2_IRQHandler            
00000503  EUSCIB3_IRQHandler            
00000503  FLCTL_IRQHandler              
00000503  FPU_IRQHandler                
00000503  HardFault_Handler             
0000048d  LED_init                      
00000503  MemManage_Handler             
00000503  NMI_Handler                   
00000503  PCM_IRQHandler                
00000503  PORT1_IRQHandler              
00000503  PORT2_IRQHandler              
00000503  PORT3_IRQHandler              
00000503  PORT4_IRQHandler              
00000503  PORT5_IRQHandler              
00000503  PORT6_IRQHandler              
00000503  PSS_IRQHandler                
00000503  PendSV_Handler                
00000503  RTC_C_IRQHandler              
000004ef  Reset_Handler                 
00000503  SVC_Handler                   
00000503  SysTick_Handler               
000002c5  SystemInit                    
00000503  T32_INT1_IRQHandler           
00000503  T32_INT2_IRQHandler           
00000503  T32_INTC_IRQHandler           
000004b9  TA0_0_IRQHandler              
000004b9  TA0_0_IRQHandler              
0000033d  TA0_N_IRQHandler              
0000033d  TA0_N_IRQHandler              
00000503  TA1_0_IRQHandler              
00000503  TA1_N_IRQHandler              
00000503  TA2_0_IRQHandler              
00000503  TA2_N_IRQHandler              
00000503  TA3_0_IRQHandler              
00000503  TA3_N_IRQHandler              
00000503  UsageFault_Handler            
4000480c  WDTCTL_SYM                    
00000503  WDT_A_IRQHandler              
20010000  __STACK_END                   
00000200  __STACK_SIZE                  
00000518  __TI_CINIT_Base               
00000520  __TI_CINIT_Limit              
00000508  __TI_Handler_Table_Base       
00000510  __TI_Handler_Table_Limit      
00000415  __TI_auto_init_nobinit_nopinit
000003ad  __TI_decompress_lzss          
000004e1  __TI_decompress_none          
ffffffff  __TI_pprof_out_hndl           
ffffffff  __TI_prof_data_size           
ffffffff  __TI_prof_data_start          
00000000  __TI_static_base__            
00000229  __aeabi_memcpy                
00000229  __aeabi_memcpy4               
00000229  __aeabi_memcpy8               
ffffffff  __binit__                     
ffffffff  __c_args__                    
UNDEFED   __mpu_init                    
2000fe00  __stack                       
20000000  __start___llvm_prf_cnts       
20000000  __stop___llvm_prf_cnts        
00000459  _c_int00_noargs               
UNDEFED   _system_post_cinit            
000004fb  _system_pre_init              
20000000  a                             
000004ff  abort                         
ffffffff  binit                         
00000000  interruptVectors              
000000e5  main                          
00000229  memcpy                        


GLOBAL SYMBOLS: SORTED BY Symbol Address 

address   name                          
-------   ----                          
00000000  __TI_static_base__            
00000000  interruptVectors              
000000e5  main                          
00000200  __STACK_SIZE                  
00000229  __aeabi_memcpy                
00000229  __aeabi_memcpy4               
00000229  __aeabi_memcpy8               
00000229  memcpy                        
000002c5  SystemInit                    
0000033d  TA0_N_IRQHandler              
0000033d  TA0_N_IRQHandler              
000003ad  __TI_decompress_lzss          
00000415  __TI_auto_init_nobinit_nopinit
00000459  _c_int00_noargs               
0000048d  LED_init                      
000004b9  TA0_0_IRQHandler              
000004b9  TA0_0_IRQHandler              
000004e1  __TI_decompress_none          
000004ef  Reset_Handler                 
000004fb  _system_pre_init              
000004ff  C$$EXIT                       
000004ff  abort                         
00000503  ADC14_IRQHandler              
00000503  AES256_IRQHandler             
00000503  BusFault_Handler              
00000503  COMP_E0_IRQHandler            
00000503  COMP_E1_IRQHandler            
00000503  CS_IRQHandler                 
00000503  DMA_ERR_IRQHandler            
00000503  DMA_INT0_IRQHandler           
00000503  DMA_INT1_IRQHandler           
00000503  DMA_INT2_IRQHandler           
00000503  DMA_INT3_IRQHandler           
00000503  DebugMon_Handler              
00000503  Default_Handler               
00000503  EUSCIA0_IRQHandler            
00000503  EUSCIA1_IRQHandler            
00000503  EUSCIA2_IRQHandler            
00000503  EUSCIA3_IRQHandler            
00000503  EUSCIB0_IRQHandler            
00000503  EUSCIB1_IRQHandler            
00000503  EUSCIB2_IRQHandler            
00000503  EUSCIB3_IRQHandler            
00000503  FLCTL_IRQHandler              
00000503  FPU_IRQHandler                
00000503  HardFault_Handler             
00000503  MemManage_Handler             
00000503  NMI_Handler                   
00000503  PCM_IRQHandler                
00000503  PORT1_IRQHandler              
00000503  PORT2_IRQHandler              
00000503  PORT3_IRQHandler              
00000503  PORT4_IRQHandler              
00000503  PORT5_IRQHandler              
00000503  PORT6_IRQHandler              
00000503  PSS_IRQHandler                
00000503  PendSV_Handler                
00000503  RTC_C_IRQHandler              
00000503  SVC_Handler                   
00000503  SysTick_Handler               
00000503  T32_INT1_IRQHandler           
00000503  T32_INT2_IRQHandler           
00000503  T32_INTC_IRQHandler           
00000503  TA1_0_IRQHandler              
00000503  TA1_N_IRQHandler              
00000503  TA2_0_IRQHandler              
00000503  TA2_N_IRQHandler              
00000503  TA3_0_IRQHandler              
00000503  TA3_N_IRQHandler              
00000503  UsageFault_Handler            
00000503  WDT_A_IRQHandler              
00000508  __TI_Handler_Table_Base       
00000510  __TI_Handler_Table_Limit      
00000518  __TI_CINIT_Base               
00000520  __TI_CINIT_Limit              
20000000  __start___llvm_prf_cnts       
20000000  __stop___llvm_prf_cnts        
20000000  a                             
2000fe00  __stack                       
20010000  __STACK_END                   
4000480c  WDTCTL_SYM                    
ffffffff  __TI_pprof_out_hndl           
ffffffff  __TI_prof_data_size           
ffffffff  __TI_prof_data_start          
ffffffff  __binit__                     
ffffffff  __c_args__                    
ffffffff  binit                         
UNDEFED   __mpu_init                    
UNDEFED   _system_post_cinit            

[89 symbols]
