******************************************************************************
                  TI ARM Linker PC v20.2.6                     
******************************************************************************
>> Linked Sat Jun 11 17:03:20 2022

OUTPUT FILE NAME:   <Practica06.out>
ENTRY POINT SYMBOL: "_c_int00_noargs"  address: 00002e09


MEMORY CONFIGURATION

         name            origin    length      used     unused   attr    fill
----------------------  --------  ---------  --------  --------  ----  --------
  MAIN                  00000000   00040000  000033f8  0003cc08  R  X
  INFO                  00200000   00004000  00000000  00004000  R  X
  SRAM_CODE             01000000   00010000  0000024c  0000fdb4  RW X
  SRAM_DATA             20000000   00010000  0000024c  0000fdb4  RW  


SEGMENT ALLOCATION MAP

run origin  load origin   length   init length attrs members
----------  ----------- ---------- ----------- ----- -------
00000000    00000000    000033f8   000033f8    r-x
  00000000    00000000    000000e4   000000e4    r-- .intvecs
  000000e4    000000e4    000030f8   000030f8    r-x .text
  000031dc    000031dc    000001e4   000001e4    r-- .const
  000033c0    000033c0    00000038   00000038    r-- .cinit
20000000    20000000    0000004c   00000000    rw-
  20000000    20000000    00000030   00000000    rw- .bss
  20000030    20000030    0000001c   00000000    rw- .data
2000fe00    2000fe00    00000200   00000000    rw-
  2000fe00    2000fe00    00000200   00000000    rw- .stack


SECTION ALLOCATION MAP

 output                                  attributes/
section   page    origin      length       input sections
--------  ----  ----------  ----------   ----------------
.intvecs   0    00000000    000000e4     
                  00000000    000000e4     startup_msp432p401r_ccs.obj (.intvecs:retain)

.text      0    000000e4    000030f8     
                  000000e4    00000a4e     rtsv7M4_T_le_v4SPD16_eabi.lib : _printfi.c.obj (.text:__TI_printfi)
                  00000b32    0000028a     msp432p4xx_driverlib.lib : pcm.o (.text:__PCM_setPowerStateAdvanced)
                  00000dbc    00000270     rtsv7M4_T_le_v4SPD16_eabi.lib : _printfi.c.obj (.text:_pconv_a)
                  0000102c    000001d0                                   : _printfi.c.obj (.text:_pconv_g)
                  000011fc    000001b6                                   : fd_add_t2.asm.obj (.text)
                  000013b2    00000002     startup_msp432p401r_ccs.obj (.text:Default_Handler)
                  000013b4    000001a0     main.obj (.text:ADC14_IRQHandler)
                  00001554    00000160     msp432p4xx_driverlib.lib : adc14.o (.text:_getIndexForMemRegister)
                  000016b4    0000015c                              : pcm.o (.text:__PCM_setPowerModeAdvanced)
                  00001810    0000013c     rtsv7M4_T_le_v4SPD16_eabi.lib : _printfi.c.obj (.text:_pconv_e)
                  0000194c    00000136                                   : fd_div_t2.asm.obj (.text)
                  00001a82    00000002                                   : div0.asm.obj (.text)
                  00001a84    00000124                                   : _printfi.c.obj (.text:fcvt)
                  00001ba8    0000011c     msp432p4xx_driverlib.lib : uart.o (.text:UART_initModule)
                  00001cc4    00000110     rtsv7M4_T_le_v4SPD16_eabi.lib : s_scalbn.c.obj (.text:scalbn)
                  00001dd4    00000108     msp432p4xx_driverlib.lib : pcm.o (.text:__PCM_setCoreVoltageLevelAdvanced)
                  00001edc    00000100     main.obj (.text:main)
                  00001fdc    000000fc     rtsv7M4_T_le_v4SPD16_eabi.lib : fd_mul_t2.asm.obj (.text)
                  000020d8    000000b4     msp432p4xx_driverlib.lib : adc14.o (.text:ADC14_configureConversionMemory)
                  0000218c    000000b1     rtsv7M4_T_le_v4SPD16_eabi.lib : _printfi.c.obj (.text:_ltostr)
                  0000223d    00000001     --HOLE-- [fill = 0]
                  0000223e    0000009c                                   : memcpy_t2.asm.obj (.text)
                  000022da    00000096                                   : ull_div_t2.asm.obj (.text)
                  00002370    00000088     msp432p4xx_driverlib.lib : gpio.o (.text:GPIO_setAsPeripheralModuleFunctionInputPin)
                  000023f8    00000086     rtsv7M4_T_le_v4SPD16_eabi.lib : fd_cmp_t2.asm.obj (.text:__aeabi_cdcmple)
                  0000247e    00000086                                   : fd_cmp_t2.asm.obj (.text:__aeabi_cdrcmple)
                  00002504    00000084     msp432p4xx_driverlib.lib : pcm.o (.text:PCM_gotoLPM3)
                  00002588    00000080                              : interrupt.o (.text:Interrupt_enableInterrupt)
                  00002608    0000007a     rtsv7M4_T_le_v4SPD16_eabi.lib : memset_t2.asm.obj (.text)
                  00002682    00000002     --HOLE-- [fill = 0]
                  00002684    00000078     system_msp432p401r.obj (.text:SystemInit)
                  000026fc    0000006e     rtsv7M4_T_le_v4SPD16_eabi.lib : _printfi.c.obj (.text:_mcpy)
                  0000276a    0000006e                                   : fd_tos_t2.asm.obj (.text)
                  000027d8    00000068                                   : copy_decompress_lzss.c.obj (.text:decompress:lzss:__TI_decompress_lzss)
                  00002840    00000064                                   : s_frexp.c.obj (.text:frexp)
                  000028a4    0000005e     msp432p4xx_driverlib.lib : pcm.o (.text:PCM_getCoreVoltageLevel)
                  00002902    0000005a                              : pcm.o (.text:PCM_getPowerMode)
                  0000295c    00000058                              : adc14.o (.text:ADC14_configureSingleSampleMode)
                  000029b4    00000056     rtsv7M4_T_le_v4SPD16_eabi.lib : _printfi.c.obj (.text:_pconv_f)
                  00002a0a    00000002     --HOLE-- [fill = 0]
                  00002a0c    00000054     msp432p4xx_driverlib.lib : adc14.o (.text:ADC14_initModule)
                  00002a60    00000054                              : pcm.o (.text:PCM_shutdownDevice)
                  00002ab4    00000054     rtsv7M4_T_le_v4SPD16_eabi.lib : _ltoa.c.obj (.text:__TI_ltoa)
                  00002b08    00000052                                   : _printfi.c.obj (.text:_ecpy)
                  00002b5a    00000002     --HOLE-- [fill = 0]
                  00002b5c    0000004c                                   : atoi.c.obj (.text:atoi)
                  00002ba8    00000048     msp432p4xx_driverlib.lib : flash.o (.text:FlashCtl_setWaitState)
                  00002bf0    00000048     rtsv7M4_T_le_v4SPD16_eabi.lib : fd_toi_t2.asm.obj (.text)
                  00002c38    00000044                                   : autoinit.c.obj (.text:__TI_auto_init_nobinit_nopinit:__TI_auto_init_nobinit_nopinit)
                  00002c7c    00000040                                   : sprintf.c.obj (.text:sprintf)
                  00002cbc    0000003e                                   : _printfi.c.obj (.text:_fcpy)
                  00002cfa    00000002     --HOLE-- [fill = 0]
                  00002cfc    00000038     msp432p4xx_driverlib.lib : adc14.o (.text:ADC14_getEnabledInterruptStatus)
                  00002d34    00000038     rtsv7M4_T_le_v4SPD16_eabi.lib : fs_tod_t2.asm.obj (.text)
                  00002d6c    00000034     msp432p4xx_driverlib.lib : adc14.o (.text:ADC14_enableSampleTimer)
                  00002da0    00000034                              : cs.o (.text:CS_setDCOCenteredFrequency)
                  00002dd4    00000034                              : uart.o (.text:UART_transmitData)
                  00002e08    00000034     rtsv7M4_T_le_v4SPD16_eabi.lib : boot_cortex_m.c.obj (.text:_c_int00_noargs:_c_int00_noargs)
                  00002e3c    00000030     msp432p4xx_driverlib.lib : adc14.o (.text:ADC14_clearInterruptFlag)
                  00002e6c    00000030                              : adc14.o (.text:ADC14_enableInterrupt)
                  00002e9c    00000030                              : uart.o (.text:UART_enableInterrupt)
                  00002ecc    0000002e     rtsv7M4_T_le_v4SPD16_eabi.lib : i_tofd_t2.asm.obj (.text)
                  00002efa    00000002     --HOLE-- [fill = 0]
                  00002efc    0000002c     msp432p4xx_driverlib.lib : adc14.o (.text:ADC14_getInterruptStatus)
                  00002f28    0000002c                              : adc14.o (.text:ADC14_toggleConversionTrigger)
                  00002f54    0000002c                              : rtc_c.o (.text:RTC_C_holdClock)
                  00002f80    00000028                              : adc14.o (.text:ADC14_enableConversion)
                  00002fa8    00000028                              : adc14.o (.text:ADC14_getResult)
                  00002fd0    00000028                              : pcm.o (.text:PCM_gotoLPM0)
                  00002ff8    00000024                              : wdt_a.o (.text:WDT_A_holdTimer)
                  0000301c    00000020     rtsv7M4_T_le_v4SPD16_eabi.lib : u_tofd_t2.asm.obj (.text)
                  0000303c    0000001c                                   : copy_zero_init.c.obj (.text:decompress:ZI:__TI_zero_init_nomemset:__TI_zero_init_nomemset)
                  00003058    0000001c                                   : memccpy.c.obj (.text:memccpy)
                  00003074    0000001a                                   : s_copysign.c.obj (.text:copysign)
                  0000308e    00000002     --HOLE-- [fill = 0]
                  00003090    00000018     msp432p4xx_driverlib.lib : fpu.o (.text:FPU_enableModule)
                  000030a8    00000018     rtsv7M4_T_le_v4SPD16_eabi.lib : sprintf.c.obj (.text:_outs)
                  000030c0    00000016     msp432p4xx_driverlib.lib : uart.o (.text:UART_enableModule)
                  000030d6    00000016     rtsv7M4_T_le_v4SPD16_eabi.lib : strchr.c.obj (.text:strchr)
                  000030ec    00000014     msp432p4xx_driverlib.lib : pcm.o (.text:PCM_getPowerState)
                  00003100    00000014     rtsv7M4_T_le_v4SPD16_eabi.lib : strlen.c.obj (.text:strlen)
                  00003114    00000012                                   : wcslen.c.obj (.text:wcslen)
                  00003126    00000002     --HOLE-- [fill = 0]
                  00003128    00000010     msp432p4xx_driverlib.lib : adc14.o (.text:ADCIsConversionRunning)
                  00003138    00000010                              : fpu.o (.text:FPU_enableLazyStacking)
                  00003148    00000010                              : interrupt.o (.text:Interrupt_enableMaster)
                  00003158    00000010                              : pcm.o (.text:PCM_gotoLPM4)
                  00003168    00000010                              : pcm.o (.text:PCM_setPowerMode)
                  00003178    00000010                              : pcm.o (.text:PCM_setPowerState)
                  00003188    0000000e     rtsv7M4_T_le_v4SPD16_eabi.lib : copy_decompress_none.c.obj (.text:decompress:none:__TI_decompress_none)
                  00003196    00000002     --HOLE-- [fill = 0]
                  00003198    0000000c     msp432p4xx_driverlib.lib : adc14.o (.text:ADC14_enableModule)
                  000031a4    0000000c                              : cpu.o (.text:CPU_cpsie)
                  000031b0    0000000c     startup_msp432p401r_ccs.obj (.text:Reset_Handler)
                  000031bc    0000000a     rtsv7M4_T_le_v4SPD16_eabi.lib : sprintf.c.obj (.text:_outc)
                  000031c6    00000002     --HOLE-- [fill = 0]
                  000031c8    00000008                                   : errno.c.obj (.text:__aeabi_errno_addr)
                  000031d0    00000004     msp432p4xx_driverlib.lib : cpu.o (.text:CPU_wfi)
                  000031d4    00000004     rtsv7M4_T_le_v4SPD16_eabi.lib : pre_init.c.obj (.text:_system_pre_init)
                  000031d8    00000004                                   : exit.c.obj (.text:abort:abort)

.const     0    000031dc    000001e4     
                  000031dc    00000101     rtsv7M4_T_le_v4SPD16_eabi.lib : ctype.c.obj (.const:.string:_ctypes_)
                  000032dd    00000003     --HOLE-- [fill = 0]
                  000032e0    00000080     msp432p4xx_driverlib.lib : adc14.o (.const:_ctlRegs)
                  00003360    00000030                              : gpio.o (.const:GPIO_PORT_TO_BASE)
                  00003390    00000028     main.obj (.const:uartConfig)
                  000033b8    00000008     msp432p4xx_driverlib.lib : interrupt.o (.const:g_pulEnRegs)

.cinit     0    000033c0    00000038     
                  000033c0    00000011     (.cinit..data.load) [load image, compression = lzss]
                  000033d1    00000003     --HOLE-- [fill = 0]
                  000033d4    0000000c     (__TI_handler_table)
                  000033e0    00000008     (.cinit..bss.load) [load image, compression = zero_init]
                  000033e8    00000010     (__TI_cinit_table)

.init_array 
*          0    00000000    00000000     UNINITIALIZED

.binit     0    00000000    00000000     

.bss       0    20000000    00000030     UNINITIALIZED
                  20000000    00000020     (.common:msg)
                  20000020    00000010     main.obj (.bss)

.data      0    20000030    0000001c     UNINITIALIZED
                  20000030    00000018     main.obj (.data)
                  20000048    00000004     rtsv7M4_T_le_v4SPD16_eabi.lib : errno.c.obj (.data)

.stack     0    2000fe00    00000200     UNINITIALIZED
                  2000fe00    00000004     rtsv7M4_T_le_v4SPD16_eabi.lib : boot_cortex_m.c.obj (.stack)
                  2000fe04    000001fc     --HOLE--

__llvm_prf_cnts 
*          0    20000000    00000000     UNINITIALIZED

MODULE SUMMARY

       Module                        code    ro data   rw data
       ------                        ----    -------   -------
    .\
       main.obj                      672     40        144    
       system_msp432p401r.obj        120     0         0      
    +--+-----------------------------+-------+---------+---------+
       Total:                        792     40        144    
                                                              
    .\ccs\
       startup_msp432p401r_ccs.obj   14      228       0      
    +--+-----------------------------+-------+---------+---------+
       Total:                        14      228       0      
                                                              
    D:/ti/simplelink_msp432p4_sdk_3_40_01_02/source/ti/devices/msp432p4xx/driverlib/ccs/msp432p4xx_driverlib.lib
       pcm.o                         1770    0         0      
       adc14.o                       1104    128       0      
       uart.o                        406     0         0      
       gpio.o                        136     48        0      
       interrupt.o                   144     8         0      
       flash.o                       72      0         0      
       cs.o                          52      0         0      
       rtc_c.o                       44      0         0      
       fpu.o                         40      0         0      
       wdt_a.o                       36      0         0      
       cpu.o                         16      0         0      
    +--+-----------------------------+-------+---------+---------+
       Total:                        3820    184       0      
                                                              
    D:\ProgramFiles\ti\ccs1110\ccs\tools\compiler\ti-cgt-arm_20.2.6.LTS\lib\rtsv7M4_T_le_v4SPD16_eabi.lib
       _printfi.c.obj                4851    0         0      
       fd_add_t2.asm.obj             438     0         0      
       fd_div_t2.asm.obj             310     0         0      
       s_scalbn.c.obj                272     0         0      
       fd_cmp_t2.asm.obj             268     0         0      
       ctype.c.obj                   0       257       0      
       fd_mul_t2.asm.obj             252     0         0      
       memcpy_t2.asm.obj             156     0         0      
       ull_div_t2.asm.obj            150     0         0      
       memset_t2.asm.obj             122     0         0      
       fd_tos_t2.asm.obj             110     0         0      
       copy_decompress_lzss.c.obj    104     0         0      
       s_frexp.c.obj                 100     0         0      
       sprintf.c.obj                 98      0         0      
       _ltoa.c.obj                   84      0         0      
       atoi.c.obj                    76      0         0      
       fd_toi_t2.asm.obj             72      0         0      
       autoinit.c.obj                68      0         0      
       fs_tod_t2.asm.obj             56      0         0      
       boot_cortex_m.c.obj           52      0         0      
       i_tofd_t2.asm.obj             46      0         0      
       u_tofd_t2.asm.obj             32      0         0      
       copy_zero_init.c.obj          28      0         0      
       memccpy.c.obj                 28      0         0      
       s_copysign.c.obj              26      0         0      
       strchr.c.obj                  22      0         0      
       strlen.c.obj                  20      0         0      
       wcslen.c.obj                  18      0         0      
       errno.c.obj                   8       0         8      
       copy_decompress_none.c.obj    14      0         0      
       exit.c.obj                    4       0         0      
       pre_init.c.obj                4       0         0      
       div0.asm.obj                  2       0         0      
    +--+-----------------------------+-------+---------+---------+
       Total:                        7891    257       8      
                                                              
       Stack:                        0       0         1024   
       Linker Generated:             0       53        0      
    +--+-----------------------------+-------+---------+---------+
       Grand Total:                  12517   762       1176   


LINKER GENERATED COPY TABLES

__TI_cinit_table @ 000033e8 records: 2, size/record: 8, table size: 16
	.data: load addr=000033c0, load size=00000011 bytes, run addr=20000030, run size=0000001c bytes, compression=lzss
	.bss: load addr=000033e0, load size=00000008 bytes, run addr=20000000, run size=00000030 bytes, compression=zero_init


LINKER GENERATED HANDLER TABLE

__TI_handler_table @ 000033d4 records: 3, size/record: 4, table size: 12
	index: 0, handler: __TI_decompress_lzss
	index: 1, handler: __TI_decompress_none
	index: 2, handler: __TI_zero_init


GLOBAL SYMBOLS: SORTED ALPHABETICALLY BY Name 

address   name                                      
-------   ----                                      
000013b5  ADC14_IRQHandler                          
000013b5  ADC14_IRQHandler                          
00002e3d  ADC14_clearInterruptFlag                  
000020d9  ADC14_configureConversionMemory           
0000295d  ADC14_configureSingleSampleMode           
00002f81  ADC14_enableConversion                    
00002e6d  ADC14_enableInterrupt                     
00003199  ADC14_enableModule                        
00002d6d  ADC14_enableSampleTimer                   
00002cfd  ADC14_getEnabledInterruptStatus           
00002efd  ADC14_getInterruptStatus                  
00002fa9  ADC14_getResult                           
00002a0d  ADC14_initModule                          
00002f29  ADC14_toggleConversionTrigger             
000013b3  AES256_IRQHandler                         
000013b3  BusFault_Handler                          
000031d9  C$$EXIT                                   
000013b3  COMP_E0_IRQHandler                        
000013b3  COMP_E1_IRQHandler                        
000031a5  CPU_cpsie                                 
000031d1  CPU_wfi                                   
000013b3  CS_IRQHandler                             
00002da1  CS_setDCOCenteredFrequency                
000013b3  DMA_ERR_IRQHandler                        
000013b3  DMA_INT0_IRQHandler                       
000013b3  DMA_INT1_IRQHandler                       
000013b3  DMA_INT2_IRQHandler                       
000013b3  DMA_INT3_IRQHandler                       
000013b3  DebugMon_Handler                          
000013b3  Default_Handler                           
000013b3  EUSCIA0_IRQHandler                        
000013b3  EUSCIA1_IRQHandler                        
000013b3  EUSCIA2_IRQHandler                        
000013b3  EUSCIA3_IRQHandler                        
000013b3  EUSCIB0_IRQHandler                        
000013b3  EUSCIB1_IRQHandler                        
000013b3  EUSCIB2_IRQHandler                        
000013b3  EUSCIB3_IRQHandler                        
000013b3  FLCTL_IRQHandler                          
000013b3  FPU_IRQHandler                            
00003139  FPU_enableLazyStacking                    
00003091  FPU_enableModule                          
00002ba9  FlashCtl_setWaitState                     
00002371  GPIO_setAsPeripheralModuleFunctionInputPin
000013b3  HardFault_Handler                         
00002589  Interrupt_enableInterrupt                 
00003149  Interrupt_enableMaster                    
000013b3  MemManage_Handler                         
000013b3  NMI_Handler                               
000013b3  PCM_IRQHandler                            
000028a5  PCM_getCoreVoltageLevel                   
00002903  PCM_getPowerMode                          
000030ed  PCM_getPowerState                         
00002fd1  PCM_gotoLPM0                              
00002505  PCM_gotoLPM3                              
00003159  PCM_gotoLPM4                              
00003169  PCM_setPowerMode                          
00003179  PCM_setPowerState                         
00002a61  PCM_shutdownDevice                        
000013b3  PORT1_IRQHandler                          
000013b3  PORT2_IRQHandler                          
000013b3  PORT3_IRQHandler                          
000013b3  PORT4_IRQHandler                          
000013b3  PORT5_IRQHandler                          
000013b3  PORT6_IRQHandler                          
000013b3  PSS_IRQHandler                            
000013b3  PendSV_Handler                            
000013b3  RTC_C_IRQHandler                          
00002f55  RTC_C_holdClock                           
000031b1  Reset_Handler                             
000013b3  SVC_Handler                               
000013b3  SysTick_Handler                           
00002685  SystemInit                                
000013b3  T32_INT1_IRQHandler                       
000013b3  T32_INT2_IRQHandler                       
000013b3  T32_INTC_IRQHandler                       
000013b3  TA0_0_IRQHandler                          
000013b3  TA0_N_IRQHandler                          
000013b3  TA1_0_IRQHandler                          
000013b3  TA1_N_IRQHandler                          
000013b3  TA2_0_IRQHandler                          
000013b3  TA2_N_IRQHandler                          
000013b3  TA3_0_IRQHandler                          
000013b3  TA3_N_IRQHandler                          
00002e9d  UART_enableInterrupt                      
000030c1  UART_enableModule                         
00001ba9  UART_initModule                           
00002dd5  UART_transmitData                         
000013b3  UsageFault_Handler                        
4000480c  WDTCTL_SYM                                
000013b3  WDT_A_IRQHandler                          
00002ff9  WDT_A_holdTimer                           
20010000  __STACK_END                               
00000200  __STACK_SIZE                              
000033e8  __TI_CINIT_Base                           
000033f8  __TI_CINIT_Limit                          
000033d4  __TI_Handler_Table_Base                   
000033e0  __TI_Handler_Table_Limit                  
00002c39  __TI_auto_init_nobinit_nopinit            
000027d9  __TI_decompress_lzss                      
00003189  __TI_decompress_none                      
00002ab5  __TI_ltoa                                 
ffffffff  __TI_pprof_out_hndl                       
000000e5  __TI_printfi                              
ffffffff  __TI_prof_data_size                       
ffffffff  __TI_prof_data_start                      
00000000  __TI_static_base__                        
0000303d  __TI_zero_init_nomemset                   
000023f9  __aeabi_cdcmpeq                           
000023f9  __aeabi_cdcmple                           
0000247f  __aeabi_cdrcmple                          
0000276b  __aeabi_d2f                               
00002bf1  __aeabi_d2iz                              
00001207  __aeabi_dadd                              
0000194d  __aeabi_ddiv                              
00001fdd  __aeabi_dmul                              
000011fd  __aeabi_dsub                              
000031c9  __aeabi_errno_addr                        
00002d35  __aeabi_f2d                               
00002ecd  __aeabi_i2d                               
00001a83  __aeabi_idiv0                             
00001a83  __aeabi_ldiv0                             
00002609  __aeabi_memclr                            
00002609  __aeabi_memclr4                           
00002609  __aeabi_memclr8                           
0000223f  __aeabi_memcpy                            
0000223f  __aeabi_memcpy4                           
0000223f  __aeabi_memcpy8                           
0000260b  __aeabi_memset                            
0000260b  __aeabi_memset4                           
0000260b  __aeabi_memset8                           
0000301d  __aeabi_ui2d                              
000022db  __aeabi_uldivmod                          
ffffffff  __binit__                                 
ffffffff  __c_args__                                
UNDEFED   __mpu_init                                
2000fe00  __stack                                   
20000000  __start___llvm_prf_cnts                   
20000000  __stop___llvm_prf_cnts                    
00002e09  _c_int00_noargs                           
000031dc  _ctypes_                                  
UNDEFED   _system_post_cinit                        
000031d5  _system_pre_init                          
000031d9  abort                                     
00002b5d  atoi                                      
ffffffff  binit                                     
00003075  copysign                                  
00003075  copysignl                                 
20000048  errno                                     
00002841  frexp                                     
00002841  frexpl                                    
20000030  i                                         
00000000  interruptVectors                          
20000031  j                                         
20000032  k                                         
00001cc5  ldexp                                     
00001cc5  ldexpl                                    
00001edd  main                                      
00003059  memccpy                                   
0000223f  memcpy                                    
00002611  memset                                    
20000000  msg                                       
00001cc5  scalbn                                    
00001cc5  scalbnl                                   
00002c7d  sprintf                                   
000030d7  strchr                                    
00003101  strlen                                    
00003390  uartConfig                                
00003115  wcslen                                    


GLOBAL SYMBOLS: SORTED BY Symbol Address 

address   name                                      
-------   ----                                      
00000000  __TI_static_base__                        
00000000  interruptVectors                          
000000e5  __TI_printfi                              
00000200  __STACK_SIZE                              
000011fd  __aeabi_dsub                              
00001207  __aeabi_dadd                              
000013b3  AES256_IRQHandler                         
000013b3  BusFault_Handler                          
000013b3  COMP_E0_IRQHandler                        
000013b3  COMP_E1_IRQHandler                        
000013b3  CS_IRQHandler                             
000013b3  DMA_ERR_IRQHandler                        
000013b3  DMA_INT0_IRQHandler                       
000013b3  DMA_INT1_IRQHandler                       
000013b3  DMA_INT2_IRQHandler                       
000013b3  DMA_INT3_IRQHandler                       
000013b3  DebugMon_Handler                          
000013b3  Default_Handler                           
000013b3  EUSCIA0_IRQHandler                        
000013b3  EUSCIA1_IRQHandler                        
000013b3  EUSCIA2_IRQHandler                        
000013b3  EUSCIA3_IRQHandler                        
000013b3  EUSCIB0_IRQHandler                        
000013b3  EUSCIB1_IRQHandler                        
000013b3  EUSCIB2_IRQHandler                        
000013b3  EUSCIB3_IRQHandler                        
000013b3  FLCTL_IRQHandler                          
000013b3  FPU_IRQHandler                            
000013b3  HardFault_Handler                         
000013b3  MemManage_Handler                         
000013b3  NMI_Handler                               
000013b3  PCM_IRQHandler                            
000013b3  PORT1_IRQHandler                          
000013b3  PORT2_IRQHandler                          
000013b3  PORT3_IRQHandler                          
000013b3  PORT4_IRQHandler                          
000013b3  PORT5_IRQHandler                          
000013b3  PORT6_IRQHandler                          
000013b3  PSS_IRQHandler                            
000013b3  PendSV_Handler                            
000013b3  RTC_C_IRQHandler                          
000013b3  SVC_Handler                               
000013b3  SysTick_Handler                           
000013b3  T32_INT1_IRQHandler                       
000013b3  T32_INT2_IRQHandler                       
000013b3  T32_INTC_IRQHandler                       
000013b3  TA0_0_IRQHandler                          
000013b3  TA0_N_IRQHandler                          
000013b3  TA1_0_IRQHandler                          
000013b3  TA1_N_IRQHandler                          
000013b3  TA2_0_IRQHandler                          
000013b3  TA2_N_IRQHandler                          
000013b3  TA3_0_IRQHandler                          
000013b3  TA3_N_IRQHandler                          
000013b3  UsageFault_Handler                        
000013b3  WDT_A_IRQHandler                          
000013b5  ADC14_IRQHandler                          
000013b5  ADC14_IRQHandler                          
0000194d  __aeabi_ddiv                              
00001a83  __aeabi_idiv0                             
00001a83  __aeabi_ldiv0                             
00001ba9  UART_initModule                           
00001cc5  ldexp                                     
00001cc5  ldexpl                                    
00001cc5  scalbn                                    
00001cc5  scalbnl                                   
00001edd  main                                      
00001fdd  __aeabi_dmul                              
000020d9  ADC14_configureConversionMemory           
0000223f  __aeabi_memcpy                            
0000223f  __aeabi_memcpy4                           
0000223f  __aeabi_memcpy8                           
0000223f  memcpy                                    
000022db  __aeabi_uldivmod                          
00002371  GPIO_setAsPeripheralModuleFunctionInputPin
000023f9  __aeabi_cdcmpeq                           
000023f9  __aeabi_cdcmple                           
0000247f  __aeabi_cdrcmple                          
00002505  PCM_gotoLPM3                              
00002589  Interrupt_enableInterrupt                 
00002609  __aeabi_memclr                            
00002609  __aeabi_memclr4                           
00002609  __aeabi_memclr8                           
0000260b  __aeabi_memset                            
0000260b  __aeabi_memset4                           
0000260b  __aeabi_memset8                           
00002611  memset                                    
00002685  SystemInit                                
0000276b  __aeabi_d2f                               
000027d9  __TI_decompress_lzss                      
00002841  frexp                                     
00002841  frexpl                                    
000028a5  PCM_getCoreVoltageLevel                   
00002903  PCM_getPowerMode                          
0000295d  ADC14_configureSingleSampleMode           
00002a0d  ADC14_initModule                          
00002a61  PCM_shutdownDevice                        
00002ab5  __TI_ltoa                                 
00002b5d  atoi                                      
00002ba9  FlashCtl_setWaitState                     
00002bf1  __aeabi_d2iz                              
00002c39  __TI_auto_init_nobinit_nopinit            
00002c7d  sprintf                                   
00002cfd  ADC14_getEnabledInterruptStatus           
00002d35  __aeabi_f2d                               
00002d6d  ADC14_enableSampleTimer                   
00002da1  CS_setDCOCenteredFrequency                
00002dd5  UART_transmitData                         
00002e09  _c_int00_noargs                           
00002e3d  ADC14_clearInterruptFlag                  
00002e6d  ADC14_enableInterrupt                     
00002e9d  UART_enableInterrupt                      
00002ecd  __aeabi_i2d                               
00002efd  ADC14_getInterruptStatus                  
00002f29  ADC14_toggleConversionTrigger             
00002f55  RTC_C_holdClock                           
00002f81  ADC14_enableConversion                    
00002fa9  ADC14_getResult                           
00002fd1  PCM_gotoLPM0                              
00002ff9  WDT_A_holdTimer                           
0000301d  __aeabi_ui2d                              
0000303d  __TI_zero_init_nomemset                   
00003059  memccpy                                   
00003075  copysign                                  
00003075  copysignl                                 
00003091  FPU_enableModule                          
000030c1  UART_enableModule                         
000030d7  strchr                                    
000030ed  PCM_getPowerState                         
00003101  strlen                                    
00003115  wcslen                                    
00003139  FPU_enableLazyStacking                    
00003149  Interrupt_enableMaster                    
00003159  PCM_gotoLPM4                              
00003169  PCM_setPowerMode                          
00003179  PCM_setPowerState                         
00003189  __TI_decompress_none                      
00003199  ADC14_enableModule                        
000031a5  CPU_cpsie                                 
000031b1  Reset_Handler                             
000031c9  __aeabi_errno_addr                        
000031d1  CPU_wfi                                   
000031d5  _system_pre_init                          
000031d9  C$$EXIT                                   
000031d9  abort                                     
000031dc  _ctypes_                                  
00003390  uartConfig                                
000033d4  __TI_Handler_Table_Base                   
000033e0  __TI_Handler_Table_Limit                  
000033e8  __TI_CINIT_Base                           
000033f8  __TI_CINIT_Limit                          
20000000  __start___llvm_prf_cnts                   
20000000  __stop___llvm_prf_cnts                    
20000000  msg                                       
20000030  i                                         
20000031  j                                         
20000032  k                                         
20000048  errno                                     
2000fe00  __stack                                   
20010000  __STACK_END                               
4000480c  WDTCTL_SYM                                
ffffffff  __TI_pprof_out_hndl                       
ffffffff  __TI_prof_data_size                       
ffffffff  __TI_prof_data_start                      
ffffffff  __binit__                                 
ffffffff  __c_args__                                
ffffffff  binit                                     
UNDEFED   __mpu_init                                
UNDEFED   _system_post_cinit                        

[169 symbols]
