******************************************************************************
                  TI ARM Linker PC v20.2.6                     
******************************************************************************
>> Linked Sun Jun  5 20:31:06 2022

OUTPUT FILE NAME:   <Practica01.out>
ENTRY POINT SYMBOL: "_c_int00_noargs"  address: 00000285


MEMORY CONFIGURATION

         name            origin    length      used     unused   attr    fill
----------------------  --------  ---------  --------  --------  ----  --------
  MAIN                  00000000   00040000  000002fe  0003fd02  R  X
  INFO                  00200000   00004000  00000000  00004000  R  X
  SRAM_CODE             01000000   00010000  00000204  0000fdfc  RW X
  SRAM_DATA             20000000   00010000  00000204  0000fdfc  RW  


SEGMENT ALLOCATION MAP

run origin  load origin   length   init length attrs members
----------  ----------- ---------- ----------- ----- -------
00000000    00000000    00000304   00000304    r-x
  00000000    00000000    000000e4   000000e4    r-- .intvecs
  000000e4    000000e4    00000206   00000206    r-x .text
  000002f0    000002f0    00000014   00000014    r-- .cinit
20000000    20000000    00000004   00000000    rw-
  20000000    20000000    00000004   00000000    rw- .bss
2000fe00    2000fe00    00000200   00000000    rw-
  2000fe00    2000fe00    00000200   00000000    rw- .stack


SECTION ALLOCATION MAP

 output                                  attributes/
section   page    origin      length       input sections
--------  ----  ----------  ----------   ----------------
.intvecs   0    00000000    000000e4     
                  00000000    000000e4     startup_msp432p401r_ccs.obj (.intvecs:retain)

.text      0    000000e4    00000206     
                  000000e4    0000008c     main.obj (.text:main)
                  00000170    00000078     system_msp432p401r.obj (.text:SystemInit)
                  000001e8    00000058     main.obj (.text:NumPrimo)
                  00000240    00000044     rtsv7M4_T_le_v4SPD16_eabi.lib : autoinit.c.obj (.text:__TI_auto_init_nobinit_nopinit:__TI_auto_init_nobinit_nopinit)
                  00000284    00000034                                   : boot_cortex_m.c.obj (.text:_c_int00_noargs:_c_int00_noargs)
                  000002b8    0000001c                                   : copy_zero_init.c.obj (.text:decompress:ZI:__TI_zero_init_nomemset:__TI_zero_init_nomemset)
                  000002d4    0000000c     startup_msp432p401r_ccs.obj (.text:Reset_Handler)
                  000002e0    00000004     rtsv7M4_T_le_v4SPD16_eabi.lib : pre_init.c.obj (.text:_system_pre_init)
                  000002e4    00000004                                   : exit.c.obj (.text:abort:abort)
                  000002e8    00000002     startup_msp432p401r_ccs.obj (.text:Default_Handler)

.cinit     0    000002f0    00000014     
                  000002f0    00000008     (.cinit..bss.load) [load image, compression = zero_init]
                  000002f8    00000004     (__TI_handler_table)
                  000002fc    00000008     (__TI_cinit_table)

.init_array 
*          0    00000000    00000000     UNINITIALIZED

.binit     0    00000000    00000000     

.bss       0    20000000    00000004     UNINITIALIZED
                  20000000    00000004     (.common:j)

.stack     0    2000fe00    00000200     UNINITIALIZED
                  2000fe00    00000004     rtsv7M4_T_le_v4SPD16_eabi.lib : boot_cortex_m.c.obj (.stack)
                  2000fe04    000001fc     --HOLE--

__llvm_prf_cnts 
*          0    20000000    00000000     UNINITIALIZED

MODULE SUMMARY

       Module                        code   ro data   rw data
       ------                        ----   -------   -------
    .\
       main.obj                      228    0         8      
       system_msp432p401r.obj        120    0         0      
    +--+-----------------------------+------+---------+---------+
       Total:                        348    0         8      
                                                             
    .\ccs\
       startup_msp432p401r_ccs.obj   14     228       0      
    +--+-----------------------------+------+---------+---------+
       Total:                        14     228       0      
                                                             
    D:\ProgramFiles\ti\ccs1110\ccs\tools\compiler\ti-cgt-arm_20.2.6.LTS\lib\rtsv7M4_T_le_v4SPD16_eabi.lib
       autoinit.c.obj                68     0         0      
       boot_cortex_m.c.obj           52     0         0      
       copy_zero_init.c.obj          28     0         0      
       exit.c.obj                    4      0         0      
       pre_init.c.obj                4      0         0      
    +--+-----------------------------+------+---------+---------+
       Total:                        156    0         0      
                                                             
       Stack:                        0      0         1024   
       Linker Generated:             0      20        0      
    +--+-----------------------------+------+---------+---------+
       Grand Total:                  518    248       1032   


LINKER GENERATED COPY TABLES

__TI_cinit_table @ 000002fc records: 1, size/record: 8, table size: 8
	.bss: load addr=000002f0, load size=00000008 bytes, run addr=20000000, run size=00000004 bytes, compression=zero_init


LINKER GENERATED HANDLER TABLE

__TI_handler_table @ 000002f8 records: 1, size/record: 4, table size: 4
	index: 0, handler: __TI_zero_init


GLOBAL SYMBOLS: SORTED ALPHABETICALLY BY Name 

address   name                          
-------   ----                          
000002e9  ADC14_IRQHandler              
000002e9  AES256_IRQHandler             
000002e9  BusFault_Handler              
000002e5  C$$EXIT                       
000002e9  COMP_E0_IRQHandler            
000002e9  COMP_E1_IRQHandler            
000002e9  CS_IRQHandler                 
000002e9  DMA_ERR_IRQHandler            
000002e9  DMA_INT0_IRQHandler           
000002e9  DMA_INT1_IRQHandler           
000002e9  DMA_INT2_IRQHandler           
000002e9  DMA_INT3_IRQHandler           
000002e9  DebugMon_Handler              
000002e9  Default_Handler               
000002e9  EUSCIA0_IRQHandler            
000002e9  EUSCIA1_IRQHandler            
000002e9  EUSCIA2_IRQHandler            
000002e9  EUSCIA3_IRQHandler            
000002e9  EUSCIB0_IRQHandler            
000002e9  EUSCIB1_IRQHandler            
000002e9  EUSCIB2_IRQHandler            
000002e9  EUSCIB3_IRQHandler            
000002e9  FLCTL_IRQHandler              
000002e9  FPU_IRQHandler                
000002e9  HardFault_Handler             
000002e9  MemManage_Handler             
000002e9  NMI_Handler                   
000001e9  NumPrimo                      
000002e9  PCM_IRQHandler                
000002e9  PORT1_IRQHandler              
000002e9  PORT2_IRQHandler              
000002e9  PORT3_IRQHandler              
000002e9  PORT4_IRQHandler              
000002e9  PORT5_IRQHandler              
000002e9  PORT6_IRQHandler              
000002e9  PSS_IRQHandler                
000002e9  PendSV_Handler                
000002e9  RTC_C_IRQHandler              
000002d5  Reset_Handler                 
000002e9  SVC_Handler                   
000002e9  SysTick_Handler               
00000171  SystemInit                    
000002e9  T32_INT1_IRQHandler           
000002e9  T32_INT2_IRQHandler           
000002e9  T32_INTC_IRQHandler           
000002e9  TA0_0_IRQHandler              
000002e9  TA0_N_IRQHandler              
000002e9  TA1_0_IRQHandler              
000002e9  TA1_N_IRQHandler              
000002e9  TA2_0_IRQHandler              
000002e9  TA2_N_IRQHandler              
000002e9  TA3_0_IRQHandler              
000002e9  TA3_N_IRQHandler              
000002e9  UsageFault_Handler            
4000480c  WDTCTL_SYM                    
000002e9  WDT_A_IRQHandler              
20010000  __STACK_END                   
00000200  __STACK_SIZE                  
000002fc  __TI_CINIT_Base               
00000304  __TI_CINIT_Limit              
000002f8  __TI_Handler_Table_Base       
000002fc  __TI_Handler_Table_Limit      
00000241  __TI_auto_init_nobinit_nopinit
ffffffff  __TI_pprof_out_hndl           
ffffffff  __TI_prof_data_size           
ffffffff  __TI_prof_data_start          
00000000  __TI_static_base__            
000002b9  __TI_zero_init_nomemset       
ffffffff  __binit__                     
ffffffff  __c_args__                    
UNDEFED   __mpu_init                    
2000fe00  __stack                       
20000000  __start___llvm_prf_cnts       
20000000  __stop___llvm_prf_cnts        
00000285  _c_int00_noargs               
UNDEFED   _system_post_cinit            
000002e1  _system_pre_init              
000002e5  abort                         
ffffffff  binit                         
00000000  interruptVectors              
20000000  j                             
000000e5  main                          


GLOBAL SYMBOLS: SORTED BY Symbol Address 

address   name                          
-------   ----                          
00000000  __TI_static_base__            
00000000  interruptVectors              
000000e5  main                          
00000171  SystemInit                    
000001e9  NumPrimo                      
00000200  __STACK_SIZE                  
00000241  __TI_auto_init_nobinit_nopinit
00000285  _c_int00_noargs               
000002b9  __TI_zero_init_nomemset       
000002d5  Reset_Handler                 
000002e1  _system_pre_init              
000002e5  C$$EXIT                       
000002e5  abort                         
000002e9  ADC14_IRQHandler              
000002e9  AES256_IRQHandler             
000002e9  BusFault_Handler              
000002e9  COMP_E0_IRQHandler            
000002e9  COMP_E1_IRQHandler            
000002e9  CS_IRQHandler                 
000002e9  DMA_ERR_IRQHandler            
000002e9  DMA_INT0_IRQHandler           
000002e9  DMA_INT1_IRQHandler           
000002e9  DMA_INT2_IRQHandler           
000002e9  DMA_INT3_IRQHandler           
000002e9  DebugMon_Handler              
000002e9  Default_Handler               
000002e9  EUSCIA0_IRQHandler            
000002e9  EUSCIA1_IRQHandler            
000002e9  EUSCIA2_IRQHandler            
000002e9  EUSCIA3_IRQHandler            
000002e9  EUSCIB0_IRQHandler            
000002e9  EUSCIB1_IRQHandler            
000002e9  EUSCIB2_IRQHandler            
000002e9  EUSCIB3_IRQHandler            
000002e9  FLCTL_IRQHandler              
000002e9  FPU_IRQHandler                
000002e9  HardFault_Handler             
000002e9  MemManage_Handler             
000002e9  NMI_Handler                   
000002e9  PCM_IRQHandler                
000002e9  PORT1_IRQHandler              
000002e9  PORT2_IRQHandler              
000002e9  PORT3_IRQHandler              
000002e9  PORT4_IRQHandler              
000002e9  PORT5_IRQHandler              
000002e9  PORT6_IRQHandler              
000002e9  PSS_IRQHandler                
000002e9  PendSV_Handler                
000002e9  RTC_C_IRQHandler              
000002e9  SVC_Handler                   
000002e9  SysTick_Handler               
000002e9  T32_INT1_IRQHandler           
000002e9  T32_INT2_IRQHandler           
000002e9  T32_INTC_IRQHandler           
000002e9  TA0_0_IRQHandler              
000002e9  TA0_N_IRQHandler              
000002e9  TA1_0_IRQHandler              
000002e9  TA1_N_IRQHandler              
000002e9  TA2_0_IRQHandler              
000002e9  TA2_N_IRQHandler              
000002e9  TA3_0_IRQHandler              
000002e9  TA3_N_IRQHandler              
000002e9  UsageFault_Handler            
000002e9  WDT_A_IRQHandler              
000002f8  __TI_Handler_Table_Base       
000002fc  __TI_CINIT_Base               
000002fc  __TI_Handler_Table_Limit      
00000304  __TI_CINIT_Limit              
20000000  __start___llvm_prf_cnts       
20000000  __stop___llvm_prf_cnts        
20000000  j                             
2000fe00  __stack                       
20010000  __STACK_END                   
4000480c  WDTCTL_SYM                    
ffffffff  __TI_pprof_out_hndl           
ffffffff  __TI_prof_data_size           
ffffffff  __TI_prof_data_start          
ffffffff  __binit__                     
ffffffff  __c_args__                    
ffffffff  binit                         
UNDEFED   __mpu_init                    
UNDEFED   _system_post_cinit            

[82 symbols]
