******************************************************************************
                  TI ARM Linker PC v20.2.6                     
******************************************************************************
>> Linked Thu Jun 16 13:06:08 2022

OUTPUT FILE NAME:   <Practica05.out>
ENTRY POINT SYMBOL: "_c_int00_noargs"  address: 00002b19


MEMORY CONFIGURATION

         name            origin    length      used     unused   attr    fill
----------------------  --------  ---------  --------  --------  ----  --------
  MAIN                  00000000   00040000  00002fcc  0003d034  R  X
  INFO                  00200000   00004000  00000000  00004000  R  X
  SRAM_CODE             01000000   00010000  00000239  0000fdc7  RW X
  SRAM_DATA             20000000   00010000  00000239  0000fdc7  RW  


SEGMENT ALLOCATION MAP

run origin  load origin   length   init length attrs members
----------  ----------- ---------- ----------- ----- -------
00000000    00000000    00002fd0   00002fd0    r-x
  00000000    00000000    000000e4   000000e4    r-- .intvecs
  000000e4    000000e4    00002d54   00002d54    r-x .text
  00002e38    00002e38    00000164   00000164    r-- .const
  00002fa0    00002fa0    00000030   00000030    r-- .cinit
20000000    20000000    0000003c   00000000    rw-
  20000000    20000000    00000035   00000000    rw- .bss
  20000038    20000038    00000004   00000000    rw- .data
2000fe00    2000fe00    00000200   00000000    rw-
  2000fe00    2000fe00    00000200   00000000    rw- .stack


SECTION ALLOCATION MAP

 output                                  attributes/
section   page    origin      length       input sections
--------  ----  ----------  ----------   ----------------
.intvecs   0    00000000    000000e4     
                  00000000    000000e4     startup_msp432p401r_ccs.obj (.intvecs:retain)

.text      0    000000e4    00002d54     
                  000000e4    00000a4e     rtsv7M4_T_le_v4SPD16_eabi.lib : _printfi.c.obj (.text:__TI_printfi)
                  00000b32    0000028a     msp432p4xx_driverlib.lib : pcm.o (.text:__PCM_setPowerStateAdvanced)
                  00000dbc    00000270     rtsv7M4_T_le_v4SPD16_eabi.lib : _printfi.c.obj (.text:_pconv_a)
                  0000102c    000001d0                                   : _printfi.c.obj (.text:_pconv_g)
                  000011fc    000001b6                                   : fd_add_t2.asm.obj (.text)
                  000013b2    00000002     startup_msp432p401r_ccs.obj (.text:Default_Handler)
                  000013b4    0000015c     msp432p4xx_driverlib.lib : pcm.o (.text:__PCM_setPowerModeAdvanced)
                  00001510    00000154     main.obj (.text:PORT5_IRQHandler)
                  00001664    0000013c     rtsv7M4_T_le_v4SPD16_eabi.lib : _printfi.c.obj (.text:_pconv_e)
                  000017a0    00000136                                   : fd_div_t2.asm.obj (.text)
                  000018d6    00000002                                   : div0.asm.obj (.text)
                  000018d8    00000124                                   : _printfi.c.obj (.text:fcvt)
                  000019fc    0000011c     msp432p4xx_driverlib.lib : uart.o (.text:UART_initModule)
                  00001b18    00000110     rtsv7M4_T_le_v4SPD16_eabi.lib : s_scalbn.c.obj (.text:scalbn)
                  00001c28    00000108     msp432p4xx_driverlib.lib : pcm.o (.text:__PCM_setCoreVoltageLevelAdvanced)
                  00001d30    000000fc     rtsv7M4_T_le_v4SPD16_eabi.lib : fd_mul_t2.asm.obj (.text)
                  00001e2c    000000f0     main.obj (.text:main)
                  00001f1c    000000b1     rtsv7M4_T_le_v4SPD16_eabi.lib : _printfi.c.obj (.text:_ltostr)
                  00001fcd    00000001     --HOLE-- [fill = 0]
                  00001fce    0000009c                                   : memcpy_t2.asm.obj (.text)
                  0000206a    00000096                                   : ull_div_t2.asm.obj (.text)
                  00002100    00000088     msp432p4xx_driverlib.lib : gpio.o (.text:GPIO_setAsPeripheralModuleFunctionInputPin)
                  00002188    00000086     rtsv7M4_T_le_v4SPD16_eabi.lib : fd_cmp_t2.asm.obj (.text:__aeabi_cdcmple)
                  0000220e    00000086                                   : fd_cmp_t2.asm.obj (.text:__aeabi_cdrcmple)
                  00002294    00000084     msp432p4xx_driverlib.lib : pcm.o (.text:PCM_gotoLPM3)
                  00002318    00000080                              : interrupt.o (.text:Interrupt_enableInterrupt)
                  00002398    0000007a     rtsv7M4_T_le_v4SPD16_eabi.lib : memset_t2.asm.obj (.text)
                  00002412    00000002     --HOLE-- [fill = 0]
                  00002414    00000078     system_msp432p401r.obj (.text:SystemInit)
                  0000248c    0000006e     rtsv7M4_T_le_v4SPD16_eabi.lib : _printfi.c.obj (.text:_mcpy)
                  000024fa    0000006e                                   : fd_tos_t2.asm.obj (.text)
                  00002568    00000068                                   : copy_decompress_lzss.c.obj (.text:decompress:lzss:__TI_decompress_lzss)
                  000025d0    00000064                                   : s_frexp.c.obj (.text:frexp)
                  00002634    0000005e     msp432p4xx_driverlib.lib : pcm.o (.text:PCM_getCoreVoltageLevel)
                  00002692    0000005a                              : pcm.o (.text:PCM_getPowerMode)
                  000026ec    00000058                              : gpio.o (.text:GPIO_setAsInputPinWithPullUpResistor)
                  00002744    00000056     rtsv7M4_T_le_v4SPD16_eabi.lib : _printfi.c.obj (.text:_pconv_f)
                  0000279a    00000002     --HOLE-- [fill = 0]
                  0000279c    00000054     msp432p4xx_driverlib.lib : pcm.o (.text:PCM_shutdownDevice)
                  000027f0    00000054     rtsv7M4_T_le_v4SPD16_eabi.lib : _ltoa.c.obj (.text:__TI_ltoa)
                  00002844    00000052                                   : _printfi.c.obj (.text:_ecpy)
                  00002896    0000004c     msp432p4xx_driverlib.lib : timer_a.o (.text:Timer_A_getCounterValue)
                  000028e2    00000002     --HOLE-- [fill = 0]
                  000028e4    0000004c     rtsv7M4_T_le_v4SPD16_eabi.lib : atoi.c.obj (.text:atoi)
                  00002930    00000048                                   : fd_toi_t2.asm.obj (.text)
                  00002978    00000044                                   : autoinit.c.obj (.text:__TI_auto_init_nobinit_nopinit:__TI_auto_init_nobinit_nopinit)
                  000029bc    00000040                                   : sprintf.c.obj (.text:sprintf)
                  000029fc    0000003e                                   : _printfi.c.obj (.text:_fcpy)
                  00002a3a    00000002     --HOLE-- [fill = 0]
                  00002a3c    0000003c     msp432p4xx_driverlib.lib : gpio.o (.text:GPIO_interruptEdgeSelect)
                  00002a78    00000038     rtsv7M4_T_le_v4SPD16_eabi.lib : fs_tod_t2.asm.obj (.text)
                  00002ab0    00000034     msp432p4xx_driverlib.lib : cs.o (.text:CS_setDCOCenteredFrequency)
                  00002ae4    00000034                              : uart.o (.text:UART_transmitData)
                  00002b18    00000034     rtsv7M4_T_le_v4SPD16_eabi.lib : boot_cortex_m.c.obj (.text:_c_int00_noargs:_c_int00_noargs)
                  00002b4c    00000030     msp432p4xx_driverlib.lib : uart.o (.text:UART_enableInterrupt)
                  00002b7c    0000002e     rtsv7M4_T_le_v4SPD16_eabi.lib : i_tofd_t2.asm.obj (.text)
                  00002baa    00000002     --HOLE-- [fill = 0]
                  00002bac    0000002c     main.obj (.text:LED_init)
                  00002bd8    0000002c     msp432p4xx_driverlib.lib : rtc_c.o (.text:RTC_C_holdClock)
                  00002c04    00000028                              : gpio.o (.text:GPIO_clearInterruptFlag)
                  00002c2c    00000028                              : gpio.o (.text:GPIO_enableInterrupt)
                  00002c54    00000028                              : pcm.o (.text:PCM_gotoLPM0)
                  00002c7c    00000028     main.obj (.text:TA0_0_IRQHandler)
                  00002ca4    00000024     msp432p4xx_driverlib.lib : wdt_a.o (.text:WDT_A_holdTimer)
                  00002cc8    0000001c     rtsv7M4_T_le_v4SPD16_eabi.lib : copy_zero_init.c.obj (.text:decompress:ZI:__TI_zero_init_nomemset:__TI_zero_init_nomemset)
                  00002ce4    0000001c                                   : memccpy.c.obj (.text:memccpy)
                  00002d00    0000001a                                   : s_copysign.c.obj (.text:copysign)
                  00002d1a    00000002     --HOLE-- [fill = 0]
                  00002d1c    00000018     msp432p4xx_driverlib.lib : timer_a.o (.text:Timer_A_clearTimer)
                  00002d34    00000018     rtsv7M4_T_le_v4SPD16_eabi.lib : sprintf.c.obj (.text:_outs)
                  00002d4c    00000016     msp432p4xx_driverlib.lib : uart.o (.text:UART_enableModule)
                  00002d62    00000016     rtsv7M4_T_le_v4SPD16_eabi.lib : strchr.c.obj (.text:strchr)
                  00002d78    00000014     msp432p4xx_driverlib.lib : pcm.o (.text:PCM_getPowerState)
                  00002d8c    00000014     rtsv7M4_T_le_v4SPD16_eabi.lib : strlen.c.obj (.text:strlen)
                  00002da0    00000012                                   : wcslen.c.obj (.text:wcslen)
                  00002db2    00000010     msp432p4xx_driverlib.lib : interrupt.o (.text:Interrupt_enableMaster)
                  00002dc2    00000010                              : pcm.o (.text:PCM_gotoLPM4)
                  00002dd2    00000010                              : pcm.o (.text:PCM_setPowerMode)
                  00002de2    00000010                              : pcm.o (.text:PCM_setPowerState)
                  00002df2    0000000e     rtsv7M4_T_le_v4SPD16_eabi.lib : copy_decompress_none.c.obj (.text:decompress:none:__TI_decompress_none)
                  00002e00    0000000c     msp432p4xx_driverlib.lib : cpu.o (.text:CPU_cpsie)
                  00002e0c    0000000c     startup_msp432p401r_ccs.obj (.text:Reset_Handler)
                  00002e18    0000000a     rtsv7M4_T_le_v4SPD16_eabi.lib : sprintf.c.obj (.text:_outc)
                  00002e22    00000002     --HOLE-- [fill = 0]
                  00002e24    00000008                                   : errno.c.obj (.text:__aeabi_errno_addr)
                  00002e2c    00000004     msp432p4xx_driverlib.lib : cpu.o (.text:CPU_wfi)
                  00002e30    00000004     rtsv7M4_T_le_v4SPD16_eabi.lib : pre_init.c.obj (.text:_system_pre_init)
                  00002e34    00000004                                   : exit.c.obj (.text:abort:abort)

.const     0    00002e38    00000164     
                  00002e38    00000101     rtsv7M4_T_le_v4SPD16_eabi.lib : ctype.c.obj (.const:.string:_ctypes_)
                  00002f39    00000003     --HOLE-- [fill = 0]
                  00002f3c    00000030     msp432p4xx_driverlib.lib : gpio.o (.const:GPIO_PORT_TO_BASE)
                  00002f6c    00000028     main.obj (.const:uartConfig)
                  00002f94    00000008     msp432p4xx_driverlib.lib : interrupt.o (.const:g_pulEnRegs)

.cinit     0    00002fa0    00000030     
                  00002fa0    0000000c     (__TI_handler_table)
                  00002fac    00000004     --HOLE-- [fill = 0]
                  00002fb0    00000008     (.cinit..bss.load) [load image, compression = zero_init]
                  00002fb8    00000007     (.cinit..data.load) [load image, compression = lzss]
                  00002fbf    00000001     --HOLE-- [fill = 0]
                  00002fc0    00000010     (__TI_cinit_table)

.init_array 
*          0    00000000    00000000     UNINITIALIZED

.binit     0    00000000    00000000     

.bss       0    20000000    00000035     UNINITIALIZED
                  20000000    00000020     (.common:msg)
                  20000020    00000015     main.obj (.bss)

.data      0    20000038    00000004     UNINITIALIZED
                  20000038    00000004     rtsv7M4_T_le_v4SPD16_eabi.lib : errno.c.obj (.data)

.stack     0    2000fe00    00000200     UNINITIALIZED
                  2000fe00    00000004     rtsv7M4_T_le_v4SPD16_eabi.lib : boot_cortex_m.c.obj (.stack)
                  2000fe04    000001fc     --HOLE--

__llvm_prf_cnts 
*          0    20000000    00000000     UNINITIALIZED

MODULE SUMMARY

       Module                        code    ro data   rw data
       ------                        ----    -------   -------
    .\
       main.obj                      664     40        106    
       system_msp432p401r.obj        120     0         0      
    +--+-----------------------------+-------+---------+---------+
       Total:                        784     40        106    
                                                              
    .\ccs\
       startup_msp432p401r_ccs.obj   14      228       0      
    +--+-----------------------------+-------+---------+---------+
       Total:                        14      228       0      
                                                              
    D:/ti/simplelink_msp432p4_sdk_3_40_01_02/source/ti/devices/msp432p4xx/driverlib/ccs/msp432p4xx_driverlib.lib
       pcm.o                         1770    0         0      
       gpio.o                        364     48        0      
       uart.o                        406     0         0      
       interrupt.o                   144     8         0      
       timer_a.o                     100     0         0      
       cs.o                          52      0         0      
       rtc_c.o                       44      0         0      
       wdt_a.o                       36      0         0      
       cpu.o                         16      0         0      
    +--+-----------------------------+-------+---------+---------+
       Total:                        2932    56        0      
                                                              
    D:\ProgramFiles\ti\ccs1110\ccs\tools\compiler\ti-cgt-arm_20.2.6.LTS\lib\rtsv7M4_T_le_v4SPD16_eabi.lib
       _printfi.c.obj                4851    0         0      
       fd_add_t2.asm.obj             438     0         0      
       fd_div_t2.asm.obj             310     0         0      
       s_scalbn.c.obj                272     0         0      
       fd_cmp_t2.asm.obj             268     0         0      
       ctype.c.obj                   0       257       0      
       fd_mul_t2.asm.obj             252     0         0      
       memcpy_t2.asm.obj             156     0         0      
       ull_div_t2.asm.obj            150     0         0      
       memset_t2.asm.obj             122     0         0      
       fd_tos_t2.asm.obj             110     0         0      
       copy_decompress_lzss.c.obj    104     0         0      
       s_frexp.c.obj                 100     0         0      
       sprintf.c.obj                 98      0         0      
       _ltoa.c.obj                   84      0         0      
       atoi.c.obj                    76      0         0      
       fd_toi_t2.asm.obj             72      0         0      
       autoinit.c.obj                68      0         0      
       fs_tod_t2.asm.obj             56      0         0      
       boot_cortex_m.c.obj           52      0         0      
       i_tofd_t2.asm.obj             46      0         0      
       copy_zero_init.c.obj          28      0         0      
       memccpy.c.obj                 28      0         0      
       s_copysign.c.obj              26      0         0      
       strchr.c.obj                  22      0         0      
       strlen.c.obj                  20      0         0      
       wcslen.c.obj                  18      0         0      
       errno.c.obj                   8       0         8      
       copy_decompress_none.c.obj    14      0         0      
       exit.c.obj                    4       0         0      
       pre_init.c.obj                4       0         0      
       div0.asm.obj                  2       0         0      
    +--+-----------------------------+-------+---------+---------+
       Total:                        7859    257       8      
                                                              
       Stack:                        0       0         1024   
       Linker Generated:             0       43        0      
    +--+-----------------------------+-------+---------+---------+
       Grand Total:                  11589   624       1138   


LINKER GENERATED COPY TABLES

__TI_cinit_table @ 00002fc0 records: 2, size/record: 8, table size: 16
	.bss: load addr=00002fb0, load size=00000008 bytes, run addr=20000000, run size=00000035 bytes, compression=zero_init
	.data: load addr=00002fb8, load size=00000007 bytes, run addr=20000038, run size=00000004 bytes, compression=lzss


LINKER GENERATED HANDLER TABLE

__TI_handler_table @ 00002fa0 records: 3, size/record: 4, table size: 12
	index: 0, handler: __TI_decompress_lzss
	index: 1, handler: __TI_decompress_none
	index: 2, handler: __TI_zero_init


GLOBAL SYMBOLS: SORTED ALPHABETICALLY BY Name 

address   name                                      
-------   ----                                      
000013b3  ADC14_IRQHandler                          
000013b3  AES256_IRQHandler                         
000013b3  BusFault_Handler                          
00002e35  C$$EXIT                                   
000013b3  COMP_E0_IRQHandler                        
000013b3  COMP_E1_IRQHandler                        
00002e01  CPU_cpsie                                 
00002e2d  CPU_wfi                                   
000013b3  CS_IRQHandler                             
00002ab1  CS_setDCOCenteredFrequency                
000013b3  DMA_ERR_IRQHandler                        
000013b3  DMA_INT0_IRQHandler                       
000013b3  DMA_INT1_IRQHandler                       
000013b3  DMA_INT2_IRQHandler                       
000013b3  DMA_INT3_IRQHandler                       
000013b3  DebugMon_Handler                          
000013b3  Default_Handler                           
000013b3  EUSCIA0_IRQHandler                        
000013b3  EUSCIA1_IRQHandler                        
000013b3  EUSCIA2_IRQHandler                        
000013b3  EUSCIA3_IRQHandler                        
000013b3  EUSCIB0_IRQHandler                        
000013b3  EUSCIB1_IRQHandler                        
000013b3  EUSCIB2_IRQHandler                        
000013b3  EUSCIB3_IRQHandler                        
000013b3  FLCTL_IRQHandler                          
000013b3  FPU_IRQHandler                            
00002c05  GPIO_clearInterruptFlag                   
00002c2d  GPIO_enableInterrupt                      
00002a3d  GPIO_interruptEdgeSelect                  
000026ed  GPIO_setAsInputPinWithPullUpResistor      
00002101  GPIO_setAsPeripheralModuleFunctionInputPin
000013b3  HardFault_Handler                         
00002319  Interrupt_enableInterrupt                 
00002db3  Interrupt_enableMaster                    
00002bad  LED_init                                  
000013b3  MemManage_Handler                         
000013b3  NMI_Handler                               
000013b3  PCM_IRQHandler                            
00002635  PCM_getCoreVoltageLevel                   
00002693  PCM_getPowerMode                          
00002d79  PCM_getPowerState                         
00002c55  PCM_gotoLPM0                              
00002295  PCM_gotoLPM3                              
00002dc3  PCM_gotoLPM4                              
00002dd3  PCM_setPowerMode                          
00002de3  PCM_setPowerState                         
0000279d  PCM_shutdownDevice                        
000013b3  PORT1_IRQHandler                          
000013b3  PORT2_IRQHandler                          
000013b3  PORT3_IRQHandler                          
000013b3  PORT4_IRQHandler                          
00001511  PORT5_IRQHandler                          
00001511  PORT5_IRQHandler                          
000013b3  PORT6_IRQHandler                          
000013b3  PSS_IRQHandler                            
000013b3  PendSV_Handler                            
000013b3  RTC_C_IRQHandler                          
00002bd9  RTC_C_holdClock                           
00002e0d  Reset_Handler                             
000013b3  SVC_Handler                               
000013b3  SysTick_Handler                           
00002415  SystemInit                                
000013b3  T32_INT1_IRQHandler                       
000013b3  T32_INT2_IRQHandler                       
000013b3  T32_INTC_IRQHandler                       
00002c7d  TA0_0_IRQHandler                          
00002c7d  TA0_0_IRQHandler                          
000013b3  TA0_N_IRQHandler                          
000013b3  TA1_0_IRQHandler                          
000013b3  TA1_N_IRQHandler                          
000013b3  TA2_0_IRQHandler                          
000013b3  TA2_N_IRQHandler                          
000013b3  TA3_0_IRQHandler                          
000013b3  TA3_N_IRQHandler                          
00002d1d  Timer_A_clearTimer                        
00002897  Timer_A_getCounterValue                   
00002b4d  UART_enableInterrupt                      
00002d4d  UART_enableModule                         
000019fd  UART_initModule                           
00002ae5  UART_transmitData                         
000013b3  UsageFault_Handler                        
4000480c  WDTCTL_SYM                                
000013b3  WDT_A_IRQHandler                          
00002ca5  WDT_A_holdTimer                           
20010000  __STACK_END                               
00000200  __STACK_SIZE                              
00002fc0  __TI_CINIT_Base                           
00002fd0  __TI_CINIT_Limit                          
00002fa0  __TI_Handler_Table_Base                   
00002fac  __TI_Handler_Table_Limit                  
00002979  __TI_auto_init_nobinit_nopinit            
00002569  __TI_decompress_lzss                      
00002df3  __TI_decompress_none                      
000027f1  __TI_ltoa                                 
ffffffff  __TI_pprof_out_hndl                       
000000e5  __TI_printfi                              
ffffffff  __TI_prof_data_size                       
ffffffff  __TI_prof_data_start                      
00000000  __TI_static_base__                        
00002cc9  __TI_zero_init_nomemset                   
00002189  __aeabi_cdcmpeq                           
00002189  __aeabi_cdcmple                           
0000220f  __aeabi_cdrcmple                          
000024fb  __aeabi_d2f                               
00002931  __aeabi_d2iz                              
00001207  __aeabi_dadd                              
000017a1  __aeabi_ddiv                              
00001d31  __aeabi_dmul                              
000011fd  __aeabi_dsub                              
00002e25  __aeabi_errno_addr                        
00002a79  __aeabi_f2d                               
00002b7d  __aeabi_i2d                               
000018d7  __aeabi_idiv0                             
000018d7  __aeabi_ldiv0                             
00002399  __aeabi_memclr                            
00002399  __aeabi_memclr4                           
00002399  __aeabi_memclr8                           
00001fcf  __aeabi_memcpy                            
00001fcf  __aeabi_memcpy4                           
00001fcf  __aeabi_memcpy8                           
0000239b  __aeabi_memset                            
0000239b  __aeabi_memset4                           
0000239b  __aeabi_memset8                           
0000206b  __aeabi_uldivmod                          
ffffffff  __binit__                                 
ffffffff  __c_args__                                
UNDEFED   __mpu_init                                
2000fe00  __stack                                   
20000000  __start___llvm_prf_cnts                   
20000000  __stop___llvm_prf_cnts                    
00002b19  _c_int00_noargs                           
00002e38  _ctypes_                                  
UNDEFED   _system_post_cinit                        
00002e31  _system_pre_init                          
00002e35  abort                                     
000028e5  atoi                                      
ffffffff  binit                                     
00002d01  copysign                                  
00002d01  copysignl                                 
20000038  errno                                     
000025d1  frexp                                     
000025d1  frexpl                                    
00000000  interruptVectors                          
00001b19  ldexp                                     
00001b19  ldexpl                                    
00001e2d  main                                      
00002ce5  memccpy                                   
00001fcf  memcpy                                    
000023a1  memset                                    
20000000  msg                                       
00001b19  scalbn                                    
00001b19  scalbnl                                   
000029bd  sprintf                                   
00002d63  strchr                                    
00002d8d  strlen                                    
00002f6c  uartConfig                                
00002da1  wcslen                                    


GLOBAL SYMBOLS: SORTED BY Symbol Address 

address   name                                      
-------   ----                                      
00000000  __TI_static_base__                        
00000000  interruptVectors                          
000000e5  __TI_printfi                              
00000200  __STACK_SIZE                              
000011fd  __aeabi_dsub                              
00001207  __aeabi_dadd                              
000013b3  ADC14_IRQHandler                          
000013b3  AES256_IRQHandler                         
000013b3  BusFault_Handler                          
000013b3  COMP_E0_IRQHandler                        
000013b3  COMP_E1_IRQHandler                        
000013b3  CS_IRQHandler                             
000013b3  DMA_ERR_IRQHandler                        
000013b3  DMA_INT0_IRQHandler                       
000013b3  DMA_INT1_IRQHandler                       
000013b3  DMA_INT2_IRQHandler                       
000013b3  DMA_INT3_IRQHandler                       
000013b3  DebugMon_Handler                          
000013b3  Default_Handler                           
000013b3  EUSCIA0_IRQHandler                        
000013b3  EUSCIA1_IRQHandler                        
000013b3  EUSCIA2_IRQHandler                        
000013b3  EUSCIA3_IRQHandler                        
000013b3  EUSCIB0_IRQHandler                        
000013b3  EUSCIB1_IRQHandler                        
000013b3  EUSCIB2_IRQHandler                        
000013b3  EUSCIB3_IRQHandler                        
000013b3  FLCTL_IRQHandler                          
000013b3  FPU_IRQHandler                            
000013b3  HardFault_Handler                         
000013b3  MemManage_Handler                         
000013b3  NMI_Handler                               
000013b3  PCM_IRQHandler                            
000013b3  PORT1_IRQHandler                          
000013b3  PORT2_IRQHandler                          
000013b3  PORT3_IRQHandler                          
000013b3  PORT4_IRQHandler                          
000013b3  PORT6_IRQHandler                          
000013b3  PSS_IRQHandler                            
000013b3  PendSV_Handler                            
000013b3  RTC_C_IRQHandler                          
000013b3  SVC_Handler                               
000013b3  SysTick_Handler                           
000013b3  T32_INT1_IRQHandler                       
000013b3  T32_INT2_IRQHandler                       
000013b3  T32_INTC_IRQHandler                       
000013b3  TA0_N_IRQHandler                          
000013b3  TA1_0_IRQHandler                          
000013b3  TA1_N_IRQHandler                          
000013b3  TA2_0_IRQHandler                          
000013b3  TA2_N_IRQHandler                          
000013b3  TA3_0_IRQHandler                          
000013b3  TA3_N_IRQHandler                          
000013b3  UsageFault_Handler                        
000013b3  WDT_A_IRQHandler                          
00001511  PORT5_IRQHandler                          
00001511  PORT5_IRQHandler                          
000017a1  __aeabi_ddiv                              
000018d7  __aeabi_idiv0                             
000018d7  __aeabi_ldiv0                             
000019fd  UART_initModule                           
00001b19  ldexp                                     
00001b19  ldexpl                                    
00001b19  scalbn                                    
00001b19  scalbnl                                   
00001d31  __aeabi_dmul                              
00001e2d  main                                      
00001fcf  __aeabi_memcpy                            
00001fcf  __aeabi_memcpy4                           
00001fcf  __aeabi_memcpy8                           
00001fcf  memcpy                                    
0000206b  __aeabi_uldivmod                          
00002101  GPIO_setAsPeripheralModuleFunctionInputPin
00002189  __aeabi_cdcmpeq                           
00002189  __aeabi_cdcmple                           
0000220f  __aeabi_cdrcmple                          
00002295  PCM_gotoLPM3                              
00002319  Interrupt_enableInterrupt                 
00002399  __aeabi_memclr                            
00002399  __aeabi_memclr4                           
00002399  __aeabi_memclr8                           
0000239b  __aeabi_memset                            
0000239b  __aeabi_memset4                           
0000239b  __aeabi_memset8                           
000023a1  memset                                    
00002415  SystemInit                                
000024fb  __aeabi_d2f                               
00002569  __TI_decompress_lzss                      
000025d1  frexp                                     
000025d1  frexpl                                    
00002635  PCM_getCoreVoltageLevel                   
00002693  PCM_getPowerMode                          
000026ed  GPIO_setAsInputPinWithPullUpResistor      
0000279d  PCM_shutdownDevice                        
000027f1  __TI_ltoa                                 
00002897  Timer_A_getCounterValue                   
000028e5  atoi                                      
00002931  __aeabi_d2iz                              
00002979  __TI_auto_init_nobinit_nopinit            
000029bd  sprintf                                   
00002a3d  GPIO_interruptEdgeSelect                  
00002a79  __aeabi_f2d                               
00002ab1  CS_setDCOCenteredFrequency                
00002ae5  UART_transmitData                         
00002b19  _c_int00_noargs                           
00002b4d  UART_enableInterrupt                      
00002b7d  __aeabi_i2d                               
00002bad  LED_init                                  
00002bd9  RTC_C_holdClock                           
00002c05  GPIO_clearInterruptFlag                   
00002c2d  GPIO_enableInterrupt                      
00002c55  PCM_gotoLPM0                              
00002c7d  TA0_0_IRQHandler                          
00002c7d  TA0_0_IRQHandler                          
00002ca5  WDT_A_holdTimer                           
00002cc9  __TI_zero_init_nomemset                   
00002ce5  memccpy                                   
00002d01  copysign                                  
00002d01  copysignl                                 
00002d1d  Timer_A_clearTimer                        
00002d4d  UART_enableModule                         
00002d63  strchr                                    
00002d79  PCM_getPowerState                         
00002d8d  strlen                                    
00002da1  wcslen                                    
00002db3  Interrupt_enableMaster                    
00002dc3  PCM_gotoLPM4                              
00002dd3  PCM_setPowerMode                          
00002de3  PCM_setPowerState                         
00002df3  __TI_decompress_none                      
00002e01  CPU_cpsie                                 
00002e0d  Reset_Handler                             
00002e25  __aeabi_errno_addr                        
00002e2d  CPU_wfi                                   
00002e31  _system_pre_init                          
00002e35  C$$EXIT                                   
00002e35  abort                                     
00002e38  _ctypes_                                  
00002f6c  uartConfig                                
00002fa0  __TI_Handler_Table_Base                   
00002fac  __TI_Handler_Table_Limit                  
00002fc0  __TI_CINIT_Base                           
00002fd0  __TI_CINIT_Limit                          
20000000  __start___llvm_prf_cnts                   
20000000  __stop___llvm_prf_cnts                    
20000000  msg                                       
20000038  errno                                     
2000fe00  __stack                                   
20010000  __STACK_END                               
4000480c  WDTCTL_SYM                                
ffffffff  __TI_pprof_out_hndl                       
ffffffff  __TI_prof_data_size                       
ffffffff  __TI_prof_data_start                      
ffffffff  __binit__                                 
ffffffff  __c_args__                                
ffffffff  binit                                     
UNDEFED   __mpu_init                                
UNDEFED   _system_post_cinit                        

[158 symbols]
