******************************************************************************
                  TI ARM Linker PC v20.2.6                     
******************************************************************************
>> Linked Thu Apr 28 22:41:16 2022

OUTPUT FILE NAME:   <UART-ADC.out>
ENTRY POINT SYMBOL: "_c_int00_noargs"  address: 00002dad


MEMORY CONFIGURATION

         name            origin    length      used     unused   attr    fill
----------------------  --------  ---------  --------  --------  ----  --------
  MAIN                  00000000   00040000  0000339c  0003cc64  R  X
  INFO                  00200000   00004000  00000000  00004000  R  X
  SRAM_CODE             01000000   00010000  00000248  0000fdb8  RW X
  SRAM_DATA             20000000   00010000  00000248  0000fdb8  RW  


SEGMENT ALLOCATION MAP

run origin  load origin   length   init length attrs members
----------  ----------- ---------- ----------- ----- -------
00000000    00000000    000033a0   000033a0    r-x
  00000000    00000000    000000e4   000000e4    r-- .intvecs
  000000e4    000000e4    0000309c   0000309c    r-x .text
  00003180    00003180    000001e4   000001e4    r-- .const
  00003368    00003368    00000038   00000038    r-- .cinit
20000000    20000000    00000048   00000000    rw-
  20000000    20000000    00000030   00000000    rw- .bss
  20000030    20000030    00000018   00000000    rw- .data
2000fe00    2000fe00    00000200   00000000    rw-
  2000fe00    2000fe00    00000200   00000000    rw- .stack


SECTION ALLOCATION MAP

 output                                  attributes/
section   page    origin      length       input sections
--------  ----  ----------  ----------   ----------------
.intvecs   0    00000000    000000e4     
                  00000000    000000e4     startup_msp432p401r_ccs.obj (.intvecs:retain)

.text      0    000000e4    0000309c     
                  000000e4    00000a4e     rtsv7M4_T_le_v4SPD16_eabi.lib : _printfi.c.obj (.text:__TI_printfi)
                  00000b32    0000028a     msp432p4xx_driverlib.lib : pcm.o (.text:__PCM_setPowerStateAdvanced)
                  00000dbc    00000270     rtsv7M4_T_le_v4SPD16_eabi.lib : _printfi.c.obj (.text:_pconv_a)
                  0000102c    000001d0                                   : _printfi.c.obj (.text:_pconv_g)
                  000011fc    000001b6                                   : fd_add_t2.asm.obj (.text)
                  000013b2    00000002     startup_msp432p401r_ccs.obj (.text:Default_Handler)
                  000013b4    00000160     msp432p4xx_driverlib.lib : adc14.o (.text:_getIndexForMemRegister)
                  00001514    0000015c                              : pcm.o (.text:__PCM_setPowerModeAdvanced)
                  00001670    00000158     main.obj (.text:ADC14_IRQHandler)
                  000017c8    0000013c     rtsv7M4_T_le_v4SPD16_eabi.lib : _printfi.c.obj (.text:_pconv_e)
                  00001904    00000136                                   : fd_div_t2.asm.obj (.text)
                  00001a3a    00000002                                   : div0.asm.obj (.text)
                  00001a3c    00000124                                   : _printfi.c.obj (.text:fcvt)
                  00001b60    0000011c     msp432p4xx_driverlib.lib : uart.o (.text:UART_initModule)
                  00001c7c    00000110     rtsv7M4_T_le_v4SPD16_eabi.lib : s_scalbn.c.obj (.text:scalbn)
                  00001d8c    00000108     msp432p4xx_driverlib.lib : pcm.o (.text:__PCM_setCoreVoltageLevelAdvanced)
                  00001e94    000000fc     rtsv7M4_T_le_v4SPD16_eabi.lib : fd_mul_t2.asm.obj (.text)
                  00001f90    000000ec     main.obj (.text:main)
                  0000207c    000000b4     msp432p4xx_driverlib.lib : adc14.o (.text:ADC14_configureConversionMemory)
                  00002130    000000b1     rtsv7M4_T_le_v4SPD16_eabi.lib : _printfi.c.obj (.text:_ltostr)
                  000021e1    00000001     --HOLE-- [fill = 0]
                  000021e2    0000009c                                   : memcpy_t2.asm.obj (.text)
                  0000227e    00000096                                   : ull_div_t2.asm.obj (.text)
                  00002314    00000088     msp432p4xx_driverlib.lib : gpio.o (.text:GPIO_setAsPeripheralModuleFunctionInputPin)
                  0000239c    00000086     rtsv7M4_T_le_v4SPD16_eabi.lib : fd_cmp_t2.asm.obj (.text:__aeabi_cdcmple)
                  00002422    00000086                                   : fd_cmp_t2.asm.obj (.text:__aeabi_cdrcmple)
                  000024a8    00000084     msp432p4xx_driverlib.lib : pcm.o (.text:PCM_gotoLPM3)
                  0000252c    00000080                              : interrupt.o (.text:Interrupt_enableInterrupt)
                  000025ac    0000007a     rtsv7M4_T_le_v4SPD16_eabi.lib : memset_t2.asm.obj (.text)
                  00002626    00000002     --HOLE-- [fill = 0]
                  00002628    00000078     system_msp432p401r.obj (.text:SystemInit)
                  000026a0    0000006e     rtsv7M4_T_le_v4SPD16_eabi.lib : _printfi.c.obj (.text:_mcpy)
                  0000270e    0000006e                                   : fd_tos_t2.asm.obj (.text)
                  0000277c    00000068                                   : copy_decompress_lzss.c.obj (.text:decompress:lzss:__TI_decompress_lzss)
                  000027e4    00000064                                   : s_frexp.c.obj (.text:frexp)
                  00002848    0000005e     msp432p4xx_driverlib.lib : pcm.o (.text:PCM_getCoreVoltageLevel)
                  000028a6    0000005a                              : pcm.o (.text:PCM_getPowerMode)
                  00002900    00000058                              : adc14.o (.text:ADC14_configureSingleSampleMode)
                  00002958    00000056     rtsv7M4_T_le_v4SPD16_eabi.lib : _printfi.c.obj (.text:_pconv_f)
                  000029ae    00000002     --HOLE-- [fill = 0]
                  000029b0    00000054     msp432p4xx_driverlib.lib : adc14.o (.text:ADC14_initModule)
                  00002a04    00000054                              : pcm.o (.text:PCM_shutdownDevice)
                  00002a58    00000054     rtsv7M4_T_le_v4SPD16_eabi.lib : _ltoa.c.obj (.text:__TI_ltoa)
                  00002aac    00000052                                   : _printfi.c.obj (.text:_ecpy)
                  00002afe    00000002     --HOLE-- [fill = 0]
                  00002b00    0000004c                                   : atoi.c.obj (.text:atoi)
                  00002b4c    00000048     msp432p4xx_driverlib.lib : flash.o (.text:FlashCtl_setWaitState)
                  00002b94    00000048     rtsv7M4_T_le_v4SPD16_eabi.lib : fd_toi_t2.asm.obj (.text)
                  00002bdc    00000044                                   : autoinit.c.obj (.text:__TI_auto_init_nobinit_nopinit:__TI_auto_init_nobinit_nopinit)
                  00002c20    00000040                                   : sprintf.c.obj (.text:sprintf)
                  00002c60    0000003e                                   : _printfi.c.obj (.text:_fcpy)
                  00002c9e    00000002     --HOLE-- [fill = 0]
                  00002ca0    00000038     msp432p4xx_driverlib.lib : adc14.o (.text:ADC14_getEnabledInterruptStatus)
                  00002cd8    00000038     rtsv7M4_T_le_v4SPD16_eabi.lib : fs_tod_t2.asm.obj (.text)
                  00002d10    00000034     msp432p4xx_driverlib.lib : adc14.o (.text:ADC14_enableSampleTimer)
                  00002d44    00000034                              : cs.o (.text:CS_setDCOCenteredFrequency)
                  00002d78    00000034                              : uart.o (.text:UART_transmitData)
                  00002dac    00000034     rtsv7M4_T_le_v4SPD16_eabi.lib : boot_cortex_m.c.obj (.text:_c_int00_noargs:_c_int00_noargs)
                  00002de0    00000030     msp432p4xx_driverlib.lib : adc14.o (.text:ADC14_clearInterruptFlag)
                  00002e10    00000030                              : adc14.o (.text:ADC14_enableInterrupt)
                  00002e40    00000030                              : uart.o (.text:UART_enableInterrupt)
                  00002e70    0000002e     rtsv7M4_T_le_v4SPD16_eabi.lib : i_tofd_t2.asm.obj (.text)
                  00002e9e    00000002     --HOLE-- [fill = 0]
                  00002ea0    0000002c     msp432p4xx_driverlib.lib : adc14.o (.text:ADC14_getInterruptStatus)
                  00002ecc    0000002c                              : adc14.o (.text:ADC14_toggleConversionTrigger)
                  00002ef8    0000002c                              : rtc_c.o (.text:RTC_C_holdClock)
                  00002f24    00000028                              : adc14.o (.text:ADC14_enableConversion)
                  00002f4c    00000028                              : adc14.o (.text:ADC14_getResult)
                  00002f74    00000028                              : pcm.o (.text:PCM_gotoLPM0)
                  00002f9c    00000024                              : wdt_a.o (.text:WDT_A_holdTimer)
                  00002fc0    00000020     rtsv7M4_T_le_v4SPD16_eabi.lib : u_tofd_t2.asm.obj (.text)
                  00002fe0    0000001c                                   : copy_zero_init.c.obj (.text:decompress:ZI:__TI_zero_init_nomemset:__TI_zero_init_nomemset)
                  00002ffc    0000001c                                   : memccpy.c.obj (.text:memccpy)
                  00003018    0000001a                                   : s_copysign.c.obj (.text:copysign)
                  00003032    00000002     --HOLE-- [fill = 0]
                  00003034    00000018     msp432p4xx_driverlib.lib : fpu.o (.text:FPU_enableModule)
                  0000304c    00000018     rtsv7M4_T_le_v4SPD16_eabi.lib : sprintf.c.obj (.text:_outs)
                  00003064    00000016     msp432p4xx_driverlib.lib : uart.o (.text:UART_enableModule)
                  0000307a    00000016     rtsv7M4_T_le_v4SPD16_eabi.lib : strchr.c.obj (.text:strchr)
                  00003090    00000014     msp432p4xx_driverlib.lib : pcm.o (.text:PCM_getPowerState)
                  000030a4    00000014     rtsv7M4_T_le_v4SPD16_eabi.lib : strlen.c.obj (.text:strlen)
                  000030b8    00000012                                   : wcslen.c.obj (.text:wcslen)
                  000030ca    00000002     --HOLE-- [fill = 0]
                  000030cc    00000010     msp432p4xx_driverlib.lib : adc14.o (.text:ADCIsConversionRunning)
                  000030dc    00000010                              : fpu.o (.text:FPU_enableLazyStacking)
                  000030ec    00000010                              : interrupt.o (.text:Interrupt_enableMaster)
                  000030fc    00000010                              : pcm.o (.text:PCM_gotoLPM4)
                  0000310c    00000010                              : pcm.o (.text:PCM_setPowerMode)
                  0000311c    00000010                              : pcm.o (.text:PCM_setPowerState)
                  0000312c    0000000e     rtsv7M4_T_le_v4SPD16_eabi.lib : copy_decompress_none.c.obj (.text:decompress:none:__TI_decompress_none)
                  0000313a    00000002     --HOLE-- [fill = 0]
                  0000313c    0000000c     msp432p4xx_driverlib.lib : adc14.o (.text:ADC14_enableModule)
                  00003148    0000000c                              : cpu.o (.text:CPU_cpsie)
                  00003154    0000000c     startup_msp432p401r_ccs.obj (.text:Reset_Handler)
                  00003160    0000000a     rtsv7M4_T_le_v4SPD16_eabi.lib : sprintf.c.obj (.text:_outc)
                  0000316a    00000002     --HOLE-- [fill = 0]
                  0000316c    00000008                                   : errno.c.obj (.text:__aeabi_errno_addr)
                  00003174    00000004     msp432p4xx_driverlib.lib : cpu.o (.text:CPU_wfi)
                  00003178    00000004     rtsv7M4_T_le_v4SPD16_eabi.lib : pre_init.c.obj (.text:_system_pre_init)
                  0000317c    00000004                                   : exit.c.obj (.text:abort:abort)

.const     0    00003180    000001e4     
                  00003180    00000101     rtsv7M4_T_le_v4SPD16_eabi.lib : ctype.c.obj (.const:.string:_ctypes_)
                  00003281    00000003     --HOLE-- [fill = 0]
                  00003284    00000080     msp432p4xx_driverlib.lib : adc14.o (.const:_ctlRegs)
                  00003304    00000030                              : gpio.o (.const:GPIO_PORT_TO_BASE)
                  00003334    00000028     main.obj (.const:uartConfig)
                  0000335c    00000008     msp432p4xx_driverlib.lib : interrupt.o (.const:g_pulEnRegs)

.cinit     0    00003368    00000038     
                  00003368    00000014     (.cinit..data.load) [load image, compression = lzss]
                  0000337c    0000000c     (__TI_handler_table)
                  00003388    00000008     (.cinit..bss.load) [load image, compression = zero_init]
                  00003390    00000010     (__TI_cinit_table)

.init_array 
*          0    00000000    00000000     UNINITIALIZED

.binit     0    00000000    00000000     

.bss       0    20000000    00000030     UNINITIALIZED
                  20000000    00000020     (.common:msg)
                  20000020    00000010     main.obj (.bss)

.data      0    20000030    00000018     UNINITIALIZED
                  20000030    00000014     main.obj (.data)
                  20000044    00000004     rtsv7M4_T_le_v4SPD16_eabi.lib : errno.c.obj (.data)

.stack     0    2000fe00    00000200     UNINITIALIZED
                  2000fe00    00000004     rtsv7M4_T_le_v4SPD16_eabi.lib : boot_cortex_m.c.obj (.stack)
                  2000fe04    000001fc     --HOLE--

__llvm_prf_cnts 
*          0    20000000    00000000     UNINITIALIZED

MODULE SUMMARY

       Module                        code    ro data   rw data
       ------                        ----    -------   -------
    .\
       main.obj                      580     40        136    
       system_msp432p401r.obj        120     0         0      
    +--+-----------------------------+-------+---------+---------+
       Total:                        700     40        136    
                                                              
    .\ccs\
       startup_msp432p401r_ccs.obj   14      228       0      
    +--+-----------------------------+-------+---------+---------+
       Total:                        14      228       0      
                                                              
    D:/ti/simplelink_msp432p4_sdk_3_40_01_02/source/ti/devices/msp432p4xx/driverlib/ccs/msp432p4xx_driverlib.lib
       pcm.o                         1770    0         0      
       adc14.o                       1104    128       0      
       uart.o                        406     0         0      
       gpio.o                        136     48        0      
       interrupt.o                   144     8         0      
       flash.o                       72      0         0      
       cs.o                          52      0         0      
       rtc_c.o                       44      0         0      
       fpu.o                         40      0         0      
       wdt_a.o                       36      0         0      
       cpu.o                         16      0         0      
    +--+-----------------------------+-------+---------+---------+
       Total:                        3820    184       0      
                                                              
    D:\ProgramFiles\ti\ccs1110\ccs\tools\compiler\ti-cgt-arm_20.2.6.LTS\lib\rtsv7M4_T_le_v4SPD16_eabi.lib
       _printfi.c.obj                4851    0         0      
       fd_add_t2.asm.obj             438     0         0      
       fd_div_t2.asm.obj             310     0         0      
       s_scalbn.c.obj                272     0         0      
       fd_cmp_t2.asm.obj             268     0         0      
       ctype.c.obj                   0       257       0      
       fd_mul_t2.asm.obj             252     0         0      
       memcpy_t2.asm.obj             156     0         0      
       ull_div_t2.asm.obj            150     0         0      
       memset_t2.asm.obj             122     0         0      
       fd_tos_t2.asm.obj             110     0         0      
       copy_decompress_lzss.c.obj    104     0         0      
       s_frexp.c.obj                 100     0         0      
       sprintf.c.obj                 98      0         0      
       _ltoa.c.obj                   84      0         0      
       atoi.c.obj                    76      0         0      
       fd_toi_t2.asm.obj             72      0         0      
       autoinit.c.obj                68      0         0      
       fs_tod_t2.asm.obj             56      0         0      
       boot_cortex_m.c.obj           52      0         0      
       i_tofd_t2.asm.obj             46      0         0      
       u_tofd_t2.asm.obj             32      0         0      
       copy_zero_init.c.obj          28      0         0      
       memccpy.c.obj                 28      0         0      
       s_copysign.c.obj              26      0         0      
       strchr.c.obj                  22      0         0      
       strlen.c.obj                  20      0         0      
       wcslen.c.obj                  18      0         0      
       errno.c.obj                   8       0         8      
       copy_decompress_none.c.obj    14      0         0      
       exit.c.obj                    4       0         0      
       pre_init.c.obj                4       0         0      
       div0.asm.obj                  2       0         0      
    +--+-----------------------------+-------+---------+---------+
       Total:                        7891    257       8      
                                                              
       Stack:                        0       0         1024   
       Linker Generated:             0       56        0      
    +--+-----------------------------+-------+---------+---------+
       Grand Total:                  12425   765       1168   


LINKER GENERATED COPY TABLES

__TI_cinit_table @ 00003390 records: 2, size/record: 8, table size: 16
	.data: load addr=00003368, load size=00000014 bytes, run addr=20000030, run size=00000018 bytes, compression=lzss
	.bss: load addr=00003388, load size=00000008 bytes, run addr=20000000, run size=00000030 bytes, compression=zero_init


LINKER GENERATED HANDLER TABLE

__TI_handler_table @ 0000337c records: 3, size/record: 4, table size: 12
	index: 0, handler: __TI_decompress_lzss
	index: 1, handler: __TI_decompress_none
	index: 2, handler: __TI_zero_init


GLOBAL SYMBOLS: SORTED ALPHABETICALLY BY Name 

address   name                                      
-------   ----                                      
00001671  ADC14_IRQHandler                          
00001671  ADC14_IRQHandler                          
00002de1  ADC14_clearInterruptFlag                  
0000207d  ADC14_configureConversionMemory           
00002901  ADC14_configureSingleSampleMode           
00002f25  ADC14_enableConversion                    
00002e11  ADC14_enableInterrupt                     
0000313d  ADC14_enableModule                        
00002d11  ADC14_enableSampleTimer                   
00002ca1  ADC14_getEnabledInterruptStatus           
00002ea1  ADC14_getInterruptStatus                  
00002f4d  ADC14_getResult                           
000029b1  ADC14_initModule                          
00002ecd  ADC14_toggleConversionTrigger             
000013b3  AES256_IRQHandler                         
000013b3  BusFault_Handler                          
0000317d  C$$EXIT                                   
000013b3  COMP_E0_IRQHandler                        
000013b3  COMP_E1_IRQHandler                        
00003149  CPU_cpsie                                 
00003175  CPU_wfi                                   
000013b3  CS_IRQHandler                             
00002d45  CS_setDCOCenteredFrequency                
000013b3  DMA_ERR_IRQHandler                        
000013b3  DMA_INT0_IRQHandler                       
000013b3  DMA_INT1_IRQHandler                       
000013b3  DMA_INT2_IRQHandler                       
000013b3  DMA_INT3_IRQHandler                       
000013b3  DebugMon_Handler                          
000013b3  Default_Handler                           
000013b3  EUSCIA0_IRQHandler                        
000013b3  EUSCIA1_IRQHandler                        
000013b3  EUSCIA2_IRQHandler                        
000013b3  EUSCIA3_IRQHandler                        
000013b3  EUSCIB0_IRQHandler                        
000013b3  EUSCIB1_IRQHandler                        
000013b3  EUSCIB2_IRQHandler                        
000013b3  EUSCIB3_IRQHandler                        
000013b3  FLCTL_IRQHandler                          
000013b3  FPU_IRQHandler                            
000030dd  FPU_enableLazyStacking                    
00003035  FPU_enableModule                          
00002b4d  FlashCtl_setWaitState                     
00002315  GPIO_setAsPeripheralModuleFunctionInputPin
000013b3  HardFault_Handler                         
0000252d  Interrupt_enableInterrupt                 
000030ed  Interrupt_enableMaster                    
000013b3  MemManage_Handler                         
000013b3  NMI_Handler                               
000013b3  PCM_IRQHandler                            
00002849  PCM_getCoreVoltageLevel                   
000028a7  PCM_getPowerMode                          
00003091  PCM_getPowerState                         
00002f75  PCM_gotoLPM0                              
000024a9  PCM_gotoLPM3                              
000030fd  PCM_gotoLPM4                              
0000310d  PCM_setPowerMode                          
0000311d  PCM_setPowerState                         
00002a05  PCM_shutdownDevice                        
000013b3  PORT1_IRQHandler                          
000013b3  PORT2_IRQHandler                          
000013b3  PORT3_IRQHandler                          
000013b3  PORT4_IRQHandler                          
000013b3  PORT5_IRQHandler                          
000013b3  PORT6_IRQHandler                          
000013b3  PSS_IRQHandler                            
000013b3  PendSV_Handler                            
000013b3  RTC_C_IRQHandler                          
00002ef9  RTC_C_holdClock                           
00003155  Reset_Handler                             
000013b3  SVC_Handler                               
000013b3  SysTick_Handler                           
00002629  SystemInit                                
000013b3  T32_INT1_IRQHandler                       
000013b3  T32_INT2_IRQHandler                       
000013b3  T32_INTC_IRQHandler                       
000013b3  TA0_0_IRQHandler                          
000013b3  TA0_N_IRQHandler                          
000013b3  TA1_0_IRQHandler                          
000013b3  TA1_N_IRQHandler                          
000013b3  TA2_0_IRQHandler                          
000013b3  TA2_N_IRQHandler                          
000013b3  TA3_0_IRQHandler                          
000013b3  TA3_N_IRQHandler                          
00002e41  UART_enableInterrupt                      
00003065  UART_enableModule                         
00001b61  UART_initModule                           
00002d79  UART_transmitData                         
000013b3  UsageFault_Handler                        
4000480c  WDTCTL_SYM                                
000013b3  WDT_A_IRQHandler                          
00002f9d  WDT_A_holdTimer                           
20010000  __STACK_END                               
00000200  __STACK_SIZE                              
00003390  __TI_CINIT_Base                           
000033a0  __TI_CINIT_Limit                          
0000337c  __TI_Handler_Table_Base                   
00003388  __TI_Handler_Table_Limit                  
00002bdd  __TI_auto_init_nobinit_nopinit            
0000277d  __TI_decompress_lzss                      
0000312d  __TI_decompress_none                      
00002a59  __TI_ltoa                                 
ffffffff  __TI_pprof_out_hndl                       
000000e5  __TI_printfi                              
ffffffff  __TI_prof_data_size                       
ffffffff  __TI_prof_data_start                      
00000000  __TI_static_base__                        
00002fe1  __TI_zero_init_nomemset                   
0000239d  __aeabi_cdcmpeq                           
0000239d  __aeabi_cdcmple                           
00002423  __aeabi_cdrcmple                          
0000270f  __aeabi_d2f                               
00002b95  __aeabi_d2iz                              
00001207  __aeabi_dadd                              
00001905  __aeabi_ddiv                              
00001e95  __aeabi_dmul                              
000011fd  __aeabi_dsub                              
0000316d  __aeabi_errno_addr                        
00002cd9  __aeabi_f2d                               
00002e71  __aeabi_i2d                               
00001a3b  __aeabi_idiv0                             
00001a3b  __aeabi_ldiv0                             
000025ad  __aeabi_memclr                            
000025ad  __aeabi_memclr4                           
000025ad  __aeabi_memclr8                           
000021e3  __aeabi_memcpy                            
000021e3  __aeabi_memcpy4                           
000021e3  __aeabi_memcpy8                           
000025af  __aeabi_memset                            
000025af  __aeabi_memset4                           
000025af  __aeabi_memset8                           
00002fc1  __aeabi_ui2d                              
0000227f  __aeabi_uldivmod                          
ffffffff  __binit__                                 
ffffffff  __c_args__                                
UNDEFED   __mpu_init                                
2000fe00  __stack                                   
20000000  __start___llvm_prf_cnts                   
20000000  __stop___llvm_prf_cnts                    
00002dad  _c_int00_noargs                           
00003180  _ctypes_                                  
UNDEFED   _system_post_cinit                        
00003179  _system_pre_init                          
0000317d  abort                                     
00002b01  atoi                                      
ffffffff  binit                                     
00003019  copysign                                  
00003019  copysignl                                 
20000044  errno                                     
000027e5  frexp                                     
000027e5  frexpl                                    
20000030  i                                         
00000000  interruptVectors                          
20000031  j                                         
20000032  k                                         
00001c7d  ldexp                                     
00001c7d  ldexpl                                    
00001f91  main                                      
00002ffd  memccpy                                   
000021e3  memcpy                                    
000025b5  memset                                    
20000000  msg                                       
00001c7d  scalbn                                    
00001c7d  scalbnl                                   
00002c21  sprintf                                   
0000307b  strchr                                    
000030a5  strlen                                    
00003334  uartConfig                                
000030b9  wcslen                                    


GLOBAL SYMBOLS: SORTED BY Symbol Address 

address   name                                      
-------   ----                                      
00000000  __TI_static_base__                        
00000000  interruptVectors                          
000000e5  __TI_printfi                              
00000200  __STACK_SIZE                              
000011fd  __aeabi_dsub                              
00001207  __aeabi_dadd                              
000013b3  AES256_IRQHandler                         
000013b3  BusFault_Handler                          
000013b3  COMP_E0_IRQHandler                        
000013b3  COMP_E1_IRQHandler                        
000013b3  CS_IRQHandler                             
000013b3  DMA_ERR_IRQHandler                        
000013b3  DMA_INT0_IRQHandler                       
000013b3  DMA_INT1_IRQHandler                       
000013b3  DMA_INT2_IRQHandler                       
000013b3  DMA_INT3_IRQHandler                       
000013b3  DebugMon_Handler                          
000013b3  Default_Handler                           
000013b3  EUSCIA0_IRQHandler                        
000013b3  EUSCIA1_IRQHandler                        
000013b3  EUSCIA2_IRQHandler                        
000013b3  EUSCIA3_IRQHandler                        
000013b3  EUSCIB0_IRQHandler                        
000013b3  EUSCIB1_IRQHandler                        
000013b3  EUSCIB2_IRQHandler                        
000013b3  EUSCIB3_IRQHandler                        
000013b3  FLCTL_IRQHandler                          
000013b3  FPU_IRQHandler                            
000013b3  HardFault_Handler                         
000013b3  MemManage_Handler                         
000013b3  NMI_Handler                               
000013b3  PCM_IRQHandler                            
000013b3  PORT1_IRQHandler                          
000013b3  PORT2_IRQHandler                          
000013b3  PORT3_IRQHandler                          
000013b3  PORT4_IRQHandler                          
000013b3  PORT5_IRQHandler                          
000013b3  PORT6_IRQHandler                          
000013b3  PSS_IRQHandler                            
000013b3  PendSV_Handler                            
000013b3  RTC_C_IRQHandler                          
000013b3  SVC_Handler                               
000013b3  SysTick_Handler                           
000013b3  T32_INT1_IRQHandler                       
000013b3  T32_INT2_IRQHandler                       
000013b3  T32_INTC_IRQHandler                       
000013b3  TA0_0_IRQHandler                          
000013b3  TA0_N_IRQHandler                          
000013b3  TA1_0_IRQHandler                          
000013b3  TA1_N_IRQHandler                          
000013b3  TA2_0_IRQHandler                          
000013b3  TA2_N_IRQHandler                          
000013b3  TA3_0_IRQHandler                          
000013b3  TA3_N_IRQHandler                          
000013b3  UsageFault_Handler                        
000013b3  WDT_A_IRQHandler                          
00001671  ADC14_IRQHandler                          
00001671  ADC14_IRQHandler                          
00001905  __aeabi_ddiv                              
00001a3b  __aeabi_idiv0                             
00001a3b  __aeabi_ldiv0                             
00001b61  UART_initModule                           
00001c7d  ldexp                                     
00001c7d  ldexpl                                    
00001c7d  scalbn                                    
00001c7d  scalbnl                                   
00001e95  __aeabi_dmul                              
00001f91  main                                      
0000207d  ADC14_configureConversionMemory           
000021e3  __aeabi_memcpy                            
000021e3  __aeabi_memcpy4                           
000021e3  __aeabi_memcpy8                           
000021e3  memcpy                                    
0000227f  __aeabi_uldivmod                          
00002315  GPIO_setAsPeripheralModuleFunctionInputPin
0000239d  __aeabi_cdcmpeq                           
0000239d  __aeabi_cdcmple                           
00002423  __aeabi_cdrcmple                          
000024a9  PCM_gotoLPM3                              
0000252d  Interrupt_enableInterrupt                 
000025ad  __aeabi_memclr                            
000025ad  __aeabi_memclr4                           
000025ad  __aeabi_memclr8                           
000025af  __aeabi_memset                            
000025af  __aeabi_memset4                           
000025af  __aeabi_memset8                           
000025b5  memset                                    
00002629  SystemInit                                
0000270f  __aeabi_d2f                               
0000277d  __TI_decompress_lzss                      
000027e5  frexp                                     
000027e5  frexpl                                    
00002849  PCM_getCoreVoltageLevel                   
000028a7  PCM_getPowerMode                          
00002901  ADC14_configureSingleSampleMode           
000029b1  ADC14_initModule                          
00002a05  PCM_shutdownDevice                        
00002a59  __TI_ltoa                                 
00002b01  atoi                                      
00002b4d  FlashCtl_setWaitState                     
00002b95  __aeabi_d2iz                              
00002bdd  __TI_auto_init_nobinit_nopinit            
00002c21  sprintf                                   
00002ca1  ADC14_getEnabledInterruptStatus           
00002cd9  __aeabi_f2d                               
00002d11  ADC14_enableSampleTimer                   
00002d45  CS_setDCOCenteredFrequency                
00002d79  UART_transmitData                         
00002dad  _c_int00_noargs                           
00002de1  ADC14_clearInterruptFlag                  
00002e11  ADC14_enableInterrupt                     
00002e41  UART_enableInterrupt                      
00002e71  __aeabi_i2d                               
00002ea1  ADC14_getInterruptStatus                  
00002ecd  ADC14_toggleConversionTrigger             
00002ef9  RTC_C_holdClock                           
00002f25  ADC14_enableConversion                    
00002f4d  ADC14_getResult                           
00002f75  PCM_gotoLPM0                              
00002f9d  WDT_A_holdTimer                           
00002fc1  __aeabi_ui2d                              
00002fe1  __TI_zero_init_nomemset                   
00002ffd  memccpy                                   
00003019  copysign                                  
00003019  copysignl                                 
00003035  FPU_enableModule                          
00003065  UART_enableModule                         
0000307b  strchr                                    
00003091  PCM_getPowerState                         
000030a5  strlen                                    
000030b9  wcslen                                    
000030dd  FPU_enableLazyStacking                    
000030ed  Interrupt_enableMaster                    
000030fd  PCM_gotoLPM4                              
0000310d  PCM_setPowerMode                          
0000311d  PCM_setPowerState                         
0000312d  __TI_decompress_none                      
0000313d  ADC14_enableModule                        
00003149  CPU_cpsie                                 
00003155  Reset_Handler                             
0000316d  __aeabi_errno_addr                        
00003175  CPU_wfi                                   
00003179  _system_pre_init                          
0000317d  C$$EXIT                                   
0000317d  abort                                     
00003180  _ctypes_                                  
00003334  uartConfig                                
0000337c  __TI_Handler_Table_Base                   
00003388  __TI_Handler_Table_Limit                  
00003390  __TI_CINIT_Base                           
000033a0  __TI_CINIT_Limit                          
20000000  __start___llvm_prf_cnts                   
20000000  __stop___llvm_prf_cnts                    
20000000  msg                                       
20000030  i                                         
20000031  j                                         
20000032  k                                         
20000044  errno                                     
2000fe00  __stack                                   
20010000  __STACK_END                               
4000480c  WDTCTL_SYM                                
ffffffff  __TI_pprof_out_hndl                       
ffffffff  __TI_prof_data_size                       
ffffffff  __TI_prof_data_start                      
ffffffff  __binit__                                 
ffffffff  __c_args__                                
ffffffff  binit                                     
UNDEFED   __mpu_init                                
UNDEFED   _system_post_cinit                        

[169 symbols]
