<?xml version="1.0" encoding="ISO-8859-1" ?>
<link_info>
   <banner>TI ARM Linker PC v20.2.6.LTS</banner>
   <copyright>Copyright (c) 1996-2018 Texas Instruments Incorporated</copyright>
   <link_time>0x626b5e5c</link_time>
   <link_errors>0x0</link_errors>
   <output_file>UART-ADC.out</output_file>
   <entry_point>
      <name>_c_int00_noargs</name>
      <address>0x2dad</address>
   </entry_point>
   <input_file_list>
      <input_file id="fl-2">
         <path>.\</path>
         <kind>object</kind>
         <file>main.obj</file>
         <name>main.obj</name>
      </input_file>
      <input_file id="fl-3">
         <path>.\</path>
         <kind>object</kind>
         <file>system_msp432p401r.obj</file>
         <name>system_msp432p401r.obj</name>
      </input_file>
      <input_file id="fl-4">
         <path>.\ccs\</path>
         <kind>object</kind>
         <file>startup_msp432p401r_ccs.obj</file>
         <name>startup_msp432p401r_ccs.obj</name>
      </input_file>
      <input_file id="fl-e">
         <kind>object</kind>
         <file>&lt;internal&gt;</file>
         <name>&lt;internal&gt;</name>
      </input_file>
      <input_file id="fl-f">
         <path>D:\ti\simplelink_msp432p4_sdk_3_40_01_02\source\ti\devices\msp432p4xx\driverlib\ccs\</path>
         <kind>archive</kind>
         <file>msp432p4xx_driverlib.lib</file>
         <name>adc14.o</name>
      </input_file>
      <input_file id="fl-10">
         <path>D:\ti\simplelink_msp432p4_sdk_3_40_01_02\source\ti\devices\msp432p4xx\driverlib\ccs\</path>
         <kind>archive</kind>
         <file>msp432p4xx_driverlib.lib</file>
         <name>cs.o</name>
      </input_file>
      <input_file id="fl-11">
         <path>D:\ti\simplelink_msp432p4_sdk_3_40_01_02\source\ti\devices\msp432p4xx\driverlib\ccs\</path>
         <kind>archive</kind>
         <file>msp432p4xx_driverlib.lib</file>
         <name>flash.o</name>
      </input_file>
      <input_file id="fl-12">
         <path>D:\ti\simplelink_msp432p4_sdk_3_40_01_02\source\ti\devices\msp432p4xx\driverlib\ccs\</path>
         <kind>archive</kind>
         <file>msp432p4xx_driverlib.lib</file>
         <name>fpu.o</name>
      </input_file>
      <input_file id="fl-13">
         <path>D:\ti\simplelink_msp432p4_sdk_3_40_01_02\source\ti\devices\msp432p4xx\driverlib\ccs\</path>
         <kind>archive</kind>
         <file>msp432p4xx_driverlib.lib</file>
         <name>gpio.o</name>
      </input_file>
      <input_file id="fl-14">
         <path>D:\ti\simplelink_msp432p4_sdk_3_40_01_02\source\ti\devices\msp432p4xx\driverlib\ccs\</path>
         <kind>archive</kind>
         <file>msp432p4xx_driverlib.lib</file>
         <name>interrupt.o</name>
      </input_file>
      <input_file id="fl-15">
         <path>D:\ti\simplelink_msp432p4_sdk_3_40_01_02\source\ti\devices\msp432p4xx\driverlib\ccs\</path>
         <kind>archive</kind>
         <file>msp432p4xx_driverlib.lib</file>
         <name>pcm.o</name>
      </input_file>
      <input_file id="fl-16">
         <path>D:\ti\simplelink_msp432p4_sdk_3_40_01_02\source\ti\devices\msp432p4xx\driverlib\ccs\</path>
         <kind>archive</kind>
         <file>msp432p4xx_driverlib.lib</file>
         <name>rtc_c.o</name>
      </input_file>
      <input_file id="fl-17">
         <path>D:\ti\simplelink_msp432p4_sdk_3_40_01_02\source\ti\devices\msp432p4xx\driverlib\ccs\</path>
         <kind>archive</kind>
         <file>msp432p4xx_driverlib.lib</file>
         <name>sysctl.o</name>
      </input_file>
      <input_file id="fl-18">
         <path>D:\ti\simplelink_msp432p4_sdk_3_40_01_02\source\ti\devices\msp432p4xx\driverlib\ccs\</path>
         <kind>archive</kind>
         <file>msp432p4xx_driverlib.lib</file>
         <name>sysctl_a.o</name>
      </input_file>
      <input_file id="fl-19">
         <path>D:\ti\simplelink_msp432p4_sdk_3_40_01_02\source\ti\devices\msp432p4xx\driverlib\ccs\</path>
         <kind>archive</kind>
         <file>msp432p4xx_driverlib.lib</file>
         <name>uart.o</name>
      </input_file>
      <input_file id="fl-1a">
         <path>D:\ti\simplelink_msp432p4_sdk_3_40_01_02\source\ti\devices\msp432p4xx\driverlib\ccs\</path>
         <kind>archive</kind>
         <file>msp432p4xx_driverlib.lib</file>
         <name>wdt_a.o</name>
      </input_file>
      <input_file id="fl-1b">
         <path>D:\ti\simplelink_msp432p4_sdk_3_40_01_02\source\ti\devices\msp432p4xx\driverlib\ccs\</path>
         <kind>archive</kind>
         <file>msp432p4xx_driverlib.lib</file>
         <name>cpu.o</name>
      </input_file>
      <input_file id="fl-d1">
         <path>D:\ProgramFiles\ti\ccs1110\ccs\tools\compiler\ti-cgt-arm_20.2.6.LTS\lib\</path>
         <kind>archive</kind>
         <file>rtsv7M4_T_le_v4SPD16_eabi.lib</file>
         <name>sprintf.c.obj</name>
      </input_file>
      <input_file id="fl-d2">
         <path>D:\ProgramFiles\ti\ccs1110\ccs\tools\compiler\ti-cgt-arm_20.2.6.LTS\lib\</path>
         <kind>archive</kind>
         <file>rtsv7M4_T_le_v4SPD16_eabi.lib</file>
         <name>fd_div_t2.asm.obj</name>
      </input_file>
      <input_file id="fl-d3">
         <path>D:\ProgramFiles\ti\ccs1110\ccs\tools\compiler\ti-cgt-arm_20.2.6.LTS\lib\</path>
         <kind>archive</kind>
         <file>rtsv7M4_T_le_v4SPD16_eabi.lib</file>
         <name>fd_mul_t2.asm.obj</name>
      </input_file>
      <input_file id="fl-d4">
         <path>D:\ProgramFiles\ti\ccs1110\ccs\tools\compiler\ti-cgt-arm_20.2.6.LTS\lib\</path>
         <kind>archive</kind>
         <file>rtsv7M4_T_le_v4SPD16_eabi.lib</file>
         <name>fd_tos_t2.asm.obj</name>
      </input_file>
      <input_file id="fl-d5">
         <path>D:\ProgramFiles\ti\ccs1110\ccs\tools\compiler\ti-cgt-arm_20.2.6.LTS\lib\</path>
         <kind>archive</kind>
         <file>rtsv7M4_T_le_v4SPD16_eabi.lib</file>
         <name>fs_tod_t2.asm.obj</name>
      </input_file>
      <input_file id="fl-d6">
         <path>D:\ProgramFiles\ti\ccs1110\ccs\tools\compiler\ti-cgt-arm_20.2.6.LTS\lib\</path>
         <kind>archive</kind>
         <file>rtsv7M4_T_le_v4SPD16_eabi.lib</file>
         <name>memcpy_t2.asm.obj</name>
      </input_file>
      <input_file id="fl-d7">
         <path>D:\ProgramFiles\ti\ccs1110\ccs\tools\compiler\ti-cgt-arm_20.2.6.LTS\lib\</path>
         <kind>archive</kind>
         <file>rtsv7M4_T_le_v4SPD16_eabi.lib</file>
         <name>u_tofd_t2.asm.obj</name>
      </input_file>
      <input_file id="fl-d8">
         <path>D:\ProgramFiles\ti\ccs1110\ccs\tools\compiler\ti-cgt-arm_20.2.6.LTS\lib\</path>
         <kind>archive</kind>
         <file>rtsv7M4_T_le_v4SPD16_eabi.lib</file>
         <name>copy_zero_init.c.obj</name>
      </input_file>
      <input_file id="fl-d9">
         <path>D:\ProgramFiles\ti\ccs1110\ccs\tools\compiler\ti-cgt-arm_20.2.6.LTS\lib\</path>
         <kind>archive</kind>
         <file>rtsv7M4_T_le_v4SPD16_eabi.lib</file>
         <name>copy_decompress_none.c.obj</name>
      </input_file>
      <input_file id="fl-da">
         <path>D:\ProgramFiles\ti\ccs1110\ccs\tools\compiler\ti-cgt-arm_20.2.6.LTS\lib\</path>
         <kind>archive</kind>
         <file>rtsv7M4_T_le_v4SPD16_eabi.lib</file>
         <name>copy_decompress_lzss.c.obj</name>
      </input_file>
      <input_file id="fl-db">
         <path>D:\ProgramFiles\ti\ccs1110\ccs\tools\compiler\ti-cgt-arm_20.2.6.LTS\lib\</path>
         <kind>archive</kind>
         <file>rtsv7M4_T_le_v4SPD16_eabi.lib</file>
         <name>boot_cortex_m.c.obj</name>
      </input_file>
      <input_file id="fl-dc">
         <path>D:\ProgramFiles\ti\ccs1110\ccs\tools\compiler\ti-cgt-arm_20.2.6.LTS\lib\</path>
         <kind>archive</kind>
         <file>rtsv7M4_T_le_v4SPD16_eabi.lib</file>
         <name>_printfi.c.obj</name>
      </input_file>
      <input_file id="fl-dd">
         <path>D:\ProgramFiles\ti\ccs1110\ccs\tools\compiler\ti-cgt-arm_20.2.6.LTS\lib\</path>
         <kind>archive</kind>
         <file>rtsv7M4_T_le_v4SPD16_eabi.lib</file>
         <name>fd_add_t2.asm.obj</name>
      </input_file>
      <input_file id="fl-de">
         <path>D:\ProgramFiles\ti\ccs1110\ccs\tools\compiler\ti-cgt-arm_20.2.6.LTS\lib\</path>
         <kind>archive</kind>
         <file>rtsv7M4_T_le_v4SPD16_eabi.lib</file>
         <name>fd_cmp_t2.asm.obj</name>
      </input_file>
      <input_file id="fl-df">
         <path>D:\ProgramFiles\ti\ccs1110\ccs\tools\compiler\ti-cgt-arm_20.2.6.LTS\lib\</path>
         <kind>archive</kind>
         <file>rtsv7M4_T_le_v4SPD16_eabi.lib</file>
         <name>fd_toi_t2.asm.obj</name>
      </input_file>
      <input_file id="fl-e0">
         <path>D:\ProgramFiles\ti\ccs1110\ccs\tools\compiler\ti-cgt-arm_20.2.6.LTS\lib\</path>
         <kind>archive</kind>
         <file>rtsv7M4_T_le_v4SPD16_eabi.lib</file>
         <name>i_tofd_t2.asm.obj</name>
      </input_file>
      <input_file id="fl-e1">
         <path>D:\ProgramFiles\ti\ccs1110\ccs\tools\compiler\ti-cgt-arm_20.2.6.LTS\lib\</path>
         <kind>archive</kind>
         <file>rtsv7M4_T_le_v4SPD16_eabi.lib</file>
         <name>memset_t2.asm.obj</name>
      </input_file>
      <input_file id="fl-e2">
         <path>D:\ProgramFiles\ti\ccs1110\ccs\tools\compiler\ti-cgt-arm_20.2.6.LTS\lib\</path>
         <kind>archive</kind>
         <file>rtsv7M4_T_le_v4SPD16_eabi.lib</file>
         <name>ull_div_t2.asm.obj</name>
      </input_file>
      <input_file id="fl-e3">
         <path>D:\ProgramFiles\ti\ccs1110\ccs\tools\compiler\ti-cgt-arm_20.2.6.LTS\lib\</path>
         <kind>archive</kind>
         <file>rtsv7M4_T_le_v4SPD16_eabi.lib</file>
         <name>autoinit.c.obj</name>
      </input_file>
      <input_file id="fl-e4">
         <path>D:\ProgramFiles\ti\ccs1110\ccs\tools\compiler\ti-cgt-arm_20.2.6.LTS\lib\</path>
         <kind>archive</kind>
         <file>rtsv7M4_T_le_v4SPD16_eabi.lib</file>
         <name>pre_init.c.obj</name>
      </input_file>
      <input_file id="fl-e5">
         <path>D:\ProgramFiles\ti\ccs1110\ccs\tools\compiler\ti-cgt-arm_20.2.6.LTS\lib\</path>
         <kind>archive</kind>
         <file>rtsv7M4_T_le_v4SPD16_eabi.lib</file>
         <name>cpy_tbl.c.obj</name>
      </input_file>
      <input_file id="fl-e6">
         <path>D:\ProgramFiles\ti\ccs1110\ccs\tools\compiler\ti-cgt-arm_20.2.6.LTS\lib\</path>
         <kind>archive</kind>
         <file>rtsv7M4_T_le_v4SPD16_eabi.lib</file>
         <name>exit.c.obj</name>
      </input_file>
      <input_file id="fl-e7">
         <path>D:\ProgramFiles\ti\ccs1110\ccs\tools\compiler\ti-cgt-arm_20.2.6.LTS\lib\</path>
         <kind>archive</kind>
         <file>rtsv7M4_T_le_v4SPD16_eabi.lib</file>
         <name>_lock.c.obj</name>
      </input_file>
      <input_file id="fl-e8">
         <path>D:\ProgramFiles\ti\ccs1110\ccs\tools\compiler\ti-cgt-arm_20.2.6.LTS\lib\</path>
         <kind>archive</kind>
         <file>rtsv7M4_T_le_v4SPD16_eabi.lib</file>
         <name>_ltoa.c.obj</name>
      </input_file>
      <input_file id="fl-e9">
         <path>D:\ProgramFiles\ti\ccs1110\ccs\tools\compiler\ti-cgt-arm_20.2.6.LTS\lib\</path>
         <kind>archive</kind>
         <file>rtsv7M4_T_le_v4SPD16_eabi.lib</file>
         <name>args_main.c.obj</name>
      </input_file>
      <input_file id="fl-ea">
         <path>D:\ProgramFiles\ti\ccs1110\ccs\tools\compiler\ti-cgt-arm_20.2.6.LTS\lib\</path>
         <kind>archive</kind>
         <file>rtsv7M4_T_le_v4SPD16_eabi.lib</file>
         <name>atoi.c.obj</name>
      </input_file>
      <input_file id="fl-eb">
         <path>D:\ProgramFiles\ti\ccs1110\ccs\tools\compiler\ti-cgt-arm_20.2.6.LTS\lib\</path>
         <kind>archive</kind>
         <file>rtsv7M4_T_le_v4SPD16_eabi.lib</file>
         <name>ctype.c.obj</name>
      </input_file>
      <input_file id="fl-ec">
         <path>D:\ProgramFiles\ti\ccs1110\ccs\tools\compiler\ti-cgt-arm_20.2.6.LTS\lib\</path>
         <kind>archive</kind>
         <file>rtsv7M4_T_le_v4SPD16_eabi.lib</file>
         <name>memccpy.c.obj</name>
      </input_file>
      <input_file id="fl-ed">
         <path>D:\ProgramFiles\ti\ccs1110\ccs\tools\compiler\ti-cgt-arm_20.2.6.LTS\lib\</path>
         <kind>archive</kind>
         <file>rtsv7M4_T_le_v4SPD16_eabi.lib</file>
         <name>strchr.c.obj</name>
      </input_file>
      <input_file id="fl-ee">
         <path>D:\ProgramFiles\ti\ccs1110\ccs\tools\compiler\ti-cgt-arm_20.2.6.LTS\lib\</path>
         <kind>archive</kind>
         <file>rtsv7M4_T_le_v4SPD16_eabi.lib</file>
         <name>strlen.c.obj</name>
      </input_file>
      <input_file id="fl-ef">
         <path>D:\ProgramFiles\ti\ccs1110\ccs\tools\compiler\ti-cgt-arm_20.2.6.LTS\lib\</path>
         <kind>archive</kind>
         <file>rtsv7M4_T_le_v4SPD16_eabi.lib</file>
         <name>errno.c.obj</name>
      </input_file>
      <input_file id="fl-f0">
         <path>D:\ProgramFiles\ti\ccs1110\ccs\tools\compiler\ti-cgt-arm_20.2.6.LTS\lib\</path>
         <kind>archive</kind>
         <file>rtsv7M4_T_le_v4SPD16_eabi.lib</file>
         <name>s_frexp.c.obj</name>
      </input_file>
      <input_file id="fl-f1">
         <path>D:\ProgramFiles\ti\ccs1110\ccs\tools\compiler\ti-cgt-arm_20.2.6.LTS\lib\</path>
         <kind>archive</kind>
         <file>rtsv7M4_T_le_v4SPD16_eabi.lib</file>
         <name>s_scalbn.c.obj</name>
      </input_file>
      <input_file id="fl-f2">
         <path>D:\ProgramFiles\ti\ccs1110\ccs\tools\compiler\ti-cgt-arm_20.2.6.LTS\lib\</path>
         <kind>archive</kind>
         <file>rtsv7M4_T_le_v4SPD16_eabi.lib</file>
         <name>s_copysign.c.obj</name>
      </input_file>
      <input_file id="fl-f3">
         <path>D:\ProgramFiles\ti\ccs1110\ccs\tools\compiler\ti-cgt-arm_20.2.6.LTS\lib\</path>
         <kind>archive</kind>
         <file>rtsv7M4_T_le_v4SPD16_eabi.lib</file>
         <name>wcslen.c.obj</name>
      </input_file>
      <input_file id="fl-f4">
         <path>D:\ProgramFiles\ti\ccs1110\ccs\tools\compiler\ti-cgt-arm_20.2.6.LTS\lib\</path>
         <kind>archive</kind>
         <file>rtsv7M4_T_le_v4SPD16_eabi.lib</file>
         <name>div0.asm.obj</name>
      </input_file>
   </input_file_list>
   <object_component_list>
      <object_component id="oc-26">
         <name>.intvecs:retain</name>
         <load_address>0x0</load_address>
         <run_address>0x0</run_address>
         <size>0xe4</size>
         <input_file_ref idref="fl-4"/>
      </object_component>
      <object_component id="oc-1f1">
         <name>.text:__TI_printfi</name>
         <load_address>0xe4</load_address>
         <run_address>0xe4</run_address>
         <size>0xa4e</size>
         <input_file_ref idref="fl-dc"/>
      </object_component>
      <object_component id="oc-244">
         <name>.text:__PCM_setPowerStateAdvanced</name>
         <load_address>0xb32</load_address>
         <run_address>0xb32</run_address>
         <size>0x28a</size>
         <input_file_ref idref="fl-15"/>
      </object_component>
      <object_component id="oc-2b0">
         <name>.text:_pconv_a</name>
         <load_address>0xdbc</load_address>
         <run_address>0xdbc</run_address>
         <size>0x270</size>
         <input_file_ref idref="fl-dc"/>
      </object_component>
      <object_component id="oc-29e">
         <name>.text:_pconv_g</name>
         <load_address>0x102c</load_address>
         <run_address>0x102c</run_address>
         <size>0x1d0</size>
         <input_file_ref idref="fl-dc"/>
      </object_component>
      <object_component id="oc-367">
         <name>.text</name>
         <load_address>0x11fc</load_address>
         <run_address>0x11fc</run_address>
         <size>0x1b6</size>
         <input_file_ref idref="fl-dd"/>
      </object_component>
      <object_component id="oc-6d">
         <name>.text:Default_Handler</name>
         <load_address>0x13b2</load_address>
         <run_address>0x13b2</run_address>
         <size>0x2</size>
         <input_file_ref idref="fl-4"/>
      </object_component>
      <object_component id="oc-1e2">
         <name>.text:_getIndexForMemRegister</name>
         <load_address>0x13b4</load_address>
         <run_address>0x13b4</run_address>
         <size>0x160</size>
         <input_file_ref idref="fl-f"/>
      </object_component>
      <object_component id="oc-2f9">
         <name>.text:__PCM_setPowerModeAdvanced</name>
         <load_address>0x1514</load_address>
         <run_address>0x1514</run_address>
         <size>0x15c</size>
         <input_file_ref idref="fl-15"/>
      </object_component>
      <object_component id="oc-73">
         <name>.text:ADC14_IRQHandler</name>
         <load_address>0x1670</load_address>
         <run_address>0x1670</run_address>
         <size>0x158</size>
         <input_file_ref idref="fl-2"/>
      </object_component>
      <object_component id="oc-2aa">
         <name>.text:_pconv_e</name>
         <load_address>0x17c8</load_address>
         <run_address>0x17c8</run_address>
         <size>0x13c</size>
         <input_file_ref idref="fl-dc"/>
      </object_component>
      <object_component id="oc-d5">
         <name>.text</name>
         <load_address>0x1904</load_address>
         <run_address>0x1904</run_address>
         <size>0x136</size>
         <input_file_ref idref="fl-d2"/>
      </object_component>
      <object_component id="oc-3fe">
         <name>.text</name>
         <load_address>0x1a3a</load_address>
         <run_address>0x1a3a</run_address>
         <size>0x2</size>
         <input_file_ref idref="fl-f4"/>
      </object_component>
      <object_component id="oc-379">
         <name>.text:fcvt</name>
         <load_address>0x1a3c</load_address>
         <run_address>0x1a3c</run_address>
         <size>0x124</size>
         <input_file_ref idref="fl-dc"/>
      </object_component>
      <object_component id="oc-164">
         <name>.text:UART_initModule</name>
         <load_address>0x1b60</load_address>
         <run_address>0x1b60</run_address>
         <size>0x11c</size>
         <input_file_ref idref="fl-19"/>
      </object_component>
      <object_component id="oc-38d">
         <name>.text:scalbn</name>
         <load_address>0x1c7c</load_address>
         <run_address>0x1c7c</run_address>
         <size>0x110</size>
         <input_file_ref idref="fl-f1"/>
      </object_component>
      <object_component id="oc-2f3">
         <name>.text:__PCM_setCoreVoltageLevelAdvanced</name>
         <load_address>0x1d8c</load_address>
         <run_address>0x1d8c</run_address>
         <size>0x108</size>
         <input_file_ref idref="fl-15"/>
      </object_component>
      <object_component id="oc-d0">
         <name>.text</name>
         <load_address>0x1e94</load_address>
         <run_address>0x1e94</run_address>
         <size>0xfc</size>
         <input_file_ref idref="fl-d3"/>
      </object_component>
      <object_component id="oc-9f">
         <name>.text:main</name>
         <load_address>0x1f90</load_address>
         <run_address>0x1f90</run_address>
         <size>0xec</size>
         <input_file_ref idref="fl-2"/>
      </object_component>
      <object_component id="oc-140">
         <name>.text:ADC14_configureConversionMemory</name>
         <load_address>0x207c</load_address>
         <run_address>0x207c</run_address>
         <size>0xb4</size>
         <input_file_ref idref="fl-f"/>
      </object_component>
      <object_component id="oc-293">
         <name>.text:_ltostr</name>
         <load_address>0x2130</load_address>
         <run_address>0x2130</run_address>
         <size>0xb1</size>
         <input_file_ref idref="fl-dc"/>
      </object_component>
      <object_component id="oc-37">
         <name>.text</name>
         <load_address>0x21e2</load_address>
         <run_address>0x21e2</run_address>
         <size>0x9c</size>
         <input_file_ref idref="fl-d6"/>
      </object_component>
      <object_component id="oc-34b">
         <name>.text</name>
         <load_address>0x227e</load_address>
         <run_address>0x227e</run_address>
         <size>0x96</size>
         <input_file_ref idref="fl-e2"/>
      </object_component>
      <object_component id="oc-134">
         <name>.text:GPIO_setAsPeripheralModuleFunctionInputPin</name>
         <load_address>0x2314</load_address>
         <run_address>0x2314</run_address>
         <size>0x88</size>
         <input_file_ref idref="fl-13"/>
      </object_component>
      <object_component id="oc-299">
         <name>.text:__aeabi_cdcmple</name>
         <load_address>0x239c</load_address>
         <run_address>0x239c</run_address>
         <size>0x86</size>
         <input_file_ref idref="fl-de"/>
      </object_component>
      <object_component id="oc-352">
         <name>.text:__aeabi_cdrcmple</name>
         <load_address>0x2422</load_address>
         <run_address>0x2422</run_address>
         <size>0x86</size>
         <input_file_ref idref="fl-de"/>
      </object_component>
      <object_component id="oc-305">
         <name>.text:PCM_gotoLPM3</name>
         <load_address>0x24a8</load_address>
         <run_address>0x24a8</run_address>
         <size>0x84</size>
         <input_file_ref idref="fl-15"/>
      </object_component>
      <object_component id="oc-176">
         <name>.text:Interrupt_enableInterrupt</name>
         <load_address>0x252c</load_address>
         <run_address>0x252c</run_address>
         <size>0x80</size>
         <input_file_ref idref="fl-14"/>
      </object_component>
      <object_component id="oc-93">
         <name>.text</name>
         <load_address>0x25ac</load_address>
         <run_address>0x25ac</run_address>
         <size>0x7a</size>
         <input_file_ref idref="fl-e1"/>
      </object_component>
      <object_component id="oc-b1">
         <name>.text:SystemInit</name>
         <load_address>0x2628</load_address>
         <run_address>0x2628</run_address>
         <size>0x78</size>
         <input_file_ref idref="fl-3"/>
      </object_component>
      <object_component id="oc-372">
         <name>.text:_mcpy</name>
         <load_address>0x26a0</load_address>
         <run_address>0x26a0</run_address>
         <size>0x6e</size>
         <input_file_ref idref="fl-dc"/>
      </object_component>
      <object_component id="oc-da">
         <name>.text</name>
         <load_address>0x270e</load_address>
         <run_address>0x270e</run_address>
         <size>0x6e</size>
         <input_file_ref idref="fl-d4"/>
      </object_component>
      <object_component id="oc-17">
         <name>.text:decompress:lzss:__TI_decompress_lzss</name>
         <load_address>0x277c</load_address>
         <run_address>0x277c</run_address>
         <size>0x68</size>
         <input_file_ref idref="fl-da"/>
      </object_component>
      <object_component id="oc-387">
         <name>.text:frexp</name>
         <load_address>0x27e4</load_address>
         <run_address>0x27e4</run_address>
         <size>0x64</size>
         <input_file_ref idref="fl-f0"/>
      </object_component>
      <object_component id="oc-3c2">
         <name>.text:PCM_getCoreVoltageLevel</name>
         <load_address>0x2848</load_address>
         <run_address>0x2848</run_address>
         <size>0x5e</size>
         <input_file_ref idref="fl-15"/>
      </object_component>
      <object_component id="oc-3bc">
         <name>.text:PCM_getPowerMode</name>
         <load_address>0x28a6</load_address>
         <run_address>0x28a6</run_address>
         <size>0x5a</size>
         <input_file_ref idref="fl-15"/>
      </object_component>
      <object_component id="oc-13a">
         <name>.text:ADC14_configureSingleSampleMode</name>
         <load_address>0x2900</load_address>
         <run_address>0x2900</run_address>
         <size>0x58</size>
         <input_file_ref idref="fl-f"/>
      </object_component>
      <object_component id="oc-2a4">
         <name>.text:_pconv_f</name>
         <load_address>0x2958</load_address>
         <run_address>0x2958</run_address>
         <size>0x56</size>
         <input_file_ref idref="fl-dc"/>
      </object_component>
      <object_component id="oc-12e">
         <name>.text:ADC14_initModule</name>
         <load_address>0x29b0</load_address>
         <run_address>0x29b0</run_address>
         <size>0x54</size>
         <input_file_ref idref="fl-f"/>
      </object_component>
      <object_component id="oc-311">
         <name>.text:PCM_shutdownDevice</name>
         <load_address>0x2a04</load_address>
         <run_address>0x2a04</run_address>
         <size>0x54</size>
         <input_file_ref idref="fl-15"/>
      </object_component>
      <object_component id="oc-35c">
         <name>.text:__TI_ltoa</name>
         <load_address>0x2a58</load_address>
         <run_address>0x2a58</run_address>
         <size>0x54</size>
         <input_file_ref idref="fl-e8"/>
      </object_component>
      <object_component id="oc-36c">
         <name>.text:_ecpy</name>
         <load_address>0x2aac</load_address>
         <run_address>0x2aac</run_address>
         <size>0x52</size>
         <input_file_ref idref="fl-dc"/>
      </object_component>
      <object_component id="oc-28d">
         <name>.text:atoi</name>
         <load_address>0x2b00</load_address>
         <run_address>0x2b00</run_address>
         <size>0x4c</size>
         <input_file_ref idref="fl-ea"/>
      </object_component>
      <object_component id="oc-116">
         <name>.text:FlashCtl_setWaitState</name>
         <load_address>0x2b4c</load_address>
         <run_address>0x2b4c</run_address>
         <size>0x48</size>
         <input_file_ref idref="fl-11"/>
      </object_component>
      <object_component id="oc-357">
         <name>.text</name>
         <load_address>0x2b94</load_address>
         <run_address>0x2b94</run_address>
         <size>0x48</size>
         <input_file_ref idref="fl-df"/>
      </object_component>
      <object_component id="oc-19d">
         <name>.text:__TI_auto_init_nobinit_nopinit:__TI_auto_init_nobinit_nopinit</name>
         <load_address>0x2bdc</load_address>
         <run_address>0x2bdc</run_address>
         <size>0x44</size>
         <input_file_ref idref="fl-e3"/>
      </object_component>
      <object_component id="oc-e4">
         <name>.text:sprintf</name>
         <load_address>0x2c20</load_address>
         <run_address>0x2c20</run_address>
         <size>0x40</size>
         <input_file_ref idref="fl-d1"/>
      </object_component>
      <object_component id="oc-37f">
         <name>.text:_fcpy</name>
         <load_address>0x2c60</load_address>
         <run_address>0x2c60</run_address>
         <size>0x3e</size>
         <input_file_ref idref="fl-dc"/>
      </object_component>
      <object_component id="oc-b9">
         <name>.text:ADC14_getEnabledInterruptStatus</name>
         <load_address>0x2ca0</load_address>
         <run_address>0x2ca0</run_address>
         <size>0x38</size>
         <input_file_ref idref="fl-f"/>
      </object_component>
      <object_component id="oc-df">
         <name>.text</name>
         <load_address>0x2cd8</load_address>
         <run_address>0x2cd8</run_address>
         <size>0x38</size>
         <input_file_ref idref="fl-d5"/>
      </object_component>
      <object_component id="oc-146">
         <name>.text:ADC14_enableSampleTimer</name>
         <load_address>0x2d10</load_address>
         <run_address>0x2d10</run_address>
         <size>0x34</size>
         <input_file_ref idref="fl-f"/>
      </object_component>
      <object_component id="oc-15e">
         <name>.text:CS_setDCOCenteredFrequency</name>
         <load_address>0x2d44</load_address>
         <run_address>0x2d44</run_address>
         <size>0x34</size>
         <input_file_ref idref="fl-10"/>
      </object_component>
      <object_component id="oc-ea">
         <name>.text:UART_transmitData</name>
         <load_address>0x2d78</load_address>
         <run_address>0x2d78</run_address>
         <size>0x34</size>
         <input_file_ref idref="fl-19"/>
      </object_component>
      <object_component id="oc-55">
         <name>.text:_c_int00_noargs:_c_int00_noargs</name>
         <load_address>0x2dac</load_address>
         <run_address>0x2dac</run_address>
         <size>0x34</size>
         <input_file_ref idref="fl-db"/>
      </object_component>
      <object_component id="oc-bf">
         <name>.text:ADC14_clearInterruptFlag</name>
         <load_address>0x2de0</load_address>
         <run_address>0x2de0</run_address>
         <size>0x30</size>
         <input_file_ref idref="fl-f"/>
      </object_component>
      <object_component id="oc-17c">
         <name>.text:ADC14_enableInterrupt</name>
         <load_address>0x2e10</load_address>
         <run_address>0x2e10</run_address>
         <size>0x30</size>
         <input_file_ref idref="fl-f"/>
      </object_component>
      <object_component id="oc-170">
         <name>.text:UART_enableInterrupt</name>
         <load_address>0x2e40</load_address>
         <run_address>0x2e40</run_address>
         <size>0x30</size>
         <input_file_ref idref="fl-19"/>
      </object_component>
      <object_component id="oc-362">
         <name>.text</name>
         <load_address>0x2e70</load_address>
         <run_address>0x2e70</run_address>
         <size>0x2e</size>
         <input_file_ref idref="fl-e0"/>
      </object_component>
      <object_component id="oc-1d0">
         <name>.text:ADC14_getInterruptStatus</name>
         <load_address>0x2ea0</load_address>
         <run_address>0x2ea0</run_address>
         <size>0x2c</size>
         <input_file_ref idref="fl-f"/>
      </object_component>
      <object_component id="oc-152">
         <name>.text:ADC14_toggleConversionTrigger</name>
         <load_address>0x2ecc</load_address>
         <run_address>0x2ecc</run_address>
         <size>0x2c</size>
         <input_file_ref idref="fl-f"/>
      </object_component>
      <object_component id="oc-3de">
         <name>.text:RTC_C_holdClock</name>
         <load_address>0x2ef8</load_address>
         <run_address>0x2ef8</run_address>
         <size>0x2c</size>
         <input_file_ref idref="fl-16"/>
      </object_component>
      <object_component id="oc-14c">
         <name>.text:ADC14_enableConversion</name>
         <load_address>0x2f24</load_address>
         <run_address>0x2f24</run_address>
         <size>0x28</size>
         <input_file_ref idref="fl-f"/>
      </object_component>
      <object_component id="oc-c5">
         <name>.text:ADC14_getResult</name>
         <load_address>0x2f4c</load_address>
         <run_address>0x2f4c</run_address>
         <size>0x28</size>
         <input_file_ref idref="fl-f"/>
      </object_component>
      <object_component id="oc-2ff">
         <name>.text:PCM_gotoLPM0</name>
         <load_address>0x2f74</load_address>
         <run_address>0x2f74</run_address>
         <size>0x28</size>
         <input_file_ref idref="fl-15"/>
      </object_component>
      <object_component id="oc-3d8">
         <name>.text:WDT_A_holdTimer</name>
         <load_address>0x2f9c</load_address>
         <run_address>0x2f9c</run_address>
         <size>0x24</size>
         <input_file_ref idref="fl-1a"/>
      </object_component>
      <object_component id="oc-cb">
         <name>.text</name>
         <load_address>0x2fc0</load_address>
         <run_address>0x2fc0</run_address>
         <size>0x20</size>
         <input_file_ref idref="fl-d7"/>
      </object_component>
      <object_component id="oc-43">
         <name>.text:decompress:ZI:__TI_zero_init_nomemset:__TI_zero_init_nomemset</name>
         <load_address>0x2fe0</load_address>
         <run_address>0x2fe0</run_address>
         <size>0x1c</size>
         <input_file_ref idref="fl-d8"/>
      </object_component>
      <object_component id="oc-2b6">
         <name>.text:memccpy</name>
         <load_address>0x2ffc</load_address>
         <run_address>0x2ffc</run_address>
         <size>0x1c</size>
         <input_file_ref idref="fl-ec"/>
      </object_component>
      <object_component id="oc-415">
         <name>.text:copysign</name>
         <load_address>0x3018</load_address>
         <run_address>0x3018</run_address>
         <size>0x1a</size>
         <input_file_ref idref="fl-f2"/>
      </object_component>
      <object_component id="oc-11c">
         <name>.text:FPU_enableModule</name>
         <load_address>0x3034</load_address>
         <run_address>0x3034</run_address>
         <size>0x18</size>
         <input_file_ref idref="fl-12"/>
      </object_component>
      <object_component id="oc-1f7">
         <name>.text:_outs</name>
         <load_address>0x304c</load_address>
         <run_address>0x304c</run_address>
         <size>0x18</size>
         <input_file_ref idref="fl-d1"/>
      </object_component>
      <object_component id="oc-16a">
         <name>.text:UART_enableModule</name>
         <load_address>0x3064</load_address>
         <run_address>0x3064</run_address>
         <size>0x16</size>
         <input_file_ref idref="fl-19"/>
      </object_component>
      <object_component id="oc-393">
         <name>.text:strchr</name>
         <load_address>0x307a</load_address>
         <run_address>0x307a</run_address>
         <size>0x16</size>
         <input_file_ref idref="fl-ed"/>
      </object_component>
      <object_component id="oc-2ed">
         <name>.text:PCM_getPowerState</name>
         <load_address>0x3090</load_address>
         <run_address>0x3090</run_address>
         <size>0x14</size>
         <input_file_ref idref="fl-15"/>
      </object_component>
      <object_component id="oc-287">
         <name>.text:strlen</name>
         <load_address>0x30a4</load_address>
         <run_address>0x30a4</run_address>
         <size>0x14</size>
         <input_file_ref idref="fl-ee"/>
      </object_component>
      <object_component id="oc-2bc">
         <name>.text:wcslen</name>
         <load_address>0x30b8</load_address>
         <run_address>0x30b8</run_address>
         <size>0x12</size>
         <input_file_ref idref="fl-f3"/>
      </object_component>
      <object_component id="oc-233">
         <name>.text:ADCIsConversionRunning</name>
         <load_address>0x30cc</load_address>
         <run_address>0x30cc</run_address>
         <size>0x10</size>
         <input_file_ref idref="fl-f"/>
      </object_component>
      <object_component id="oc-122">
         <name>.text:FPU_enableLazyStacking</name>
         <load_address>0x30dc</load_address>
         <run_address>0x30dc</run_address>
         <size>0x10</size>
         <input_file_ref idref="fl-12"/>
      </object_component>
      <object_component id="oc-182">
         <name>.text:Interrupt_enableMaster</name>
         <load_address>0x30ec</load_address>
         <run_address>0x30ec</run_address>
         <size>0x10</size>
         <input_file_ref idref="fl-14"/>
      </object_component>
      <object_component id="oc-30b">
         <name>.text:PCM_gotoLPM4</name>
         <load_address>0x30fc</load_address>
         <run_address>0x30fc</run_address>
         <size>0x10</size>
         <input_file_ref idref="fl-15"/>
      </object_component>
      <object_component id="oc-3c8">
         <name>.text:PCM_setPowerMode</name>
         <load_address>0x310c</load_address>
         <run_address>0x310c</run_address>
         <size>0x10</size>
         <input_file_ref idref="fl-15"/>
      </object_component>
      <object_component id="oc-158">
         <name>.text:PCM_setPowerState</name>
         <load_address>0x311c</load_address>
         <run_address>0x311c</run_address>
         <size>0x10</size>
         <input_file_ref idref="fl-15"/>
      </object_component>
      <object_component id="oc-1d">
         <name>.text:decompress:none:__TI_decompress_none</name>
         <load_address>0x312c</load_address>
         <run_address>0x312c</run_address>
         <size>0xe</size>
         <input_file_ref idref="fl-d9"/>
      </object_component>
      <object_component id="oc-128">
         <name>.text:ADC14_enableModule</name>
         <load_address>0x313c</load_address>
         <run_address>0x313c</run_address>
         <size>0xc</size>
         <input_file_ref idref="fl-f"/>
      </object_component>
      <object_component id="oc-255">
         <name>.text:CPU_cpsie</name>
         <load_address>0x3148</load_address>
         <run_address>0x3148</run_address>
         <size>0xc</size>
         <input_file_ref idref="fl-1b"/>
      </object_component>
      <object_component id="oc-67">
         <name>.text:Reset_Handler</name>
         <load_address>0x3154</load_address>
         <run_address>0x3154</run_address>
         <size>0xc</size>
         <input_file_ref idref="fl-4"/>
      </object_component>
      <object_component id="oc-1fd">
         <name>.text:_outc</name>
         <load_address>0x3160</load_address>
         <run_address>0x3160</run_address>
         <size>0xa</size>
         <input_file_ref idref="fl-d1"/>
      </object_component>
      <object_component id="oc-2c2">
         <name>.text:__aeabi_errno_addr</name>
         <load_address>0x316c</load_address>
         <run_address>0x316c</run_address>
         <size>0x8</size>
         <input_file_ref idref="fl-ef"/>
      </object_component>
      <object_component id="oc-3d0">
         <name>.text:CPU_wfi</name>
         <load_address>0x3174</load_address>
         <run_address>0x3174</run_address>
         <size>0x4</size>
         <input_file_ref idref="fl-1b"/>
      </object_component>
      <object_component id="oc-99">
         <name>.text:_system_pre_init</name>
         <load_address>0x3178</load_address>
         <run_address>0x3178</run_address>
         <size>0x4</size>
         <input_file_ref idref="fl-e4"/>
      </object_component>
      <object_component id="oc-191">
         <name>.text:abort:abort</name>
         <load_address>0x317c</load_address>
         <run_address>0x317c</run_address>
         <size>0x4</size>
         <input_file_ref idref="fl-e6"/>
      </object_component>
      <object_component id="oc-346">
         <name>.const:.string:_ctypes_</name>
         <load_address>0x3180</load_address>
         <run_address>0x3180</run_address>
         <size>0x101</size>
         <input_file_ref idref="fl-eb"/>
      </object_component>
      <object_component id="oc-1e8">
         <name>.const:_ctlRegs</name>
         <load_address>0x3284</load_address>
         <run_address>0x3284</run_address>
         <size>0x80</size>
         <input_file_ref idref="fl-f"/>
      </object_component>
      <object_component id="oc-23a">
         <name>.const:GPIO_PORT_TO_BASE</name>
         <load_address>0x3304</load_address>
         <run_address>0x3304</run_address>
         <size>0x30</size>
         <input_file_ref idref="fl-13"/>
      </object_component>
      <object_component id="oc-188">
         <name>.const:uartConfig</name>
         <load_address>0x3334</load_address>
         <run_address>0x3334</run_address>
         <size>0x28</size>
         <input_file_ref idref="fl-2"/>
      </object_component>
      <object_component id="oc-250">
         <name>.const:g_pulEnRegs</name>
         <load_address>0x335c</load_address>
         <run_address>0x335c</run_address>
         <size>0x8</size>
         <input_file_ref idref="fl-14"/>
      </object_component>
      <object_component id="oc-479">
         <name>.cinit..data.load</name>
         <load_address>0x3368</load_address>
         <run_address>0x3368</run_address>
         <size>0x14</size>
      </object_component>
      <object_component id="oc-477">
         <name>__TI_handler_table</name>
         <load_address>0x337c</load_address>
         <run_address>0x337c</run_address>
         <size>0xc</size>
      </object_component>
      <object_component id="oc-47a">
         <name>.cinit..bss.load</name>
         <load_address>0x3388</load_address>
         <run_address>0x3388</run_address>
         <size>0x8</size>
      </object_component>
      <object_component id="oc-478">
         <name>__TI_cinit_table</name>
         <load_address>0x3390</load_address>
         <run_address>0x3390</run_address>
         <size>0x10</size>
      </object_component>
      <object_component id="oc-44b">
         <name>.binit</name>
         <load_address>0x0</load_address>
         <run_address>0x0</run_address>
         <size>0x0</size>
      </object_component>
      <object_component id="oc-f3">
         <name>.data</name>
         <load_address>0x20000030</load_address>
         <run_address>0x20000030</run_address>
         <size>0x14</size>
         <input_file_ref idref="fl-2"/>
      </object_component>
      <object_component id="oc-3a3">
         <name>.data</name>
         <load_address>0x20000044</load_address>
         <run_address>0x20000044</run_address>
         <size>0x4</size>
         <input_file_ref idref="fl-ef"/>
      </object_component>
      <object_component id="oc-f0">
         <name>.bss</name>
         <uninitialized>true</uninitialized>
         <run_address>0x20000020</run_address>
         <size>0x10</size>
         <input_file_ref idref="fl-2"/>
      </object_component>
      <object_component id="oc-f6">
         <name>.common:msg</name>
         <uninitialized>true</uninitialized>
         <run_address>0x20000000</run_address>
         <size>0x20</size>
      </object_component>
      <object_component id="oc-29">
         <name>.stack</name>
         <uninitialized>true</uninitialized>
         <run_address>0x2000fe00</run_address>
         <size>0x4</size>
         <input_file_ref idref="fl-db"/>
      </object_component>
      <object_component id="oc-47c">
         <name>.stack</name>
         <uninitialized>true</uninitialized>
         <run_address>0x2000fe00</run_address>
         <size>0x0</size>
      </object_component>
      <object_component id="oc-f7">
         <name>.debug_info</name>
         <load_address>0x0</load_address>
         <run_address>0x0</run_address>
         <size>0xbab</size>
         <input_file_ref idref="fl-2"/>
      </object_component>
      <object_component id="oc-f4">
         <name>.debug_info</name>
         <load_address>0xbab</load_address>
         <run_address>0xbab</run_address>
         <size>0x150</size>
         <input_file_ref idref="fl-2"/>
      </object_component>
      <object_component id="oc-f1">
         <name>.debug_info</name>
         <load_address>0xcfb</load_address>
         <run_address>0xcfb</run_address>
         <size>0x146</size>
         <input_file_ref idref="fl-2"/>
      </object_component>
      <object_component id="oc-189">
         <name>.debug_info</name>
         <load_address>0xe41</load_address>
         <run_address>0xe41</run_address>
         <size>0xde</size>
         <input_file_ref idref="fl-2"/>
      </object_component>
      <object_component id="oc-a0">
         <name>.debug_info</name>
         <load_address>0xf1f</load_address>
         <run_address>0xf1f</run_address>
         <size>0x3a5</size>
         <input_file_ref idref="fl-2"/>
      </object_component>
      <object_component id="oc-74">
         <name>.debug_info</name>
         <load_address>0x12c4</load_address>
         <run_address>0x12c4</run_address>
         <size>0x21a</size>
         <input_file_ref idref="fl-2"/>
      </object_component>
      <object_component id="oc-211">
         <name>.debug_info</name>
         <load_address>0x14de</load_address>
         <run_address>0x14de</run_address>
         <size>0x37e2</size>
         <input_file_ref idref="fl-2"/>
      </object_component>
      <object_component id="oc-101">
         <name>.debug_info</name>
         <load_address>0x4cc0</load_address>
         <run_address>0x4cc0</run_address>
         <size>0x26b</size>
         <input_file_ref idref="fl-2"/>
      </object_component>
      <object_component id="oc-216">
         <name>.debug_info</name>
         <load_address>0x4f2b</load_address>
         <run_address>0x4f2b</run_address>
         <size>0x1028</size>
         <input_file_ref idref="fl-2"/>
      </object_component>
      <object_component id="oc-18c">
         <name>.debug_info</name>
         <load_address>0x5f53</load_address>
         <run_address>0x5f53</run_address>
         <size>0x8b</size>
         <input_file_ref idref="fl-2"/>
      </object_component>
      <object_component id="oc-22a">
         <name>.debug_info</name>
         <load_address>0x5fde</load_address>
         <run_address>0x5fde</run_address>
         <size>0x2a4</size>
         <input_file_ref idref="fl-2"/>
      </object_component>
      <object_component id="oc-225">
         <name>.debug_info</name>
         <load_address>0x6282</load_address>
         <run_address>0x6282</run_address>
         <size>0xef</size>
         <input_file_ref idref="fl-2"/>
      </object_component>
      <object_component id="oc-fa">
         <name>.debug_info</name>
         <load_address>0x6371</load_address>
         <run_address>0x6371</run_address>
         <size>0xbb</size>
         <input_file_ref idref="fl-2"/>
      </object_component>
      <object_component id="oc-10d">
         <name>.debug_info</name>
         <load_address>0x642c</load_address>
         <run_address>0x642c</run_address>
         <size>0x2c</size>
         <input_file_ref idref="fl-2"/>
      </object_component>
      <object_component id="oc-205">
         <name>.debug_info</name>
         <load_address>0x6458</load_address>
         <run_address>0x6458</run_address>
         <size>0x2c</size>
         <input_file_ref idref="fl-2"/>
      </object_component>
      <object_component id="oc-21b">
         <name>.debug_info</name>
         <load_address>0x6484</load_address>
         <run_address>0x6484</run_address>
         <size>0x102</size>
         <input_file_ref idref="fl-2"/>
      </object_component>
      <object_component id="oc-220">
         <name>.debug_info</name>
         <load_address>0x6586</load_address>
         <run_address>0x6586</run_address>
         <size>0x35</size>
         <input_file_ref idref="fl-2"/>
      </object_component>
      <object_component id="oc-b4">
         <name>.debug_info</name>
         <load_address>0x65bb</load_address>
         <run_address>0x65bb</run_address>
         <size>0x135</size>
         <input_file_ref idref="fl-3"/>
      </object_component>
      <object_component id="oc-32">
         <name>.debug_info</name>
         <load_address>0x66f0</load_address>
         <run_address>0x66f0</run_address>
         <size>0x84</size>
         <input_file_ref idref="fl-3"/>
      </object_component>
      <object_component id="oc-7b">
         <name>.debug_info</name>
         <load_address>0x6774</load_address>
         <run_address>0x6774</run_address>
         <size>0x2d5</size>
         <input_file_ref idref="fl-4"/>
      </object_component>
      <object_component id="oc-27">
         <name>.debug_info</name>
         <load_address>0x6a49</load_address>
         <run_address>0x6a49</run_address>
         <size>0x101</size>
         <input_file_ref idref="fl-4"/>
      </object_component>
      <object_component id="oc-68">
         <name>.debug_info</name>
         <load_address>0x6b4a</load_address>
         <run_address>0x6b4a</run_address>
         <size>0x164</size>
         <input_file_ref idref="fl-4"/>
      </object_component>
      <object_component id="oc-6e">
         <name>.debug_info</name>
         <load_address>0x6cae</load_address>
         <run_address>0x6cae</run_address>
         <size>0x14c</size>
         <input_file_ref idref="fl-4"/>
      </object_component>
      <object_component id="oc-240">
         <name>.debug_info</name>
         <load_address>0x6dfa</load_address>
         <run_address>0x6dfa</run_address>
         <size>0x706</size>
         <input_file_ref idref="fl-f"/>
      </object_component>
      <object_component id="oc-1e9">
         <name>.debug_info</name>
         <load_address>0x7500</load_address>
         <run_address>0x7500</run_address>
         <size>0x124</size>
         <input_file_ref idref="fl-f"/>
      </object_component>
      <object_component id="oc-1e5">
         <name>.debug_info</name>
         <load_address>0x7624</load_address>
         <run_address>0x7624</run_address>
         <size>0x1d9</size>
         <input_file_ref idref="fl-f"/>
      </object_component>
      <object_component id="oc-234">
         <name>.debug_info</name>
         <load_address>0x77fd</load_address>
         <run_address>0x77fd</run_address>
         <size>0x1b8</size>
         <input_file_ref idref="fl-f"/>
      </object_component>
      <object_component id="oc-129">
         <name>.debug_info</name>
         <load_address>0x79b5</load_address>
         <run_address>0x79b5</run_address>
         <size>0x1ad</size>
         <input_file_ref idref="fl-f"/>
      </object_component>
      <object_component id="oc-147">
         <name>.debug_info</name>
         <load_address>0x7b62</load_address>
         <run_address>0x7b62</run_address>
         <size>0x233</size>
         <input_file_ref idref="fl-f"/>
      </object_component>
      <object_component id="oc-12f">
         <name>.debug_info</name>
         <load_address>0x7d95</load_address>
         <run_address>0x7d95</run_address>
         <size>0x2fa</size>
         <input_file_ref idref="fl-f"/>
      </object_component>
      <object_component id="oc-13c">
         <name>.debug_info</name>
         <load_address>0x808f</load_address>
         <run_address>0x808f</run_address>
         <size>0x29b</size>
         <input_file_ref idref="fl-f"/>
      </object_component>
      <object_component id="oc-14d">
         <name>.debug_info</name>
         <load_address>0x832a</load_address>
         <run_address>0x832a</run_address>
         <size>0x1d9</size>
         <input_file_ref idref="fl-f"/>
      </object_component>
      <object_component id="oc-153">
         <name>.debug_info</name>
         <load_address>0x8503</load_address>
         <run_address>0x8503</run_address>
         <size>0x1ca</size>
         <input_file_ref idref="fl-f"/>
      </object_component>
      <object_component id="oc-141">
         <name>.debug_info</name>
         <load_address>0x86cd</load_address>
         <run_address>0x86cd</run_address>
         <size>0x38b</size>
         <input_file_ref idref="fl-f"/>
      </object_component>
      <object_component id="oc-c6">
         <name>.debug_info</name>
         <load_address>0x8a58</load_address>
         <run_address>0x8a58</run_address>
         <size>0x22f</size>
         <input_file_ref idref="fl-f"/>
      </object_component>
      <object_component id="oc-17d">
         <name>.debug_info</name>
         <load_address>0x8c87</load_address>
         <run_address>0x8c87</run_address>
         <size>0x1eb</size>
         <input_file_ref idref="fl-f"/>
      </object_component>
      <object_component id="oc-1d1">
         <name>.debug_info</name>
         <load_address>0x8e72</load_address>
         <run_address>0x8e72</run_address>
         <size>0x1d6</size>
         <input_file_ref idref="fl-f"/>
      </object_component>
      <object_component id="oc-ba">
         <name>.debug_info</name>
         <load_address>0x9048</load_address>
         <run_address>0x9048</run_address>
         <size>0x1ff</size>
         <input_file_ref idref="fl-f"/>
      </object_component>
      <object_component id="oc-c0">
         <name>.debug_info</name>
         <load_address>0x9247</load_address>
         <run_address>0x9247</run_address>
         <size>0x1f1</size>
         <input_file_ref idref="fl-f"/>
      </object_component>
      <object_component id="oc-2de">
         <name>.debug_info</name>
         <load_address>0x9438</load_address>
         <run_address>0x9438</run_address>
         <size>0x431a</size>
         <input_file_ref idref="fl-f"/>
      </object_component>
      <object_component id="oc-2e8">
         <name>.debug_info</name>
         <load_address>0xd752</load_address>
         <run_address>0xd752</run_address>
         <size>0x26b</size>
         <input_file_ref idref="fl-f"/>
      </object_component>
      <object_component id="oc-2e3">
         <name>.debug_info</name>
         <load_address>0xd9bd</load_address>
         <run_address>0xd9bd</run_address>
         <size>0x1028</size>
         <input_file_ref idref="fl-f"/>
      </object_component>
      <object_component id="oc-27f">
         <name>.debug_info</name>
         <load_address>0xe9e5</load_address>
         <run_address>0xe9e5</run_address>
         <size>0x297</size>
         <input_file_ref idref="fl-f"/>
      </object_component>
      <object_component id="oc-1d7">
         <name>.debug_info</name>
         <load_address>0xec7c</load_address>
         <run_address>0xec7c</run_address>
         <size>0xef</size>
         <input_file_ref idref="fl-f"/>
      </object_component>
      <object_component id="oc-1dd">
         <name>.debug_info</name>
         <load_address>0xed6b</load_address>
         <run_address>0xed6b</run_address>
         <size>0xbb</size>
         <input_file_ref idref="fl-f"/>
      </object_component>
      <object_component id="oc-15f">
         <name>.debug_info</name>
         <load_address>0xee26</load_address>
         <run_address>0xee26</run_address>
         <size>0x1e5</size>
         <input_file_ref idref="fl-10"/>
      </object_component>
      <object_component id="oc-118">
         <name>.debug_info</name>
         <load_address>0xf00b</load_address>
         <run_address>0xf00b</run_address>
         <size>0x224</size>
         <input_file_ref idref="fl-11"/>
      </object_component>
      <object_component id="oc-11e">
         <name>.debug_info</name>
         <load_address>0xf22f</load_address>
         <run_address>0xf22f</run_address>
         <size>0x1a3</size>
         <input_file_ref idref="fl-12"/>
      </object_component>
      <object_component id="oc-124">
         <name>.debug_info</name>
         <load_address>0xf3d2</load_address>
         <run_address>0xf3d2</run_address>
         <size>0x1af</size>
         <input_file_ref idref="fl-12"/>
      </object_component>
      <object_component id="oc-2db">
         <name>.debug_info</name>
         <load_address>0xf581</load_address>
         <run_address>0xf581</run_address>
         <size>0x701</size>
         <input_file_ref idref="fl-13"/>
      </object_component>
      <object_component id="oc-23b">
         <name>.debug_info</name>
         <load_address>0xfc82</load_address>
         <run_address>0xfc82</run_address>
         <size>0x135</size>
         <input_file_ref idref="fl-13"/>
      </object_component>
      <object_component id="oc-137">
         <name>.debug_info</name>
         <load_address>0xfdb7</load_address>
         <run_address>0xfdb7</run_address>
         <size>0x2a3</size>
         <input_file_ref idref="fl-13"/>
      </object_component>
      <object_component id="oc-321">
         <name>.debug_info</name>
         <load_address>0x1005a</load_address>
         <run_address>0x1005a</run_address>
         <size>0x68f</size>
         <input_file_ref idref="fl-14"/>
      </object_component>
      <object_component id="oc-251">
         <name>.debug_info</name>
         <load_address>0x106e9</load_address>
         <run_address>0x106e9</run_address>
         <size>0x12e</size>
         <input_file_ref idref="fl-14"/>
      </object_component>
      <object_component id="oc-184">
         <name>.debug_info</name>
         <load_address>0x10817</load_address>
         <run_address>0x10817</run_address>
         <size>0x1d5</size>
         <input_file_ref idref="fl-14"/>
      </object_component>
      <object_component id="oc-177">
         <name>.debug_info</name>
         <load_address>0x109ec</load_address>
         <run_address>0x109ec</run_address>
         <size>0x219</size>
         <input_file_ref idref="fl-14"/>
      </object_component>
      <object_component id="oc-2f4">
         <name>.debug_info</name>
         <load_address>0x10c05</load_address>
         <run_address>0x10c05</run_address>
         <size>0x3a5</size>
         <input_file_ref idref="fl-15"/>
      </object_component>
      <object_component id="oc-3bd">
         <name>.debug_info</name>
         <load_address>0x10faa</load_address>
         <run_address>0x10faa</run_address>
         <size>0x1eb</size>
         <input_file_ref idref="fl-15"/>
      </object_component>
      <object_component id="oc-3c3">
         <name>.debug_info</name>
         <load_address>0x11195</load_address>
         <run_address>0x11195</run_address>
         <size>0x1f9</size>
         <input_file_ref idref="fl-15"/>
      </object_component>
      <object_component id="oc-2fa">
         <name>.debug_info</name>
         <load_address>0x1138e</load_address>
         <run_address>0x1138e</run_address>
         <size>0x346</size>
         <input_file_ref idref="fl-15"/>
      </object_component>
      <object_component id="oc-3c9">
         <name>.debug_info</name>
         <load_address>0x116d4</load_address>
         <run_address>0x116d4</run_address>
         <size>0x202</size>
         <input_file_ref idref="fl-15"/>
      </object_component>
      <object_component id="oc-245">
         <name>.debug_info</name>
         <load_address>0x118d6</load_address>
         <run_address>0x118d6</run_address>
         <size>0x6d8</size>
         <input_file_ref idref="fl-15"/>
      </object_component>
      <object_component id="oc-159">
         <name>.debug_info</name>
         <load_address>0x11fae</load_address>
         <run_address>0x11fae</run_address>
         <size>0x209</size>
         <input_file_ref idref="fl-15"/>
      </object_component>
      <object_component id="oc-312">
         <name>.debug_info</name>
         <load_address>0x121b7</load_address>
         <run_address>0x121b7</run_address>
         <size>0x229</size>
         <input_file_ref idref="fl-15"/>
      </object_component>
      <object_component id="oc-30c">
         <name>.debug_info</name>
         <load_address>0x123e0</load_address>
         <run_address>0x123e0</run_address>
         <size>0x1e1</size>
         <input_file_ref idref="fl-15"/>
      </object_component>
      <object_component id="oc-300">
         <name>.debug_info</name>
         <load_address>0x125c1</load_address>
         <run_address>0x125c1</run_address>
         <size>0x1b0</size>
         <input_file_ref idref="fl-15"/>
      </object_component>
      <object_component id="oc-306">
         <name>.debug_info</name>
         <load_address>0x12771</load_address>
         <run_address>0x12771</run_address>
         <size>0x266</size>
         <input_file_ref idref="fl-15"/>
      </object_component>
      <object_component id="oc-2ee">
         <name>.debug_info</name>
         <load_address>0x129d7</load_address>
         <run_address>0x129d7</run_address>
         <size>0x1ac</size>
         <input_file_ref idref="fl-15"/>
      </object_component>
      <object_component id="oc-3df">
         <name>.debug_info</name>
         <load_address>0x12b83</load_address>
         <run_address>0x12b83</run_address>
         <size>0x1a7</size>
         <input_file_ref idref="fl-16"/>
      </object_component>
      <object_component id="oc-24d">
         <name>.debug_info</name>
         <load_address>0x12d2a</load_address>
         <run_address>0x12d2a</run_address>
         <size>0x6eb</size>
         <input_file_ref idref="fl-19"/>
      </object_component>
      <object_component id="oc-166">
         <name>.debug_info</name>
         <load_address>0x13415</load_address>
         <run_address>0x13415</run_address>
         <size>0x234</size>
         <input_file_ref idref="fl-19"/>
      </object_component>
      <object_component id="oc-eb">
         <name>.debug_info</name>
         <load_address>0x13649</load_address>
         <run_address>0x13649</run_address>
         <size>0x236</size>
         <input_file_ref idref="fl-19"/>
      </object_component>
      <object_component id="oc-16c">
         <name>.debug_info</name>
         <load_address>0x1387f</load_address>
         <run_address>0x1387f</run_address>
         <size>0x1f3</size>
         <input_file_ref idref="fl-19"/>
      </object_component>
      <object_component id="oc-171">
         <name>.debug_info</name>
         <load_address>0x13a72</load_address>
         <run_address>0x13a72</run_address>
         <size>0x235</size>
         <input_file_ref idref="fl-19"/>
      </object_component>
      <object_component id="oc-31a">
         <name>.debug_info</name>
         <load_address>0x13ca7</load_address>
         <run_address>0x13ca7</run_address>
         <size>0x102</size>
         <input_file_ref idref="fl-19"/>
      </object_component>
      <object_component id="oc-3da">
         <name>.debug_info</name>
         <load_address>0x13da9</load_address>
         <run_address>0x13da9</run_address>
         <size>0x1c9</size>
         <input_file_ref idref="fl-1a"/>
      </object_component>
      <object_component id="oc-257">
         <name>.debug_info</name>
         <load_address>0x13f72</load_address>
         <run_address>0x13f72</run_address>
         <size>0x19a</size>
         <input_file_ref idref="fl-1b"/>
      </object_component>
      <object_component id="oc-3d1">
         <name>.debug_info</name>
         <load_address>0x1410c</load_address>
         <run_address>0x1410c</run_address>
         <size>0x194</size>
         <input_file_ref idref="fl-1b"/>
      </object_component>
      <object_component id="oc-204">
         <name>.debug_info</name>
         <load_address>0x142a0</load_address>
         <run_address>0x142a0</run_address>
         <size>0x333</size>
         <input_file_ref idref="fl-d1"/>
      </object_component>
      <object_component id="oc-e5">
         <name>.debug_info</name>
         <load_address>0x145d3</load_address>
         <run_address>0x145d3</run_address>
         <size>0x1d1</size>
         <input_file_ref idref="fl-d1"/>
      </object_component>
      <object_component id="oc-1fa">
         <name>.debug_info</name>
         <load_address>0x147a4</load_address>
         <run_address>0x147a4</run_address>
         <size>0x18d</size>
         <input_file_ref idref="fl-d1"/>
      </object_component>
      <object_component id="oc-1fe">
         <name>.debug_info</name>
         <load_address>0x14931</load_address>
         <run_address>0x14931</run_address>
         <size>0x16d</size>
         <input_file_ref idref="fl-d1"/>
      </object_component>
      <object_component id="oc-3aa">
         <name>.debug_info</name>
         <load_address>0x14a9e</load_address>
         <run_address>0x14a9e</run_address>
         <size>0x2c</size>
         <input_file_ref idref="fl-d1"/>
      </object_component>
      <object_component id="oc-d6">
         <name>.debug_info</name>
         <load_address>0x14aca</load_address>
         <run_address>0x14aca</run_address>
         <size>0x13a</size>
         <input_file_ref idref="fl-d2"/>
      </object_component>
      <object_component id="oc-d3">
         <name>.debug_info</name>
         <load_address>0x14c04</load_address>
         <run_address>0x14c04</run_address>
         <size>0x13a</size>
         <input_file_ref idref="fl-d3"/>
      </object_component>
      <object_component id="oc-dd">
         <name>.debug_info</name>
         <load_address>0x14d3e</load_address>
         <run_address>0x14d3e</run_address>
         <size>0x13e</size>
         <input_file_ref idref="fl-d4"/>
      </object_component>
      <object_component id="oc-e0">
         <name>.debug_info</name>
         <load_address>0x14e7c</load_address>
         <run_address>0x14e7c</run_address>
         <size>0x12c</size>
         <input_file_ref idref="fl-d5"/>
      </object_component>
      <object_component id="oc-38">
         <name>.debug_info</name>
         <load_address>0x14fa8</load_address>
         <run_address>0x14fa8</run_address>
         <size>0x119</size>
         <input_file_ref idref="fl-d6"/>
      </object_component>
      <object_component id="oc-cc">
         <name>.debug_info</name>
         <load_address>0x150c1</load_address>
         <run_address>0x150c1</run_address>
         <size>0x12e</size>
         <input_file_ref idref="fl-d7"/>
      </object_component>
      <object_component id="oc-92">
         <name>.debug_info</name>
         <load_address>0x151ef</load_address>
         <run_address>0x151ef</run_address>
         <size>0x2d4</size>
         <input_file_ref idref="fl-d8"/>
      </object_component>
      <object_component id="oc-47">
         <name>.debug_info</name>
         <load_address>0x154c3</load_address>
         <run_address>0x154c3</run_address>
         <size>0x1d2</size>
         <input_file_ref idref="fl-d8"/>
      </object_component>
      <object_component id="oc-8d">
         <name>.debug_info</name>
         <load_address>0x15695</load_address>
         <run_address>0x15695</run_address>
         <size>0x46</size>
         <input_file_ref idref="fl-d8"/>
      </object_component>
      <object_component id="oc-42">
         <name>.debug_info</name>
         <load_address>0x156db</load_address>
         <run_address>0x156db</run_address>
         <size>0x2a8</size>
         <input_file_ref idref="fl-d9"/>
      </object_component>
      <object_component id="oc-1f">
         <name>.debug_info</name>
         <load_address>0x15983</load_address>
         <run_address>0x15983</run_address>
         <size>0x1ea</size>
         <input_file_ref idref="fl-d9"/>
      </object_component>
      <object_component id="oc-3d">
         <name>.debug_info</name>
         <load_address>0x15b6d</load_address>
         <run_address>0x15b6d</run_address>
         <size>0x46</size>
         <input_file_ref idref="fl-d9"/>
      </object_component>
      <object_component id="oc-85">
         <name>.debug_info</name>
         <load_address>0x15bb3</load_address>
         <run_address>0x15bb3</run_address>
         <size>0x2c</size>
         <input_file_ref idref="fl-d9"/>
      </object_component>
      <object_component id="oc-83">
         <name>.debug_info</name>
         <load_address>0x15bdf</load_address>
         <run_address>0x15bdf</run_address>
         <size>0x29e</size>
         <input_file_ref idref="fl-da"/>
      </object_component>
      <object_component id="oc-1a">
         <name>.debug_info</name>
         <load_address>0x15e7d</load_address>
         <run_address>0x15e7d</run_address>
         <size>0x250</size>
         <input_file_ref idref="fl-da"/>
      </object_component>
      <object_component id="oc-2d">
         <name>.debug_info</name>
         <load_address>0x160cd</load_address>
         <run_address>0x160cd</run_address>
         <size>0x60</size>
         <input_file_ref idref="fl-da"/>
      </object_component>
      <object_component id="oc-106">
         <name>.debug_info</name>
         <load_address>0x1612d</load_address>
         <run_address>0x1612d</run_address>
         <size>0x46</size>
         <input_file_ref idref="fl-da"/>
      </object_component>
      <object_component id="oc-7e">
         <name>.debug_info</name>
         <load_address>0x16173</load_address>
         <run_address>0x16173</run_address>
         <size>0x39</size>
         <input_file_ref idref="fl-da"/>
      </object_component>
      <object_component id="oc-2a">
         <name>.debug_info</name>
         <load_address>0x161ac</load_address>
         <run_address>0x161ac</run_address>
         <size>0x10b</size>
         <input_file_ref idref="fl-db"/>
      </object_component>
      <object_component id="oc-57">
         <name>.debug_info</name>
         <load_address>0x162b7</load_address>
         <run_address>0x162b7</run_address>
         <size>0x1a9</size>
         <input_file_ref idref="fl-db"/>
      </object_component>
      <object_component id="oc-2c9">
         <name>.debug_info</name>
         <load_address>0x16460</load_address>
         <run_address>0x16460</run_address>
         <size>0x590</size>
         <input_file_ref idref="fl-dc"/>
      </object_component>
      <object_component id="oc-294">
         <name>.debug_info</name>
         <load_address>0x169f0</load_address>
         <run_address>0x169f0</run_address>
         <size>0x21e</size>
         <input_file_ref idref="fl-dc"/>
      </object_component>
      <object_component id="oc-36d">
         <name>.debug_info</name>
         <load_address>0x16c0e</load_address>
         <run_address>0x16c0e</run_address>
         <size>0x1b3</size>
         <input_file_ref idref="fl-dc"/>
      </object_component>
      <object_component id="oc-373">
         <name>.debug_info</name>
         <load_address>0x16dc1</load_address>
         <run_address>0x16dc1</run_address>
         <size>0x21b</size>
         <input_file_ref idref="fl-dc"/>
      </object_component>
      <object_component id="oc-29f">
         <name>.debug_info</name>
         <load_address>0x16fdc</load_address>
         <run_address>0x16fdc</run_address>
         <size>0x3c0</size>
         <input_file_ref idref="fl-dc"/>
      </object_component>
      <object_component id="oc-37a">
         <name>.debug_info</name>
         <load_address>0x1739c</load_address>
         <run_address>0x1739c</run_address>
         <size>0x30a</size>
         <input_file_ref idref="fl-dc"/>
      </object_component>
      <object_component id="oc-380">
         <name>.debug_info</name>
         <load_address>0x176a6</load_address>
         <run_address>0x176a6</run_address>
         <size>0x215</size>
         <input_file_ref idref="fl-dc"/>
      </object_component>
      <object_component id="oc-2a5">
         <name>.debug_info</name>
         <load_address>0x178bb</load_address>
         <run_address>0x178bb</run_address>
         <size>0x215</size>
         <input_file_ref idref="fl-dc"/>
      </object_component>
      <object_component id="oc-2ab">
         <name>.debug_info</name>
         <load_address>0x17ad0</load_address>
         <run_address>0x17ad0</run_address>
         <size>0x304</size>
         <input_file_ref idref="fl-dc"/>
      </object_component>
      <object_component id="oc-2b1">
         <name>.debug_info</name>
         <load_address>0x17dd4</load_address>
         <run_address>0x17dd4</run_address>
         <size>0x4b5</size>
         <input_file_ref idref="fl-dc"/>
      </object_component>
      <object_component id="oc-1f2">
         <name>.debug_info</name>
         <load_address>0x18289</load_address>
         <run_address>0x18289</run_address>
         <size>0x5f4</size>
         <input_file_ref idref="fl-dc"/>
      </object_component>
      <object_component id="oc-2ca">
         <name>.debug_info</name>
         <load_address>0x1887d</load_address>
         <run_address>0x1887d</run_address>
         <size>0x86</size>
         <input_file_ref idref="fl-dc"/>
      </object_component>
      <object_component id="oc-3af">
         <name>.debug_info</name>
         <load_address>0x18903</load_address>
         <run_address>0x18903</run_address>
         <size>0x39</size>
         <input_file_ref idref="fl-dc"/>
      </object_component>
      <object_component id="oc-42c">
         <name>.debug_info</name>
         <load_address>0x1893c</load_address>
         <run_address>0x1893c</run_address>
         <size>0xb6</size>
         <input_file_ref idref="fl-dc"/>
      </object_component>
      <object_component id="oc-3b4">
         <name>.debug_info</name>
         <load_address>0x189f2</load_address>
         <run_address>0x189f2</run_address>
         <size>0x46</size>
         <input_file_ref idref="fl-dc"/>
      </object_component>
      <object_component id="oc-2cf">
         <name>.debug_info</name>
         <load_address>0x18a38</load_address>
         <run_address>0x18a38</run_address>
         <size>0x46</size>
         <input_file_ref idref="fl-dc"/>
      </object_component>
      <object_component id="oc-368">
         <name>.debug_info</name>
         <load_address>0x18a7e</load_address>
         <run_address>0x18a7e</run_address>
         <size>0x14c</size>
         <input_file_ref idref="fl-dd"/>
      </object_component>
      <object_component id="oc-29b">
         <name>.debug_info</name>
         <load_address>0x18bca</load_address>
         <run_address>0x18bca</run_address>
         <size>0x128</size>
         <input_file_ref idref="fl-de"/>
      </object_component>
      <object_component id="oc-355">
         <name>.debug_info</name>
         <load_address>0x18cf2</load_address>
         <run_address>0x18cf2</run_address>
         <size>0x12a</size>
         <input_file_ref idref="fl-de"/>
      </object_component>
      <object_component id="oc-359">
         <name>.debug_info</name>
         <load_address>0x18e1c</load_address>
         <run_address>0x18e1c</run_address>
         <size>0x12e</size>
         <input_file_ref idref="fl-df"/>
      </object_component>
      <object_component id="oc-365">
         <name>.debug_info</name>
         <load_address>0x18f4a</load_address>
         <run_address>0x18f4a</run_address>
         <size>0x12c</size>
         <input_file_ref idref="fl-e0"/>
      </object_component>
      <object_component id="oc-96">
         <name>.debug_info</name>
         <load_address>0x19076</load_address>
         <run_address>0x19076</run_address>
         <size>0x147</size>
         <input_file_ref idref="fl-e1"/>
      </object_component>
      <object_component id="oc-34d">
         <name>.debug_info</name>
         <load_address>0x191bd</load_address>
         <run_address>0x191bd</run_address>
         <size>0x134</size>
         <input_file_ref idref="fl-e2"/>
      </object_component>
      <object_component id="oc-269">
         <name>.debug_info</name>
         <load_address>0x192f1</load_address>
         <run_address>0x192f1</run_address>
         <size>0x4b3</size>
         <input_file_ref idref="fl-e3"/>
      </object_component>
      <object_component id="oc-1a0">
         <name>.debug_info</name>
         <load_address>0x197a4</load_address>
         <run_address>0x197a4</run_address>
         <size>0x1a6</size>
         <input_file_ref idref="fl-e3"/>
      </object_component>
      <object_component id="oc-333">
         <name>.debug_info</name>
         <load_address>0x1994a</load_address>
         <run_address>0x1994a</run_address>
         <size>0x39</size>
         <input_file_ref idref="fl-e3"/>
      </object_component>
      <object_component id="oc-3eb">
         <name>.debug_info</name>
         <load_address>0x19983</load_address>
         <run_address>0x19983</run_address>
         <size>0x39</size>
         <input_file_ref idref="fl-e3"/>
      </object_component>
      <object_component id="oc-338">
         <name>.debug_info</name>
         <load_address>0x199bc</load_address>
         <run_address>0x199bc</run_address>
         <size>0x39</size>
         <input_file_ref idref="fl-e3"/>
      </object_component>
      <object_component id="oc-33d">
         <name>.debug_info</name>
         <load_address>0x199f5</load_address>
         <run_address>0x199f5</run_address>
         <size>0xcd</size>
         <input_file_ref idref="fl-e3"/>
      </object_component>
      <object_component id="oc-9a">
         <name>.debug_info</name>
         <load_address>0x19ac2</load_address>
         <run_address>0x19ac2</run_address>
         <size>0x153</size>
         <input_file_ref idref="fl-e4"/>
      </object_component>
      <object_component id="oc-194">
         <name>.debug_info</name>
         <load_address>0x19c15</load_address>
         <run_address>0x19c15</run_address>
         <size>0x122</size>
         <input_file_ref idref="fl-e6"/>
      </object_component>
      <object_component id="oc-407">
         <name>.debug_info</name>
         <load_address>0x19d37</load_address>
         <run_address>0x19d37</run_address>
         <size>0x29c</size>
         <input_file_ref idref="fl-e8"/>
      </object_component>
      <object_component id="oc-35e">
         <name>.debug_info</name>
         <load_address>0x19fd3</load_address>
         <run_address>0x19fd3</run_address>
         <size>0x1da</size>
         <input_file_ref idref="fl-e8"/>
      </object_component>
      <object_component id="oc-34a">
         <name>.debug_info</name>
         <load_address>0x1a1ad</load_address>
         <run_address>0x1a1ad</run_address>
         <size>0x2b9</size>
         <input_file_ref idref="fl-ea"/>
      </object_component>
      <object_component id="oc-290">
         <name>.debug_info</name>
         <load_address>0x1a466</load_address>
         <run_address>0x1a466</run_address>
         <size>0x17c</size>
         <input_file_ref idref="fl-ea"/>
      </object_component>
      <object_component id="oc-3fb">
         <name>.debug_info</name>
         <load_address>0x1a5e2</load_address>
         <run_address>0x1a5e2</run_address>
         <size>0xf9</size>
         <input_file_ref idref="fl-eb"/>
      </object_component>
      <object_component id="oc-347">
         <name>.debug_info</name>
         <load_address>0x1a6db</load_address>
         <run_address>0x1a6db</run_address>
         <size>0x105</size>
         <input_file_ref idref="fl-eb"/>
      </object_component>
      <object_component id="oc-39b">
         <name>.debug_info</name>
         <load_address>0x1a7e0</load_address>
         <run_address>0x1a7e0</run_address>
         <size>0x2a7</size>
         <input_file_ref idref="fl-ec"/>
      </object_component>
      <object_component id="oc-2b7">
         <name>.debug_info</name>
         <load_address>0x1aa87</load_address>
         <run_address>0x1aa87</run_address>
         <size>0x1b8</size>
[...]
         <value>0x2ca1</value>
         <object_component_ref idref="oc-b9"/>
      </symbol>
      <symbol id="sm-1fe">
         <name>ADC14_initModule</name>
         <value>0x29b1</value>
         <object_component_ref idref="oc-12e"/>
      </symbol>
      <symbol id="sm-1ff">
         <name>ADC14_clearInterruptFlag</name>
         <value>0x2de1</value>
         <object_component_ref idref="oc-bf"/>
      </symbol>
      <symbol id="sm-200">
         <name>ADC14_configureConversionMemory</name>
         <value>0x207d</value>
         <object_component_ref idref="oc-140"/>
      </symbol>
      <symbol id="sm-201">
         <name>ADC14_enableModule</name>
         <value>0x313d</value>
         <object_component_ref idref="oc-128"/>
      </symbol>
      <symbol id="sm-202">
         <name>ADC14_getResult</name>
         <value>0x2f4d</value>
         <object_component_ref idref="oc-c5"/>
      </symbol>
      <symbol id="sm-210">
         <name>CS_setDCOCenteredFrequency</name>
         <value>0x2d45</value>
         <object_component_ref idref="oc-15e"/>
      </symbol>
      <symbol id="sm-21f">
         <name>FlashCtl_setWaitState</name>
         <value>0x2b4d</value>
         <object_component_ref idref="oc-116"/>
      </symbol>
      <symbol id="sm-235">
         <name>FPU_enableLazyStacking</name>
         <value>0x30dd</value>
         <object_component_ref idref="oc-122"/>
      </symbol>
      <symbol id="sm-236">
         <name>FPU_enableModule</name>
         <value>0x3035</value>
         <object_component_ref idref="oc-11c"/>
      </symbol>
      <symbol id="sm-251">
         <name>GPIO_setAsPeripheralModuleFunctionInputPin</name>
         <value>0x2315</value>
         <object_component_ref idref="oc-134"/>
      </symbol>
      <symbol id="sm-277">
         <name>Interrupt_enableMaster</name>
         <value>0x30ed</value>
         <object_component_ref idref="oc-182"/>
      </symbol>
      <symbol id="sm-278">
         <name>Interrupt_enableInterrupt</name>
         <value>0x252d</value>
         <object_component_ref idref="oc-176"/>
      </symbol>
      <symbol id="sm-358">
         <name>PCM_getCoreVoltageLevel</name>
         <value>0x2849</value>
         <object_component_ref idref="oc-3c2"/>
      </symbol>
      <symbol id="sm-359">
         <name>PCM_shutdownDevice</name>
         <value>0x2a05</value>
         <object_component_ref idref="oc-311"/>
      </symbol>
      <symbol id="sm-35a">
         <name>PCM_setPowerState</name>
         <value>0x311d</value>
         <object_component_ref idref="oc-158"/>
      </symbol>
      <symbol id="sm-35b">
         <name>PCM_getPowerMode</name>
         <value>0x28a7</value>
         <object_component_ref idref="oc-3bc"/>
      </symbol>
      <symbol id="sm-35c">
         <name>PCM_getPowerState</name>
         <value>0x3091</value>
         <object_component_ref idref="oc-2ed"/>
      </symbol>
      <symbol id="sm-35d">
         <name>PCM_gotoLPM4</name>
         <value>0x30fd</value>
         <object_component_ref idref="oc-30b"/>
      </symbol>
      <symbol id="sm-35e">
         <name>PCM_gotoLPM3</name>
         <value>0x24a9</value>
         <object_component_ref idref="oc-305"/>
      </symbol>
      <symbol id="sm-35f">
         <name>PCM_gotoLPM0</name>
         <value>0x2f75</value>
         <object_component_ref idref="oc-2ff"/>
      </symbol>
      <symbol id="sm-360">
         <name>PCM_setPowerMode</name>
         <value>0x310d</value>
         <object_component_ref idref="oc-3c8"/>
      </symbol>
      <symbol id="sm-36e">
         <name>RTC_C_holdClock</name>
         <value>0x2ef9</value>
         <object_component_ref idref="oc-3de"/>
      </symbol>
      <symbol id="sm-3b0">
         <name>UART_enableInterrupt</name>
         <value>0x2e41</value>
         <object_component_ref idref="oc-170"/>
      </symbol>
      <symbol id="sm-3b1">
         <name>UART_enableModule</name>
         <value>0x3065</value>
         <object_component_ref idref="oc-16a"/>
      </symbol>
      <symbol id="sm-3b2">
         <name>UART_transmitData</name>
         <value>0x2d79</value>
         <object_component_ref idref="oc-ea"/>
      </symbol>
      <symbol id="sm-3b3">
         <name>UART_initModule</name>
         <value>0x1b61</value>
         <object_component_ref idref="oc-164"/>
      </symbol>
      <symbol id="sm-3bf">
         <name>WDT_A_holdTimer</name>
         <value>0x2f9d</value>
         <object_component_ref idref="oc-3d8"/>
      </symbol>
      <symbol id="sm-3d1">
         <name>CPU_wfi</name>
         <value>0x3175</value>
         <object_component_ref idref="oc-3d0"/>
      </symbol>
      <symbol id="sm-3d2">
         <name>CPU_cpsie</name>
         <value>0x3149</value>
         <object_component_ref idref="oc-255"/>
      </symbol>
      <symbol id="sm-3f9">
         <name>sprintf</name>
         <value>0x2c21</value>
         <object_component_ref idref="oc-e4"/>
      </symbol>
      <symbol id="sm-40d">
         <name>__aeabi_ddiv</name>
         <value>0x1905</value>
         <object_component_ref idref="oc-d5"/>
      </symbol>
      <symbol id="sm-418">
         <name>__aeabi_dmul</name>
         <value>0x1e95</value>
         <object_component_ref idref="oc-d0"/>
      </symbol>
      <symbol id="sm-424">
         <name>__aeabi_d2f</name>
         <value>0x270f</value>
         <object_component_ref idref="oc-da"/>
      </symbol>
      <symbol id="sm-42f">
         <name>__aeabi_f2d</name>
         <value>0x2cd9</value>
         <object_component_ref idref="oc-df"/>
      </symbol>
      <symbol id="sm-44a">
         <name>memcpy</name>
         <value>0x21e3</value>
         <object_component_ref idref="oc-37"/>
      </symbol>
      <symbol id="sm-44b">
         <name>__aeabi_memcpy</name>
         <value>0x21e3</value>
         <object_component_ref idref="oc-37"/>
      </symbol>
      <symbol id="sm-44c">
         <name>__aeabi_memcpy8</name>
         <value>0x21e3</value>
         <object_component_ref idref="oc-37"/>
      </symbol>
      <symbol id="sm-44d">
         <name>__aeabi_memcpy4</name>
         <value>0x21e3</value>
         <object_component_ref idref="oc-37"/>
      </symbol>
      <symbol id="sm-457">
         <name>__aeabi_ui2d</name>
         <value>0x2fc1</value>
         <object_component_ref idref="oc-cb"/>
      </symbol>
      <symbol id="sm-46b">
         <name>__TI_zero_init_nomemset</name>
         <value>0x2fe1</value>
         <object_component_ref idref="oc-43"/>
      </symbol>
      <symbol id="sm-482">
         <name>__TI_decompress_none</name>
         <value>0x312d</value>
         <object_component_ref idref="oc-1d"/>
      </symbol>
      <symbol id="sm-4a5">
         <name>__TI_decompress_lzss</name>
         <value>0x277d</value>
         <object_component_ref idref="oc-17"/>
      </symbol>
      <symbol id="sm-4b8">
         <name>__stack</name>
         <value>0x2000fe00</value>
         <object_component_ref idref="oc-29"/>
      </symbol>
      <symbol id="sm-4b9">
         <name>_c_int00_noargs</name>
         <value>0x2dad</value>
         <object_component_ref idref="oc-55"/>
      </symbol>
      <symbol id="sm-61e">
         <name>__TI_printfi</name>
         <value>0xe5</value>
         <object_component_ref idref="oc-1f1"/>
      </symbol>
      <symbol id="sm-635">
         <name>__aeabi_dsub</name>
         <value>0x11fd</value>
         <object_component_ref idref="oc-367"/>
      </symbol>
      <symbol id="sm-636">
         <name>__aeabi_dadd</name>
         <value>0x1207</value>
         <object_component_ref idref="oc-367"/>
      </symbol>
      <symbol id="sm-658">
         <name>__aeabi_cdcmpeq</name>
         <value>0x239d</value>
         <object_component_ref idref="oc-299"/>
      </symbol>
      <symbol id="sm-659">
         <name>__aeabi_cdcmple</name>
         <value>0x239d</value>
         <object_component_ref idref="oc-299"/>
      </symbol>
      <symbol id="sm-65a">
         <name>__aeabi_cdrcmple</name>
         <value>0x2423</value>
         <object_component_ref idref="oc-352"/>
      </symbol>
      <symbol id="sm-664">
         <name>__aeabi_d2iz</name>
         <value>0x2b95</value>
         <object_component_ref idref="oc-357"/>
      </symbol>
      <symbol id="sm-66e">
         <name>__aeabi_i2d</name>
         <value>0x2e71</value>
         <object_component_ref idref="oc-362"/>
      </symbol>
      <symbol id="sm-67d">
         <name>__aeabi_memset</name>
         <value>0x25af</value>
         <object_component_ref idref="oc-93"/>
      </symbol>
      <symbol id="sm-67e">
         <name>memset</name>
         <value>0x25b5</value>
         <object_component_ref idref="oc-93"/>
      </symbol>
      <symbol id="sm-67f">
         <name>__aeabi_memset8</name>
         <value>0x25af</value>
         <object_component_ref idref="oc-93"/>
      </symbol>
      <symbol id="sm-680">
         <name>__aeabi_memset4</name>
         <value>0x25af</value>
         <object_component_ref idref="oc-93"/>
      </symbol>
      <symbol id="sm-681">
         <name>__aeabi_memclr8</name>
         <value>0x25ad</value>
         <object_component_ref idref="oc-93"/>
      </symbol>
      <symbol id="sm-682">
         <name>__aeabi_memclr4</name>
         <value>0x25ad</value>
         <object_component_ref idref="oc-93"/>
      </symbol>
      <symbol id="sm-683">
         <name>__aeabi_memclr</name>
         <value>0x25ad</value>
         <object_component_ref idref="oc-93"/>
      </symbol>
      <symbol id="sm-690">
         <name>__aeabi_uldivmod</name>
         <value>0x227f</value>
         <object_component_ref idref="oc-34b"/>
      </symbol>
      <symbol id="sm-6b8">
         <name>__TI_auto_init_nobinit_nopinit</name>
         <value>0x2bdd</value>
         <object_component_ref idref="oc-19d"/>
      </symbol>
      <symbol id="sm-6c2">
         <name>_system_pre_init</name>
         <value>0x3179</value>
         <object_component_ref idref="oc-99"/>
      </symbol>
      <symbol id="sm-6ce">
         <name>C$$EXIT</name>
         <value>0x317d</value>
         <object_component_ref idref="oc-191"/>
      </symbol>
      <symbol id="sm-6cf">
         <name>abort</name>
         <value>0x317d</value>
         <object_component_ref idref="oc-191"/>
      </symbol>
      <symbol id="sm-6df">
         <name>__TI_ltoa</name>
         <value>0x2a59</value>
         <object_component_ref idref="oc-35c"/>
      </symbol>
      <symbol id="sm-6f6">
         <name>atoi</name>
         <value>0x2b01</value>
         <object_component_ref idref="oc-28d"/>
      </symbol>
      <symbol id="sm-701">
         <name>_ctypes_</name>
         <value>0x3180</value>
         <object_component_ref idref="oc-346"/>
      </symbol>
      <symbol id="sm-711">
         <name>memccpy</name>
         <value>0x2ffd</value>
         <object_component_ref idref="oc-2b6"/>
      </symbol>
      <symbol id="sm-721">
         <name>strchr</name>
         <value>0x307b</value>
         <object_component_ref idref="oc-393"/>
      </symbol>
      <symbol id="sm-72f">
         <name>strlen</name>
         <value>0x30a5</value>
         <object_component_ref idref="oc-287"/>
      </symbol>
      <symbol id="sm-745">
         <name>__aeabi_errno_addr</name>
         <value>0x316d</value>
         <object_component_ref idref="oc-2c2"/>
      </symbol>
      <symbol id="sm-746">
         <name>errno</name>
         <value>0x20000044</value>
         <object_component_ref idref="oc-3a3"/>
      </symbol>
      <symbol id="sm-766">
         <name>frexpl</name>
         <value>0x27e5</value>
         <object_component_ref idref="oc-387"/>
      </symbol>
      <symbol id="sm-767">
         <name>frexp</name>
         <value>0x27e5</value>
         <object_component_ref idref="oc-387"/>
      </symbol>
      <symbol id="sm-784">
         <name>scalbn</name>
         <value>0x1c7d</value>
         <object_component_ref idref="oc-38d"/>
      </symbol>
      <symbol id="sm-785">
         <name>scalbnl</name>
         <value>0x1c7d</value>
         <object_component_ref idref="oc-38d"/>
      </symbol>
      <symbol id="sm-786">
         <name>ldexpl</name>
         <value>0x1c7d</value>
         <object_component_ref idref="oc-38d"/>
      </symbol>
      <symbol id="sm-787">
         <name>ldexp</name>
         <value>0x1c7d</value>
         <object_component_ref idref="oc-38d"/>
      </symbol>
      <symbol id="sm-791">
         <name>copysign</name>
         <value>0x3019</value>
         <object_component_ref idref="oc-415"/>
      </symbol>
      <symbol id="sm-792">
         <name>copysignl</name>
         <value>0x3019</value>
         <object_component_ref idref="oc-415"/>
      </symbol>
      <symbol id="sm-7ab">
         <name>wcslen</name>
         <value>0x30b9</value>
         <object_component_ref idref="oc-2bc"/>
      </symbol>
      <symbol id="sm-7b5">
         <name>__aeabi_idiv0</name>
         <value>0x1a3b</value>
         <object_component_ref idref="oc-3fe"/>
      </symbol>
      <symbol id="sm-7b6">
         <name>__aeabi_ldiv0</name>
         <value>0x1a3b</value>
         <object_component_ref idref="oc-3fe"/>
      </symbol>
      <symbol id="sm-7b7">
         <name>__TI_static_base__</name>
         <value>0x0</value>
      </symbol>
      <symbol id="sm-7ba">
         <name>__mpu_init</name>
         <value>0x0</value>
      </symbol>
      <symbol id="sm-7bb">
         <name>_system_post_cinit</name>
         <value>0x0</value>
      </symbol>
      <symbol id="sm-7bc">
         <name>NMI_Handler</name>
         <value>0x13b3</value>
      </symbol>
      <symbol id="sm-7bd">
         <name>HardFault_Handler</name>
         <value>0x13b3</value>
      </symbol>
      <symbol id="sm-7be">
         <name>MemManage_Handler</name>
         <value>0x13b3</value>
      </symbol>
      <symbol id="sm-7bf">
         <name>BusFault_Handler</name>
         <value>0x13b3</value>
      </symbol>
      <symbol id="sm-7c0">
         <name>UsageFault_Handler</name>
         <value>0x13b3</value>
      </symbol>
      <symbol id="sm-7c1">
         <name>SVC_Handler</name>
         <value>0x13b3</value>
      </symbol>
      <symbol id="sm-7c2">
         <name>DebugMon_Handler</name>
         <value>0x13b3</value>
      </symbol>
      <symbol id="sm-7c3">
         <name>PendSV_Handler</name>
         <value>0x13b3</value>
      </symbol>
      <symbol id="sm-7c4">
         <name>SysTick_Handler</name>
         <value>0x13b3</value>
      </symbol>
      <symbol id="sm-7c5">
         <name>PSS_IRQHandler</name>
         <value>0x13b3</value>
      </symbol>
      <symbol id="sm-7c6">
         <name>CS_IRQHandler</name>
         <value>0x13b3</value>
      </symbol>
      <symbol id="sm-7c7">
         <name>PCM_IRQHandler</name>
         <value>0x13b3</value>
      </symbol>
      <symbol id="sm-7c8">
         <name>WDT_A_IRQHandler</name>
         <value>0x13b3</value>
      </symbol>
      <symbol id="sm-7c9">
         <name>FPU_IRQHandler</name>
         <value>0x13b3</value>
      </symbol>
      <symbol id="sm-7ca">
         <name>FLCTL_IRQHandler</name>
         <value>0x13b3</value>
      </symbol>
      <symbol id="sm-7cb">
         <name>COMP_E0_IRQHandler</name>
         <value>0x13b3</value>
      </symbol>
      <symbol id="sm-7cc">
         <name>COMP_E1_IRQHandler</name>
         <value>0x13b3</value>
      </symbol>
      <symbol id="sm-7cd">
         <name>TA0_0_IRQHandler</name>
         <value>0x13b3</value>
      </symbol>
      <symbol id="sm-7ce">
         <name>TA0_N_IRQHandler</name>
         <value>0x13b3</value>
      </symbol>
      <symbol id="sm-7cf">
         <name>TA1_0_IRQHandler</name>
         <value>0x13b3</value>
      </symbol>
      <symbol id="sm-7d0">
         <name>TA1_N_IRQHandler</name>
         <value>0x13b3</value>
      </symbol>
      <symbol id="sm-7d1">
         <name>TA2_0_IRQHandler</name>
         <value>0x13b3</value>
      </symbol>
      <symbol id="sm-7d2">
         <name>TA2_N_IRQHandler</name>
         <value>0x13b3</value>
      </symbol>
      <symbol id="sm-7d3">
         <name>TA3_0_IRQHandler</name>
         <value>0x13b3</value>
      </symbol>
      <symbol id="sm-7d4">
         <name>TA3_N_IRQHandler</name>
         <value>0x13b3</value>
      </symbol>
      <symbol id="sm-7d5">
         <name>EUSCIA0_IRQHandler</name>
         <value>0x13b3</value>
      </symbol>
      <symbol id="sm-7d6">
         <name>EUSCIA1_IRQHandler</name>
         <value>0x13b3</value>
      </symbol>
      <symbol id="sm-7d7">
         <name>EUSCIA2_IRQHandler</name>
         <value>0x13b3</value>
      </symbol>
      <symbol id="sm-7d8">
         <name>EUSCIA3_IRQHandler</name>
         <value>0x13b3</value>
      </symbol>
      <symbol id="sm-7d9">
         <name>EUSCIB0_IRQHandler</name>
         <value>0x13b3</value>
      </symbol>
      <symbol id="sm-7da">
         <name>EUSCIB1_IRQHandler</name>
         <value>0x13b3</value>
      </symbol>
      <symbol id="sm-7db">
         <name>EUSCIB2_IRQHandler</name>
         <value>0x13b3</value>
      </symbol>
      <symbol id="sm-7dc">
         <name>EUSCIB3_IRQHandler</name>
         <value>0x13b3</value>
      </symbol>
      <symbol id="sm-7dd">
         <name>ADC14_IRQHandler</name>
         <value>0x1671</value>
      </symbol>
      <symbol id="sm-7de">
         <name>T32_INT1_IRQHandler</name>
         <value>0x13b3</value>
      </symbol>
      <symbol id="sm-7df">
         <name>T32_INT2_IRQHandler</name>
         <value>0x13b3</value>
      </symbol>
      <symbol id="sm-7e0">
         <name>T32_INTC_IRQHandler</name>
         <value>0x13b3</value>
      </symbol>
      <symbol id="sm-7e1">
         <name>AES256_IRQHandler</name>
         <value>0x13b3</value>
      </symbol>
      <symbol id="sm-7e2">
         <name>RTC_C_IRQHandler</name>
         <value>0x13b3</value>
      </symbol>
      <symbol id="sm-7e3">
         <name>DMA_ERR_IRQHandler</name>
         <value>0x13b3</value>
      </symbol>
      <symbol id="sm-7e4">
         <name>DMA_INT3_IRQHandler</name>
         <value>0x13b3</value>
      </symbol>
      <symbol id="sm-7e5">
         <name>DMA_INT2_IRQHandler</name>
         <value>0x13b3</value>
      </symbol>
      <symbol id="sm-7e6">
         <name>DMA_INT1_IRQHandler</name>
         <value>0x13b3</value>
      </symbol>
      <symbol id="sm-7e7">
         <name>DMA_INT0_IRQHandler</name>
         <value>0x13b3</value>
      </symbol>
      <symbol id="sm-7e8">
         <name>PORT1_IRQHandler</name>
         <value>0x13b3</value>
      </symbol>
      <symbol id="sm-7e9">
         <name>PORT2_IRQHandler</name>
         <value>0x13b3</value>
      </symbol>
      <symbol id="sm-7ea">
         <name>PORT3_IRQHandler</name>
         <value>0x13b3</value>
      </symbol>
      <symbol id="sm-7eb">
         <name>PORT4_IRQHandler</name>
         <value>0x13b3</value>
      </symbol>
      <symbol id="sm-7ec">
         <name>PORT5_IRQHandler</name>
         <value>0x13b3</value>
      </symbol>
      <symbol id="sm-7ed">
         <name>PORT6_IRQHandler</name>
         <value>0x13b3</value>
      </symbol>
   </symbol_table>
   <title>Link successful</title>
</link_info>
