******************************************************************************
                  TI ARM Linker PC v20.2.6                     
******************************************************************************
>> Linked Fri Jun 17 09:10:20 2022

OUTPUT FILE NAME:   <Practica04.out>
ENTRY POINT SYMBOL: "_c_int00_noargs"  address: 00000e99


MEMORY CONFIGURATION

         name            origin    length      used     unused   attr    fill
----------------------  --------  ---------  --------  --------  ----  --------
  MAIN                  00000000   00040000  0000116c  0003ee94  R  X
  INFO                  00200000   00004000  00000000  00004000  R  X
  SRAM_CODE             01000000   00010000  00000212  0000fdee  RW X
  SRAM_DATA             20000000   00010000  00000212  0000fdee  RW  


SEGMENT ALLOCATION MAP

run origin  load origin   length   init length attrs members
----------  ----------- ---------- ----------- ----- -------
00000000    00000000    0000116c   0000116c    r-x
  00000000    00000000    000000e4   000000e4    r-- .intvecs
  000000e4    000000e4    00000fbc   00000fbc    r-x .text
  000010a0    000010a0    000000b8   000000b8    r-- .const
  00001158    00001158    00000014   00000014    r-- .cinit
20000000    20000000    00000012   00000000    rw-
  20000000    20000000    00000012   00000000    rw- .bss
2000fe00    2000fe00    00000200   00000000    rw-
  2000fe00    2000fe00    00000200   00000000    rw- .stack


SECTION ALLOCATION MAP

 output                                  attributes/
section   page    origin      length       input sections
--------  ----  ----------  ----------   ----------------
.intvecs   0    00000000    000000e4     
                  00000000    000000e4     startup_msp432p401r_ccs.obj (.intvecs:retain)

.text      0    000000e4    00000fbc     
                  000000e4    0000028a     msp432p4xx_driverlib.lib : pcm.o (.text:__PCM_setPowerStateAdvanced)
                  0000036e    00000002     startup_msp432p401r_ccs.obj (.text:Default_Handler)
                  00000370    00000160     msp432p4xx_driverlib.lib : adc14.o (.text:_getIndexForMemRegister)
                  000004d0    0000015c                              : pcm.o (.text:__PCM_setPowerModeAdvanced)
                  0000062c    0000012c     main.obj (.text:main)
                  00000758    00000108     msp432p4xx_driverlib.lib : pcm.o (.text:__PCM_setCoreVoltageLevelAdvanced)
                  00000860    000000c0     main.obj (.text:ADC14_IRQHandler)
                  00000920    000000b4     msp432p4xx_driverlib.lib : adc14.o (.text:ADC14_configureConversionMemory)
                  000009d4    000000b4                              : adc14.o (.text:ADC14_configureMultiSequenceMode)
                  00000a88    00000088                              : gpio.o (.text:GPIO_setAsPeripheralModuleFunctionInputPin)
                  00000b10    00000084                              : pcm.o (.text:PCM_gotoLPM3)
                  00000b94    00000080                              : interrupt.o (.text:Interrupt_enableInterrupt)
                  00000c14    00000078     system_msp432p401r.obj (.text:SystemInit)
                  00000c8c    0000005e     msp432p4xx_driverlib.lib : pcm.o (.text:PCM_getCoreVoltageLevel)
                  00000cea    0000005a                              : pcm.o (.text:PCM_getPowerMode)
                  00000d44    00000054                              : adc14.o (.text:ADC14_initModule)
                  00000d98    00000054                              : pcm.o (.text:PCM_shutdownDevice)
                  00000dec    00000044     rtsv7M4_T_le_v4SPD16_eabi.lib : autoinit.c.obj (.text:__TI_auto_init_nobinit_nopinit:__TI_auto_init_nobinit_nopinit)
                  00000e30    00000034     msp432p4xx_driverlib.lib : adc14.o (.text:ADC14_enableSampleTimer)
                  00000e64    00000034                              : cs.o (.text:CS_setDCOCenteredFrequency)
                  00000e98    00000034     rtsv7M4_T_le_v4SPD16_eabi.lib : boot_cortex_m.c.obj (.text:_c_int00_noargs:_c_int00_noargs)
                  00000ecc    00000030     msp432p4xx_driverlib.lib : adc14.o (.text:ADC14_enableInterrupt)
                  00000efc    0000002c                              : adc14.o (.text:ADC14_toggleConversionTrigger)
                  00000f28    0000002c                              : rtc_c.o (.text:RTC_C_holdClock)
                  00000f54    00000028                              : adc14.o (.text:ADC14_enableConversion)
                  00000f7c    00000028                              : pcm.o (.text:PCM_gotoLPM0)
                  00000fa4    00000024                              : wdt_a.o (.text:WDT_A_holdTimer)
                  00000fc8    0000001c     rtsv7M4_T_le_v4SPD16_eabi.lib : copy_zero_init.c.obj (.text:decompress:ZI:__TI_zero_init_nomemset:__TI_zero_init_nomemset)
                  00000fe4    00000018     msp432p4xx_driverlib.lib : fpu.o (.text:FPU_enableModule)
                  00000ffc    00000014                              : pcm.o (.text:PCM_getPowerState)
                  00001010    00000010                              : adc14.o (.text:ADCIsConversionRunning)
                  00001020    00000010                              : fpu.o (.text:FPU_enableLazyStacking)
                  00001030    00000010                              : interrupt.o (.text:Interrupt_enableMaster)
                  00001040    00000010                              : pcm.o (.text:PCM_gotoLPM4)
                  00001050    00000010                              : pcm.o (.text:PCM_setPowerMode)
                  00001060    00000010                              : pcm.o (.text:PCM_setPowerState)
                  00001070    0000000c                              : adc14.o (.text:ADC14_enableModule)
                  0000107c    0000000c                              : cpu.o (.text:CPU_cpsie)
                  00001088    0000000c     startup_msp432p401r_ccs.obj (.text:Reset_Handler)
                  00001094    00000004     msp432p4xx_driverlib.lib : cpu.o (.text:CPU_wfi)
                  00001098    00000004     rtsv7M4_T_le_v4SPD16_eabi.lib : pre_init.c.obj (.text:_system_pre_init)
                  0000109c    00000004                                   : exit.c.obj (.text:abort:abort)

.const     0    000010a0    000000b8     
                  000010a0    00000080     msp432p4xx_driverlib.lib : adc14.o (.const:_ctlRegs)
                  00001120    00000030                              : gpio.o (.const:GPIO_PORT_TO_BASE)
                  00001150    00000008                              : interrupt.o (.const:g_pulEnRegs)

.cinit     0    00001158    00000014     
                  00001158    00000008     (.cinit..bss.load) [load image, compression = zero_init]
                  00001160    00000004     (__TI_handler_table)
                  00001164    00000008     (__TI_cinit_table)

.init_array 
*          0    00000000    00000000     UNINITIALIZED

.binit     0    00000000    00000000     

.bss       0    20000000    00000012     UNINITIALIZED
                  20000000    00000012     main.obj (.bss)

.stack     0    2000fe00    00000200     UNINITIALIZED
                  2000fe00    00000004     rtsv7M4_T_le_v4SPD16_eabi.lib : boot_cortex_m.c.obj (.stack)
                  2000fe04    000001fc     --HOLE--

__llvm_prf_cnts 
*          0    20000000    00000000     UNINITIALIZED

MODULE SUMMARY

       Module                        code   ro data   rw data
       ------                        ----   -------   -------
    .\
       main.obj                      492    0         36     
       system_msp432p401r.obj        120    0         0      
    +--+-----------------------------+------+---------+---------+
       Total:                        612    0         36     
                                                             
    .\ccs\
       startup_msp432p401r_ccs.obj   14     228       0      
    +--+-----------------------------+------+---------+---------+
       Total:                        14     228       0      
                                                             
    D:/ti/simplelink_msp432p4_sdk_3_40_01_02/source/ti/devices/msp432p4xx/driverlib/ccs/msp432p4xx_driverlib.lib
       pcm.o                         1770   0         0      
       adc14.o                       1008   128       0      
       gpio.o                        136    48        0      
       interrupt.o                   144    8         0      
       cs.o                          52     0         0      
       rtc_c.o                       44     0         0      
       fpu.o                         40     0         0      
       wdt_a.o                       36     0         0      
       cpu.o                         16     0         0      
    +--+-----------------------------+------+---------+---------+
       Total:                        3246   184       0      
                                                             
    D:\ProgramFiles\ti\ccs1110\ccs\tools\compiler\ti-cgt-arm_20.2.6.LTS\lib\rtsv7M4_T_le_v4SPD16_eabi.lib
       autoinit.c.obj                68     0         0      
       boot_cortex_m.c.obj           52     0         0      
       copy_zero_init.c.obj          28     0         0      
       exit.c.obj                    4      0         0      
       pre_init.c.obj                4      0         0      
    +--+-----------------------------+------+---------+---------+
       Total:                        156    0         0      
                                                             
       Stack:                        0      0         1024   
       Linker Generated:             0      20        0      
    +--+-----------------------------+------+---------+---------+
       Grand Total:                  4028   432       1060   


LINKER GENERATED COPY TABLES

__TI_cinit_table @ 00001164 records: 1, size/record: 8, table size: 8
	.bss: load addr=00001158, load size=00000008 bytes, run addr=20000000, run size=00000012 bytes, compression=zero_init


LINKER GENERATED HANDLER TABLE

__TI_handler_table @ 00001160 records: 1, size/record: 4, table size: 4
	index: 0, handler: __TI_zero_init


GLOBAL SYMBOLS: SORTED ALPHABETICALLY BY Name 

address   name                                      
-------   ----                                      
00000861  ADC14_IRQHandler                          
00000861  ADC14_IRQHandler                          
00000921  ADC14_configureConversionMemory           
000009d5  ADC14_configureMultiSequenceMode          
00000f55  ADC14_enableConversion                    
00000ecd  ADC14_enableInterrupt                     
00001071  ADC14_enableModule                        
00000e31  ADC14_enableSampleTimer                   
00000d45  ADC14_initModule                          
00000efd  ADC14_toggleConversionTrigger             
0000036f  AES256_IRQHandler                         
0000036f  BusFault_Handler                          
0000109d  C$$EXIT                                   
0000036f  COMP_E0_IRQHandler                        
0000036f  COMP_E1_IRQHandler                        
0000107d  CPU_cpsie                                 
00001095  CPU_wfi                                   
0000036f  CS_IRQHandler                             
00000e65  CS_setDCOCenteredFrequency                
0000036f  DMA_ERR_IRQHandler                        
0000036f  DMA_INT0_IRQHandler                       
0000036f  DMA_INT1_IRQHandler                       
0000036f  DMA_INT2_IRQHandler                       
0000036f  DMA_INT3_IRQHandler                       
0000036f  DebugMon_Handler                          
0000036f  Default_Handler                           
0000036f  EUSCIA0_IRQHandler                        
0000036f  EUSCIA1_IRQHandler                        
0000036f  EUSCIA2_IRQHandler                        
0000036f  EUSCIA3_IRQHandler                        
0000036f  EUSCIB0_IRQHandler                        
0000036f  EUSCIB1_IRQHandler                        
0000036f  EUSCIB2_IRQHandler                        
0000036f  EUSCIB3_IRQHandler                        
0000036f  FLCTL_IRQHandler                          
0000036f  FPU_IRQHandler                            
00001021  FPU_enableLazyStacking                    
00000fe5  FPU_enableModule                          
00000a89  GPIO_setAsPeripheralModuleFunctionInputPin
0000036f  HardFault_Handler                         
00000b95  Interrupt_enableInterrupt                 
00001031  Interrupt_enableMaster                    
0000036f  MemManage_Handler                         
0000036f  NMI_Handler                               
0000036f  PCM_IRQHandler                            
00000c8d  PCM_getCoreVoltageLevel                   
00000ceb  PCM_getPowerMode                          
00000ffd  PCM_getPowerState                         
00000f7d  PCM_gotoLPM0                              
00000b11  PCM_gotoLPM3                              
00001041  PCM_gotoLPM4                              
00001051  PCM_setPowerMode                          
00001061  PCM_setPowerState                         
00000d99  PCM_shutdownDevice                        
0000036f  PORT1_IRQHandler                          
0000036f  PORT2_IRQHandler                          
0000036f  PORT3_IRQHandler                          
0000036f  PORT4_IRQHandler                          
0000036f  PORT5_IRQHandler                          
0000036f  PORT6_IRQHandler                          
0000036f  PSS_IRQHandler                            
0000036f  PendSV_Handler                            
0000036f  RTC_C_IRQHandler                          
00000f29  RTC_C_holdClock                           
00001089  Reset_Handler                             
0000036f  SVC_Handler                               
0000036f  SysTick_Handler                           
00000c15  SystemInit                                
0000036f  T32_INT1_IRQHandler                       
0000036f  T32_INT2_IRQHandler                       
0000036f  T32_INTC_IRQHandler                       
0000036f  TA0_0_IRQHandler                          
0000036f  TA0_N_IRQHandler                          
0000036f  TA1_0_IRQHandler                          
0000036f  TA1_N_IRQHandler                          
0000036f  TA2_0_IRQHandler                          
0000036f  TA2_N_IRQHandler                          
0000036f  TA3_0_IRQHandler                          
0000036f  TA3_N_IRQHandler                          
0000036f  UsageFault_Handler                        
4000480c  WDTCTL_SYM                                
0000036f  WDT_A_IRQHandler                          
00000fa5  WDT_A_holdTimer                           
20010000  __STACK_END                               
00000200  __STACK_SIZE                              
00001164  __TI_CINIT_Base                           
0000116c  __TI_CINIT_Limit                          
00001160  __TI_Handler_Table_Base                   
00001164  __TI_Handler_Table_Limit                  
00000ded  __TI_auto_init_nobinit_nopinit            
ffffffff  __TI_pprof_out_hndl                       
ffffffff  __TI_prof_data_size                       
ffffffff  __TI_prof_data_start                      
00000000  __TI_static_base__                        
00000fc9  __TI_zero_init_nomemset                   
ffffffff  __binit__                                 
ffffffff  __c_args__                                
UNDEFED   __mpu_init                                
2000fe00  __stack                                   
20000000  __start___llvm_prf_cnts                   
20000000  __stop___llvm_prf_cnts                    
00000e99  _c_int00_noargs                           
UNDEFED   _system_post_cinit                        
00001099  _system_pre_init                          
0000109d  abort                                     
ffffffff  binit                                     
00000000  interruptVectors                          
0000062d  main                                      


GLOBAL SYMBOLS: SORTED BY Symbol Address 

address   name                                      
-------   ----                                      
00000000  __TI_static_base__                        
00000000  interruptVectors                          
00000200  __STACK_SIZE                              
0000036f  AES256_IRQHandler                         
0000036f  BusFault_Handler                          
0000036f  COMP_E0_IRQHandler                        
0000036f  COMP_E1_IRQHandler                        
0000036f  CS_IRQHandler                             
0000036f  DMA_ERR_IRQHandler                        
0000036f  DMA_INT0_IRQHandler                       
0000036f  DMA_INT1_IRQHandler                       
0000036f  DMA_INT2_IRQHandler                       
0000036f  DMA_INT3_IRQHandler                       
0000036f  DebugMon_Handler                          
0000036f  Default_Handler                           
0000036f  EUSCIA0_IRQHandler                        
0000036f  EUSCIA1_IRQHandler                        
0000036f  EUSCIA2_IRQHandler                        
0000036f  EUSCIA3_IRQHandler                        
0000036f  EUSCIB0_IRQHandler                        
0000036f  EUSCIB1_IRQHandler                        
0000036f  EUSCIB2_IRQHandler                        
0000036f  EUSCIB3_IRQHandler                        
0000036f  FLCTL_IRQHandler                          
0000036f  FPU_IRQHandler                            
0000036f  HardFault_Handler                         
0000036f  MemManage_Handler                         
0000036f  NMI_Handler                               
0000036f  PCM_IRQHandler                            
0000036f  PORT1_IRQHandler                          
0000036f  PORT2_IRQHandler                          
0000036f  PORT3_IRQHandler                          
0000036f  PORT4_IRQHandler                          
0000036f  PORT5_IRQHandler                          
0000036f  PORT6_IRQHandler                          
0000036f  PSS_IRQHandler                            
0000036f  PendSV_Handler                            
0000036f  RTC_C_IRQHandler                          
0000036f  SVC_Handler                               
0000036f  SysTick_Handler                           
0000036f  T32_INT1_IRQHandler                       
0000036f  T32_INT2_IRQHandler                       
0000036f  T32_INTC_IRQHandler                       
0000036f  TA0_0_IRQHandler                          
0000036f  TA0_N_IRQHandler                          
0000036f  TA1_0_IRQHandler                          
0000036f  TA1_N_IRQHandler                          
0000036f  TA2_0_IRQHandler                          
0000036f  TA2_N_IRQHandler                          
0000036f  TA3_0_IRQHandler                          
0000036f  TA3_N_IRQHandler                          
0000036f  UsageFault_Handler                        
0000036f  WDT_A_IRQHandler                          
0000062d  main                                      
00000861  ADC14_IRQHandler                          
00000861  ADC14_IRQHandler                          
00000921  ADC14_configureConversionMemory           
000009d5  ADC14_configureMultiSequenceMode          
00000a89  GPIO_setAsPeripheralModuleFunctionInputPin
00000b11  PCM_gotoLPM3                              
00000b95  Interrupt_enableInterrupt                 
00000c15  SystemInit                                
00000c8d  PCM_getCoreVoltageLevel                   
00000ceb  PCM_getPowerMode                          
00000d45  ADC14_initModule                          
00000d99  PCM_shutdownDevice                        
00000ded  __TI_auto_init_nobinit_nopinit            
00000e31  ADC14_enableSampleTimer                   
00000e65  CS_setDCOCenteredFrequency                
00000e99  _c_int00_noargs                           
00000ecd  ADC14_enableInterrupt                     
00000efd  ADC14_toggleConversionTrigger             
00000f29  RTC_C_holdClock                           
00000f55  ADC14_enableConversion                    
00000f7d  PCM_gotoLPM0                              
00000fa5  WDT_A_holdTimer                           
00000fc9  __TI_zero_init_nomemset                   
00000fe5  FPU_enableModule                          
00000ffd  PCM_getPowerState                         
00001021  FPU_enableLazyStacking                    
00001031  Interrupt_enableMaster                    
00001041  PCM_gotoLPM4                              
00001051  PCM_setPowerMode                          
00001061  PCM_setPowerState                         
00001071  ADC14_enableModule                        
0000107d  CPU_cpsie                                 
00001089  Reset_Handler                             
00001095  CPU_wfi                                   
00001099  _system_pre_init                          
0000109d  C$$EXIT                                   
0000109d  abort                                     
00001160  __TI_Handler_Table_Base                   
00001164  __TI_CINIT_Base                           
00001164  __TI_Handler_Table_Limit                  
0000116c  __TI_CINIT_Limit                          
20000000  __start___llvm_prf_cnts                   
20000000  __stop___llvm_prf_cnts                    
2000fe00  __stack                                   
20010000  __STACK_END                               
4000480c  WDTCTL_SYM                                
ffffffff  __TI_pprof_out_hndl                       
ffffffff  __TI_prof_data_size                       
ffffffff  __TI_prof_data_start                      
ffffffff  __binit__                                 
ffffffff  __c_args__                                
ffffffff  binit                                     
UNDEFED   __mpu_init                                
UNDEFED   _system_post_cinit                        

[108 symbols]
